******************************************************************************
            TI ARM Clang Linker PC v2.1.2                      
******************************************************************************
>> Linked Thu May 25 10:37:25 2023

OUTPUT FILE NAME:   <enet_cpsw_tcpserver_am263x-lp_r5fss0-1_freertos_ti-arm-clang.out>
ENTRY POINT SYMBOL: "_vectors"  address: 00000000


MEMORY CONFIGURATION

         name            origin    length      used     unused   attr    fill
----------------------  --------  ---------  --------  --------  ----  --------
  R5F_VECS              00000000   00000040  00000040  00000000  RWIX
  R5F_TCMA0             00000040   00003fc0  00000000  00003fc0  RWIX
  R5F_TCMA1             00004000   00002000  00000000  00002000  RWIX
  R5F_TCMA2             00006000   00002000  00000000  00002000  RWIX
  R5F_TCMB1             00080000   00004000  00000000  00004000  RWIX
  R5F_TCMB2             00084000   00004000  00000000  00004000  RWIX
  FLASH                 60100000   00080000  00000000  00080000  RWIX
  LOG_SHM_MEM           70040000   00004000  00000000  00004000  RWIX
  CPPI_DESC             70080000   00004000  00000a00  00003600  RWIX
  OCRAM                 70084000   0017c000  000ae430  000cdbd0  RWIX
  RTOS_NORTOS_IPC_SHM_M 72000000   00003e80  000008c0  000035c0  RWIX


SEGMENT ALLOCATION MAP

run origin  load origin   length   init length attrs members
----------  ----------- ---------- ----------- ----- -------
00000000    00000000    00000040   00000040    r-x
  00000000    00000000    00000040   00000040    r-x .vectors
70084000    70084000    00066ce0   00066ce0    r-x
  70084000    70084000    00050690   00050690    r-x .text
  700d4690    700d4690    00016650   00016650    r-- .rodata
700eace0    700eace0    0003b3d0   00000000    rw-
  700eace0    700eace0    00030f00   00000000    rw- .bss
  7011bbe0    7011bbe0    000084d0   00000000    rw- .sysmem
  701240b0    701240b0    00002000   00000000    rw- .stack
701260b0    701260b0    00005ac8   00005ac8    rw-
  701260b0    701260b0    00005ac8   00005ac8    rw- .data
7012fb80    7012fb80    000028b8   000014b8    r-x
  7012fb80    7012fb80    00000c10   00000c10    r-x .text.hwi
  70130790    70130790    000004a0   000004a0    r-x .text.cache
  70130c30    70130c30    000002c0   000002c0    r-x .text.mpu
  70130ef0    70130ef0    00000140   00000140    r-x .text.boot
  70131030    70131030    00000008   00000008    r-x .text:abort
  70131038    70131038    00000100   00000000    r-- .irqstack
  70131138    70131138    00000100   00000000    r-- .fiqstack
  70131238    70131238    00001000   00000000    r-- .svcstack
  70132238    70132238    00000100   00000000    r-- .abortstack
  70132338    70132338    00000100   00000000    r-- .undefinedstack


SECTION ALLOCATION MAP

 output                                  attributes/
section   page    origin      length       input sections
--------  ----  ----------  ----------   ----------------
.vectors   0    00000000    00000040     
                  00000000    00000040     freertos.am263x.r5f.ti-arm-clang.debug.lib : HwiP_armv7r_vectors_freertos_asm.obj (.vectors)

.text      0    70084000    00050690     
                  70084000    000011e2     lwip-freertos.am263x.r5f.ti-arm-clang.debug.lib : tcp_in.obj (.text.tcp_receive)
                  700851e2    00000002     --HOLE-- [fill = 0]
                  700851e4    00000fe8     libc.a : _printfi.c.obj (.text:__TI_printfi)
                  700861cc    00000004            : _lock.c.obj (.text._nop)
                  700861d0    00000c38     lwip-freertos.am263x.r5f.ti-arm-clang.debug.lib : tcp_in.obj (.text.tcp_input)
                  70086e08    00000004     libc.a : fseek.c.obj (.text.fseek)
                  70086e0c    00000004     libsysbm.a : remove.c.obj (.text.remove)
                  70086e10    00000b28     lwip-freertos.am263x.r5f.ti-arm-clang.debug.lib : tcp_out.obj (.text.tcp_write)
                  70087938    00000004     libclang_rt.builtins.a : aeabi_memcpy.S.obj (.text)
                  7008793c    00000004     --HOLE-- [fill = 0]
                  70087940    00000abe     enet-cpsw.am263x.r5f.ti-arm-clang.debug.lib : enet_cpdma.obj (.text.EnetCpdma_dequeueTx)
                  700883fe    00000002     --HOLE-- [fill = 0]
                  70088400    00000aa0     lwip-freertos.am263x.r5f.ti-arm-clang.debug.lib : tcp_in.obj (.text.tcp_process)
                  70088ea0    00000a34     freertos.am263x.r5f.ti-arm-clang.debug.lib : printf.obj (.text._vsnprintf)
                  700898d4    0000000c     libc.a : aeabi_portable.c.obj (.text.__aeabi_errno_addr)
                  700898e0    00000966     lwip-freertos.am263x.r5f.ti-arm-clang.debug.lib : dhcp.obj (.text.dhcp_parse_reply)
                  7008a246    0000000a     --HOLE-- [fill = 0]
                  7008a250    00000960                                                     : tcp.obj (.text.tcp_slowtmr)
                  7008abb0    000008ea     enet-cpsw.am263x.r5f.ti-arm-clang.debug.lib : enet_cpdma.obj (.text.EnetCpdma_dequeueRx)
                  7008b49a    00000006     --HOLE-- [fill = 0]
                  7008b4a0    0000063a     inverterPacket.o (.text.stringifyInverterPacket)
                  7008bada    00000006     --HOLE-- [fill = 0]
                  7008bae0    000005fc     enet-cpsw.am263x.r5f.ti-arm-clang.debug.lib : enet_cpdma.obj (.text.EnetCpdma_enqueueRx)
                  7008c0dc    00000004     --HOLE-- [fill = 0]
                  7008c0e0    000005ca                                                 : enet_osal.obj (.text.EnetOsal_init)
                  7008c6aa    00000006     --HOLE-- [fill = 0]
                  7008c6b0    0000056e     drivers.am263x.r5f.ti-arm-clang.debug.lib : soc_rcm.obj (.text.SOC_rcmGetClkSrcAndDivReg)
                  7008cc1e    00000002     --HOLE-- [fill = 0]
                  7008cc20    0000055a     lwip-freertos.am263x.r5f.ti-arm-clang.debug.lib : api_msg.obj (.text.lwip_netconn_do_writemore)
                  7008d17a    00000006     --HOLE-- [fill = 0]
                  7008d180    0000054c                                                     : ip4.obj (.text.ip4_input)
                  7008d6cc    00000004     --HOLE-- [fill = 0]
                  7008d6d0    00000546     drivers.am263x.r5f.ti-arm-clang.debug.lib : soc_rcm.obj (.text.SOC_rcmEnablePeripheralClock)
                  7008dc16    0000000a     --HOLE-- [fill = 0]
                  7008dc20    0000051e     freertos.am263x.r5f.ti-arm-clang.debug.lib : printf.obj (.text._ftoa)
                  7008e13e    00000002     --HOLE-- [fill = 0]
                  7008e140    00000516     enet-cpsw.am263x.r5f.ti-arm-clang.debug.lib : cpsw_ale.obj (.text.CpswAle_open)
                  7008e656    0000000a     --HOLE-- [fill = 0]
                  7008e660    0000050a     lwip-freertos.am263x.r5f.ti-arm-clang.debug.lib : icmp.obj (.text.icmp_input)
                  7008eb6a    00000006     --HOLE-- [fill = 0]
                  7008eb70    000004fe     enet-cpsw.am263x.r5f.ti-arm-clang.debug.lib : enet_cpdma.obj (.text.EnetCpdma_enqueueTx)
                  7008f06e    00000002     --HOLE-- [fill = 0]
                  7008f070    000004dc     lwip-freertos.am263x.r5f.ti-arm-clang.debug.lib : tcp_out.obj (.text.tcp_output)
                  7008f54c    00000004     --HOLE-- [fill = 0]
                  7008f550    000004cc     libc.a : strtod.c.obj (.text.strtod)
                  7008fa1c    00000004     --HOLE-- [fill = 0]
                  7008fa20    000004ae     lwip-freertos.am263x.r5f.ti-arm-clang.debug.lib : udp.obj (.text.udp_input)
                  7008fece    00000002     --HOLE-- [fill = 0]
                  7008fed0    0000048a                                                     : etharp.obj (.text.etharp_find_entry)
                  7009035a    00000006     --HOLE-- [fill = 0]
                  70090360    00000486                                                     : ip4_frag.obj (.text.ip4_reass)
                  700907e6    0000000a     --HOLE-- [fill = 0]
                  700907f0    00000482                                                     : api_msg.obj (.text.lwip_netconn_do_close_internal)
                  70090c72    00000002     --HOLE-- [fill = 0]
                  70090c74    0000000c     libc.a : memory.c.obj (.text.malloc)
                  70090c80    00000480     drivers.am263x.r5f.ti-arm-clang.debug.lib : i2c_v1.obj (.text.I2C_primeTransfer)
                  70091100    00000478     freertos.am263x.r5f.ti-arm-clang.debug.lib : printf.obj (.text._etoa)
                  70091578    00000008     --HOLE-- [fill = 0]
                  70091580    00000478     lwip-freertos.am263x.r5f.ti-arm-clang.debug.lib : udp.obj (.text.udp_sendto_if_src)
                  700919f8    00000008     --HOLE-- [fill = 0]
                  70091a00    00000450                                                     : etharp.obj (.text.etharp_query)
                  70091e50    00000436     enet-cpsw.am263x.r5f.ti-arm-clang.debug.lib : enet_rm.obj (.text.EnetRm_detachCore)
                  70092286    0000000a     --HOLE-- [fill = 0]
                  70092290    00000404                                                 : cpsw_macport.obj (.text.CpswMacPort_open)
                  70092694    0000000c     freertos.am263x.r5f.ti-arm-clang.debug.lib : CpuId_armv7r_asm.obj (.text)
                  700926a0    000003d4     enet-cpsw.am263x.r5f.ti-arm-clang.debug.lib : dp83869.obj (.text.Dp83869_printRegs)
                  70092a74    0000000c     --HOLE-- [fill = 0]
                  70092a80    000003c2     drivers.am263x.r5f.ti-arm-clang.debug.lib : soc.obj (.text.SOC_phyToVirt)
                  70092e42    0000000e     --HOLE-- [fill = 0]
                  70092e50    000003be     lwip-freertos.am263x.r5f.ti-arm-clang.debug.lib : ip4_frag.obj (.text.ip_reass_chain_frag_into_datagram_and_validate)
                  7009320e    00000002     --HOLE-- [fill = 0]
                  70093210    000003b0     enet-cpsw.am263x.r5f.ti-arm-clang.debug.lib : enet_rm.obj (.text.EnetRm_close)
                  700935c0    000003ac     lwip-freertos.am263x.r5f.ti-arm-clang.debug.lib : tcp_out.obj (.text.tcp_split_unsent_seg)
                  7009396c    00000004     --HOLE-- [fill = 0]
                  70093970    000003aa     enet-cpsw.am263x.r5f.ti-arm-clang.debug.lib : cpsw.obj (.text.Cpsw_registerIntrs)
                  70093d1a    00000006     --HOLE-- [fill = 0]
                  70093d20    000003a6     lwip-freertos.am263x.r5f.ti-arm-clang.debug.lib : ip4_frag.obj (.text.ip4_frag)
                  700940c6    0000000a     --HOLE-- [fill = 0]
                  700940d0    000003a4     enet-cpsw.am263x.r5f.ti-arm-clang.debug.lib : cpsw.obj (.text.Cpsw_open)
                  70094474    0000000c     --HOLE-- [fill = 0]
                  70094480    000003a4     drivers.am263x.r5f.ti-arm-clang.debug.lib : ipc_notify_v1.obj (.text.IpcNotify_init)
                  70094824    0000000c     --HOLE-- [fill = 0]
                  70094830    0000038c     enet-cpsw.am263x.r5f.ti-arm-clang.debug.lib : cpsw.obj (.text.Cpsw_openInternal)
                  70094bbc    00000004     --HOLE-- [fill = 0]
                  70094bc0    0000037a                                                 : cpsw.obj (.text.Cpsw_handleLinkDown)
                  70094f3a    00000006     --HOLE-- [fill = 0]
                  70094f40    00000370     drivers.am263x.r5f.ti-arm-clang.debug.lib : i2c_v1.obj (.text.I2C_open)
                  700952b0    0000036a     enet-cpsw.am263x.r5f.ti-arm-clang.debug.lib : enet_appmemutils.obj (.text.EnetMem_initCore)
                  7009561a    00000006     --HOLE-- [fill = 0]
                  70095620    00000354                                                 : mdio.obj (.text.Mdio_open)
                  70095974    0000000c     --HOLE-- [fill = 0]
                  70095980    00000348                                                 : cpsw_ioctl.obj (.text.Cpsw_openPortLinkNoPhy)
                  70095cc8    00000008     --HOLE-- [fill = 0]
                  70095cd0    0000033c     drivers.am263x.r5f.ti-arm-clang.debug.lib : i2c_v1.obj (.text.I2C_hwiFxnTarget)
                  7009600c    00000004     --HOLE-- [fill = 0]
                  70096010    00000326     lwip-freertos.am263x.r5f.ti-arm-clang.debug.lib : ip4.obj (.text.ip4_output_if_opt_src)
                  70096336    0000000a     --HOLE-- [fill = 0]
                  70096340    0000031e                                                     : tcp_out.obj (.text.tcp_enqueue_flags)
                  7009665e    00000002     --HOLE-- [fill = 0]
                  70096660    000002f8                                                     : pbuf.obj (.text.pbuf_alloc)
                  70096958    00000008     --HOLE-- [fill = 0]
                  70096960    000002f2     drivers.am263x.r5f.ti-arm-clang.debug.lib : soc.obj (.text.SOC_virtToPhy)
                  70096c52    0000000e     --HOLE-- [fill = 0]
                  70096c60    000002ee     lwip-freertos.am263x.r5f.ti-arm-clang.debug.lib : netif.obj (.text.netif_add)
                  70096f4e    00000002     --HOLE-- [fill = 0]
                  70096f50    000002e6     enet-cpsw.am263x.r5f.ti-arm-clang.debug.lib : csl_cpsw.obj (.text.CSL_CPSW_setPortRxDscpMap)
                  70097236    0000000a     --HOLE-- [fill = 0]
                  70097240    000002dc     lwip-freertos.am263x.r5f.ti-arm-clang.debug.lib : etharp.obj (.text.etharp_output)
                  7009751c    00000004     --HOLE-- [fill = 0]
                  70097520    000002d8     enet-cpsw.am263x.r5f.ti-arm-clang.debug.lib : cpsw.obj (.text.Cpsw_periodicTick)
                  700977f8    00000008     --HOLE-- [fill = 0]
                  70097800    000002d2     lwip-freertos.am263x.r5f.ti-arm-clang.debug.lib : api_msg.obj (.text.lwip_netconn_do_delconn)
                  70097ad2    0000000e     --HOLE-- [fill = 0]
                  70097ae0    000002be     enet-cpsw.am263x.r5f.ti-arm-clang.debug.lib : cpsw.obj (.text.Cpsw_registerIoctlHandler)
                  70097d9e    00000002     --HOLE-- [fill = 0]
                  70097da0    000002bc     lwip-freertos.am263x.r5f.ti-arm-clang.debug.lib : tcp_out.obj (.text.tcp_output_segment)
                  7009805c    00000004     --HOLE-- [fill = 0]
                  70098060    000002ba                                                     : pbuf.obj (.text.pbuf_copy)
                  7009831a    00000006     --HOLE-- [fill = 0]
                  70098320    000002b6     enet-cpsw.am263x.r5f.ti-arm-clang.debug.lib : cpsw.obj (.text.Cpsw_handleLinkUp)
                  700985d6    0000000a     --HOLE-- [fill = 0]
                  700985e0    000002a8                                                 : cpsw_ale.obj (.text.CpswAle_addVlan)
                  70098888    00000008     --HOLE-- [fill = 0]
                  70098890    0000029e     lwipif-cpsw-freertos.am263x.r5f.ti-arm-clang.debug.lib : lwip2enet.obj (.text.Lwip2Enet_open)
                  70098b2e    00000002     --HOLE-- [fill = 0]
                  70098b30    0000029c     drivers.am263x.r5f.ti-arm-clang.debug.lib : i2c_v1.obj (.text.I2C_hwiFxnController)
                  70098dcc    00000004     --HOLE-- [fill = 0]
                  70098dd0    0000029c     lwip-freertos.am263x.r5f.ti-arm-clang.debug.lib : tcp_in.obj (.text.tcp_listen_input)
                  7009906c    00000004     --HOLE-- [fill = 0]
                  70099070    00000296                                                     : tcp.obj (.text.tcp_close_shutdown)
                  70099306    0000000a     --HOLE-- [fill = 0]
                  70099310    00000294     enet-cpsw.am263x.r5f.ti-arm-clang.debug.lib : enet_cpdma.obj (.text.EnetCpdma_open)
                  700995a4    0000000c     --HOLE-- [fill = 0]
                  700995b0    0000028e                                                 : csl_cpsw.obj (.text.CSL_CPSW_setAlePolicerEntry)
                  7009983e    00000002     --HOLE-- [fill = 0]
                  70099840    0000028e                                                 : enet_appmemutils.obj (.text.EnetMem_deInit)
                  70099ace    00000002     --HOLE-- [fill = 0]
                  70099ad0    00000286                                                 : csl_cpsw.obj (.text.CSL_CPSW_getAlePolicerEntry)
                  70099d56    0000000a     --HOLE-- [fill = 0]
                  70099d60    00000286                                                 : cpsw.obj (.text.Cpsw_ioctl)
                  70099fe6    0000000a     --HOLE-- [fill = 0]
                  70099ff0    00000282                                                 : cpsw_ale.obj (.text.CpswAle_findVlan)
                  7009a272    00000006     --HOLE-- [fill = 0]
                  7009a278    00000278     libc.a : _printfi.c.obj (.text._pconv_a)
                  7009a4f0    00000276     drivers.am263x.r5f.ti-arm-clang.debug.lib : uart_v0.obj (.text.UART_open)
                  7009a766    0000000a     --HOLE-- [fill = 0]
                  7009a770    00000276     lwip-freertos.am263x.r5f.ti-arm-clang.debug.lib : dhcp.obj (.text.dhcp_select)
                  7009a9e6    0000000a     --HOLE-- [fill = 0]
                  7009a9f0    00000266                                                     : api_msg.obj (.text.err_tcp)
                  7009ac56    0000000a     --HOLE-- [fill = 0]
                  7009ac60    0000025e     enet-cpsw.am263x.r5f.ti-arm-clang.debug.lib : cpsw_est_ioctl.obj (.text.CpswEst_ioctl_handler_ENET_TAS_IOCTL_SET_STATE)
                  7009aebe    00000002     --HOLE-- [fill = 0]
                  7009aec0    0000025a     lwip-freertos.am263x.r5f.ti-arm-clang.debug.lib : ip4_frag.obj (.text.ip_reass_free_complete_datagram)
                  7009b11a    00000006     --HOLE-- [fill = 0]
                  7009b120    00000254                                                     : igmp.obj (.text.igmp_input)
                  7009b374    0000000c     --HOLE-- [fill = 0]
                  7009b380    00000254                                                     : api_lib.obj (.text.netconn_recv_data)
                  7009b5d4    0000000c     --HOLE-- [fill = 0]
                  7009b5e0    00000248                                                     : dhcp.obj (.text.dhcp_bind)
                  7009b828    00000008     --HOLE-- [fill = 0]
                  7009b830    00000246                                                     : dns.obj (.text.dns_send)
                  7009ba76    0000000a     --HOLE-- [fill = 0]
                  7009ba80    00000242     drivers.am263x.r5f.ti-arm-clang.debug.lib : uart_v0.obj (.text.UART_fifoConfig)
                  7009bcc2    0000000e     --HOLE-- [fill = 0]
                  7009bcd0    00000242     lwip-freertos.am263x.r5f.ti-arm-clang.debug.lib : dhcp.obj (.text.dhcp_create_msg)
                  7009bf12    0000000e     --HOLE-- [fill = 0]
                  7009bf20    00000240     drivers.am263x.r5f.ti-arm-clang.debug.lib : uart_v0.obj (.text.UART_controllerIsr)
                  7009c160    0000023e     enet-cpsw.am263x.r5f.ti-arm-clang.debug.lib : cpsw_cpts_ioctl.obj (.text.CpswCpts_handleEvents)
                  7009c39e    00000002     --HOLE-- [fill = 0]
                  7009c3a0    0000023e                                                 : enetphy.obj (.text.EnetPhy_enableState)
                  7009c5de    00000002     --HOLE-- [fill = 0]
                  7009c5e0    0000023e     freertos.am263x.r5f.ti-arm-clang.debug.lib : printf.obj (.text._ntoa_format)
                  7009c81e    00000002     --HOLE-- [fill = 0]
                  7009c820    0000023e     lwip-freertos.am263x.r5f.ti-arm-clang.debug.lib : tcp.obj (.text.tcp_listen_with_backlog_and_err)
                  7009ca5e    00000002     --HOLE-- [fill = 0]
                  7009ca60    00000236     freertos.am263x.r5f.ti-arm-clang.debug.lib : queue.obj (.text.xQueueSemaphoreTake)
                  7009cc96    00000002     --HOLE-- [fill = 0]
                  7009cc98    00000230     libc.a : _printfi.c.obj (.text._pconv_g)
                  7009cec8    00000008     --HOLE-- [fill = 0]
                  7009ced0    0000022c     ti_enet_open_close.o (.text.EnetApp_enablePorts)
                  7009d0fc    00000004     --HOLE-- [fill = 0]
                  7009d100    0000022c     enet-cpsw.am263x.r5f.ti-arm-clang.debug.lib : enet_cpdma_priv.obj (.text.EnetCpdma_memMgrInit)
                  7009d32c    00000004     --HOLE-- [fill = 0]
                  7009d330    00000220                                                 : enet_cpdma.obj (.text.EnetDma_closeTxCh)
                  7009d550    00000220                                                 : enet_rm_ioctl.obj (.text.EnetRm_allocMacAddr)
                  7009d770    00000220     freertos.am263x.r5f.ti-arm-clang.debug.lib : queue.obj (.text.xQueueGenericSend)
                  7009d990    0000021c     lwip-freertos.am263x.r5f.ti-arm-clang.debug.lib : api_lib.obj (.text.netconn_write_vectors_partly)
                  7009dbac    00000004     --HOLE-- [fill = 0]
                  7009dbb0    00000212                                                     : pbuf.obj (.text.pbuf_take)
                  7009ddc2    0000000e     --HOLE-- [fill = 0]
                  7009ddd0    00000210     enet-cpsw.am263x.r5f.ti-arm-clang.debug.lib : enet_appmemutils.obj (.text.EnetMem_allocEthPkt)
                  7009dfe0    00000210     lwip-freertos.am263x.r5f.ti-arm-clang.debug.lib : tcp.obj (.text.tcp_abandon)
                  7009e1f0    0000020c     lwipif-cpsw-freertos.am263x.r5f.ti-arm-clang.debug.lib : lwip2enet.obj (.text.Lwip2Enet_prepRxPktQ)
                  7009e3fc    00000004     --HOLE-- [fill = 0]
                  7009e400    0000020a     lwip-freertos.am263x.r5f.ti-arm-clang.debug.lib : tcp.obj (.text.tcp_pcb_remove)
                  7009e60a    00000006     --HOLE-- [fill = 0]
                  7009e610    00000206     enet-cpsw.am263x.r5f.ti-arm-clang.debug.lib : enet_cpdma.obj (.text.EnetDma_closeRxCh)
                  7009e816    0000000a     --HOLE-- [fill = 0]
                  7009e820    00000206     lwip-freertos.am263x.r5f.ti-arm-clang.debug.lib : dhcp.obj (.text.dhcp_recv)
                  7009ea26    0000000a     --HOLE-- [fill = 0]
                  7009ea30    00000200     enet-cpsw.am263x.r5f.ti-arm-clang.debug.lib : enetphy.obj (.text.EnetPhy_bindDriver)
                  7009ec30    000001fe                                                 : cpsw_stats_ioctl.obj (.text.CpswStats_readHostStats)
                  7009ee2e    00000002     --HOLE-- [fill = 0]
                  7009ee30    000001fe     lwip-freertos.am263x.r5f.ti-arm-clang.debug.lib : pbuf.obj (.text.pbuf_free)
                  7009f02e    00000002     --HOLE-- [fill = 0]
                  7009f030    000001fc     enet-cpsw.am263x.r5f.ti-arm-clang.debug.lib : cpsw_ioctl.obj (.text.Cpsw_openPortLink)
                  7009f22c    00000004     --HOLE-- [fill = 0]
                  7009f230    000001fa     lwipif-cpsw-freertos.am263x.r5f.ti-arm-clang.debug.lib : lwip2lwipif.obj (.text.LWIPIF_LWIP_getChkSumInfo)
                  7009f42a    00000006     --HOLE-- [fill = 0]
                  7009f430    000001f8     enet-cpsw.am263x.r5f.ti-arm-clang.debug.lib : cpsw_ioctl.obj (.text.Cpsw_openPortLinkWithPhy)
                  7009f628    00000008     --HOLE-- [fill = 0]
                  7009f630    000001f2                                                 : cpsw_hostport.obj (.text.CpswHostPort_open)
                  7009f822    0000000e     --HOLE-- [fill = 0]
                  7009f830    000001e8     lwip-freertos.am263x.r5f.ti-arm-clang.debug.lib : api_msg.obj (.text.recv_tcp)
                  7009fa18    00000008     --HOLE-- [fill = 0]
                  7009fa20    000001e0     enet-cpsw.am263x.r5f.ti-arm-clang.debug.lib : cpsw_stats_ioctl.obj (.text.CpswStats_readMacStats)
                  7009fc00    000001e0     drivers.am263x.r5f.ti-arm-clang.debug.lib : uart_v0.obj (.text.UART_write)
                  7009fde0    000001da     enet-cpsw.am263x.r5f.ti-arm-clang.debug.lib : enet.obj (.text.Enet_validateIoctl)
                  7009ffba    00000006     --HOLE-- [fill = 0]
                  7009ffc0    000001d8                                                 : cpsw_macport_ioctl.obj (.text.CpswMacPort_enablePort)
                  700a0198    00000008     --HOLE-- [fill = 0]
                  700a01a0    000001d8     freertos.am263x.r5f.ti-arm-clang.debug.lib : queue.obj (.text.xQueueReceive)
                  700a0378    00000008     --HOLE-- [fill = 0]
                  700a0380    000001d4                                                : TimerP_rti.obj (.text.TimerP_setup)
                  700a0554    0000000c     --HOLE-- [fill = 0]
                  700a0560    000001d2     enet-cpsw.am263x.r5f.ti-arm-clang.debug.lib : cpsw_stats.obj (.text.CpswStats_open)
                  700a0732    0000000e     --HOLE-- [fill = 0]
                  700a0740    000001d0     lwip-freertos.am263x.r5f.ti-arm-clang.debug.lib : api_msg.obj (.text.lwip_netconn_do_write)
                  700a0910    000001d0                                                     : api_msg.obj (.text.recv_udp)
                  700a0ae0    000001d0     libclang_rt.builtins.a : udivsi3.S.obj (.text)
                  700a0cb0    000001ce     ti_enet_lwipif.o (.text.LwipifEnetAppCb_getRxHandleInfo)
                  700a0e7e    00000002     --HOLE-- [fill = 0]
                  700a0e80    000001c8     lwip-freertos.am263x.r5f.ti-arm-clang.debug.lib : etharp.obj (.text.etharp_raw)
                  700a1048    00000008     --HOLE-- [fill = 0]
                  700a1050    000001c6     enet-cpsw.am263x.r5f.ti-arm-clang.debug.lib : enet_rm_ioctl.obj (.text.EnetRm_allocTxChNum)
                  700a1216    0000000a     --HOLE-- [fill = 0]
                  700a1220    000001c6     lwip-freertos.am263x.r5f.ti-arm-clang.debug.lib : tcp_out.obj (.text.tcp_create_segment)
                  700a13e6    0000000a     --HOLE-- [fill = 0]
                  700a13f0    000001c2     enet-cpsw.am263x.r5f.ti-arm-clang.debug.lib : enet.obj (.text.Enet_validateGenericIoctl)
                  700a15b2    0000000e     --HOLE-- [fill = 0]
                  700a15c0    000001c0     lwip-freertos.am263x.r5f.ti-arm-clang.debug.lib : tcp.obj (.text.tcp_bind)
                  700a1780    000001bc                                                     : api_msg.obj (.text.lwip_netconn_do_listen)
                  700a193c    00000004     --HOLE-- [fill = 0]
                  700a1940    000001ba                                                     : udp.obj (.text.udp_sendto)
                  700a1afa    00000006     --HOLE-- [fill = 0]
                  700a1b00    000001b8     enet-cpsw.am263x.r5f.ti-arm-clang.debug.lib : cpsw_cpts.obj (.text.CpswCpts_open)
                  700a1cb8    000001b8     libc.a : memory.c.obj (.text.aligned_alloc)
                  700a1e70    000001b8            : memory.c.obj (.text.free)
                  700a2028    00000008     --HOLE-- [fill = 0]
                  700a2030    000001b6     freertos.am263x.r5f.ti-arm-clang.debug.lib : timers.obj (.text.prvProcessReceivedCommands)
                  700a21e6    0000000a     --HOLE-- [fill = 0]
                  700a21f0    000001b4     lwip-freertos.am263x.r5f.ti-arm-clang.debug.lib : tcp_out.obj (.text.tcp_write_checks)
                  700a23a4    0000000c     --HOLE-- [fill = 0]
                  700a23b0    000001b0     enet-cpsw.am263x.r5f.ti-arm-clang.debug.lib : cpsw_ale.obj (.text.CpswAle_delPolicerEntry)
                  700a2560    000001b0     lwip-freertos.am263x.r5f.ti-arm-clang.debug.lib : dns.obj (.text.dns_call_found)
                  700a2710    000001b0                                                     : tcp_out.obj (.text.tcp_pbuf_prealloc)
                  700a28c0    000001ae     ti_enet_open_close.o (.text.EnetApp_ConfigureDscpMapping)
                  700a2a6e    00000002     --HOLE-- [fill = 0]
                  700a2a70    000001ac     freertos.am263x.r5f.ti-arm-clang.debug.lib : TaskP_freertos.obj (.text.TaskP_construct)
                  700a2c1c    00000004     --HOLE-- [fill = 0]
                  700a2c20    000001aa     enet-cpsw.am263x.r5f.ti-arm-clang.debug.lib : mdio_ioctl.obj (.text.Mdio_readRegC45)
                  700a2dca    00000006     --HOLE-- [fill = 0]
                  700a2dd0    000001aa     lwip-freertos.am263x.r5f.ti-arm-clang.debug.lib : mem.obj (.text.mem_free)
                  700a2f7a    00000006     --HOLE-- [fill = 0]
                  700a2f80    000001a8     enet-cpsw.am263x.r5f.ti-arm-clang.debug.lib : enet_appmemutils.obj (.text.EnetDma_checkPktState)
                  700a3128    00000008     --HOLE-- [fill = 0]
                  700a3130    000001a8     lwipif-cpsw-freertos.am263x.r5f.ti-arm-clang.debug.lib : custom_pbuf.obj (.text.EnetDma_checkPktState)
                  700a32d8    00000008     --HOLE-- [fill = 0]
                  700a32e0    000001a8                                                            : lwip2enet.obj (.text.EnetDma_checkPktState)
                  700a3488    00000008     --HOLE-- [fill = 0]
                  700a3490    000001a6     enet-cpsw.am263x.r5f.ti-arm-clang.debug.lib : enetphy.obj (.text.EnetPhy_open)
                  700a3636    0000000a     --HOLE-- [fill = 0]
                  700a3640    000001a6     lwip-freertos.am263x.r5f.ti-arm-clang.debug.lib : api_msg.obj (.text.accept_function)
                  700a37e6    0000000a     --HOLE-- [fill = 0]
                  700a37f0    000001a6                                                     : udp.obj (.text.udp_sendto_if)
                  700a3996    0000000a     --HOLE-- [fill = 0]
                  700a39a0    000001a6     freertos.am263x.r5f.ti-arm-clang.debug.lib : tasks.obj (.text.xTaskIncrementTick)
                  700a3b46    00000002     --HOLE-- [fill = 0]
                  700a3b48    000001a4     libc.a : fputs.c.obj (.text.fputs)
                  700a3cec    00000004     --HOLE-- [fill = 0]
                  700a3cf0    000001a2     lwip-freertos.am263x.r5f.ti-arm-clang.debug.lib : api_msg.obj (.text.lwip_netconn_do_close)
                  700a3e92    0000000e     --HOLE-- [fill = 0]
                  700a3ea0    000001a2                                                     : api_lib.obj (.text.netconn_new_with_proto_and_callback)
                  700a4042    0000000e     --HOLE-- [fill = 0]
                  700a4050    0000019e     enet-cpsw.am263x.r5f.ti-arm-clang.debug.lib : cpsw_ale_ioctl.obj (.text.CpswAle_addMcastAddr)
                  700a41ee    00000002     --HOLE-- [fill = 0]
                  700a41f0    0000019e     lwip-freertos.am263x.r5f.ti-arm-clang.debug.lib : udp.obj (.text.udp_bind)
                  700a438e    00000002     --HOLE-- [fill = 0]
                  700a4390    0000019a                                                     : dns.obj (.text.dns_check_entry)
                  700a452a    00000006     --HOLE-- [fill = 0]
                  700a4530    00000198                                                     : pbuf.obj (.text.pbuf_realloc)
                  700a46c8    00000008     --HOLE-- [fill = 0]
                  700a46d0    00000196                                                     : dhcp.obj (.text.dhcp_reboot)
                  700a4866    0000000a     --HOLE-- [fill = 0]
                  700a4870    00000196                                                     : etharp.obj (.text.etharp_input)
                  700a4a06    0000000a     --HOLE-- [fill = 0]
                  700a4a10    00000196                                                     : tcp_out.obj (.text.tcp_zero_window_probe)
                  700a4ba6    0000000a     --HOLE-- [fill = 0]
                  700a4bb0    00000194                                                     : dhcp.obj (.text.dhcp_start)
                  700a4d44    0000000c     --HOLE-- [fill = 0]
                  700a4d50    00000192                                                     : ethernet.obj (.text.ethernet_input)
                  700a4ee2    0000000e     --HOLE-- [fill = 0]
                  700a4ef0    00000190     drivers.am263x.r5f.ti-arm-clang.debug.lib : uart_v0.obj (.text.UART_close)
                  700a5080    00000190     lwip-freertos.am263x.r5f.ti-arm-clang.debug.lib : etharp.obj (.text.etharp_update_arp_entry)
                  700a5210    0000018e     app_cpswconfighandler.o (.text.EnetApp_initLinkArgs)
                  700a539e    00000002     --HOLE-- [fill = 0]
                  700a53a0    0000018e     drivers.am263x.r5f.ti-arm-clang.debug.lib : i2c_v1.obj (.text.I2C_transfer)
                  700a552e    00000002     --HOLE-- [fill = 0]
                  700a5530    0000018e     lwip-freertos.am263x.r5f.ti-arm-clang.debug.lib : api_lib.obj (.text.netconn_accept)
                  700a56be    00000002     --HOLE-- [fill = 0]
                  700a56c0    0000018a                                                     : pbuf.obj (.text.pbuf_copy_partial)
                  700a584a    00000006     --HOLE-- [fill = 0]
                  700a5850    00000186                                                     : tcp.obj (.text.tcp_alloc)
                  700a59d6    0000000a     --HOLE-- [fill = 0]
                  700a59e0    00000184     enet-cpsw.am263x.r5f.ti-arm-clang.debug.lib : cpsw_ale.obj (.text.CpswAle_setAleCfg)
                  700a5b64    0000000c     --HOLE-- [fill = 0]
                  700a5b70    00000184     drivers.am263x.r5f.ti-arm-clang.debug.lib : ipc_rpmsg.obj (.text.RPMessage_send)
                  700a5cf4    0000000c     --HOLE-- [fill = 0]
                  700a5d00    00000184     freertos.am263x.r5f.ti-arm-clang.debug.lib : tasks.obj (.text.vTaskSwitchContext)
                  700a5e84    0000000c     --HOLE-- [fill = 0]
                  700a5e90    00000182                                                : ClockP_freertos_r5.obj (.text.ClockP_init)
                  700a6012    0000000e     --HOLE-- [fill = 0]
                  700a6020    00000182     enet-cpsw.am263x.r5f.ti-arm-clang.debug.lib : cpsw_macport_est.obj (.text.CpswEst_setState)
                  700a61a2    0000000e     --HOLE-- [fill = 0]
                  700a61b0    00000182     drivers.am263x.r5f.ti-arm-clang.debug.lib : ipc_rpmsg_vring.obj (.text.RPMessage_vringResetInternal)
                  700a6332    0000000e     --HOLE-- [fill = 0]
                  700a6340    00000182     freertos.am263x.r5f.ti-arm-clang.debug.lib : queue.obj (.text.xQueueGenericSendFromISR)
                  700a64c2    0000000e     --HOLE-- [fill = 0]
                  700a64d0    0000017c     enet-cpsw.am263x.r5f.ti-arm-clang.debug.lib : enet_rm.obj (.text.EnetRm_initRxObj)
                  700a664c    00000004     --HOLE-- [fill = 0]
                  700a6650    0000017a     drivers.am263x.r5f.ti-arm-clang.debug.lib : ipc_rpmsg.obj (.text.RPMessage_init)
                  700a67ca    00000006     --HOLE-- [fill = 0]
                  700a67d0    00000178     lwip-freertos.am263x.r5f.ti-arm-clang.debug.lib : sys_arch.obj (.text.sys_arch_mbox_fetch)
                  700a6948    00000008     --HOLE-- [fill = 0]
                  700a6950    00000178     freertos.am263x.r5f.ti-arm-clang.debug.lib : tasks.obj (.text.xTaskResumeAll)
                  700a6ac8    00000008     --HOLE-- [fill = 0]
                  700a6ad0    00000176     enet-cpsw.am263x.r5f.ti-arm-clang.debug.lib : dp83869.obj (.text.Dp83869_config)
                  700a6c46    0000000a     --HOLE-- [fill = 0]
                  700a6c50    00000176     ti_enet_open_close.o (.text.EnetApp_driverOpen)
                  700a6dc6    0000000a     --HOLE-- [fill = 0]
                  700a6dd0    00000176     lwip-freertos.am263x.r5f.ti-arm-clang.debug.lib : dhcp.obj (.text.dhcp_discover)
                  700a6f46    0000000a     --HOLE-- [fill = 0]
                  700a6f50    00000176                                                     : sys_arch.obj (.text.sys_sem_new)
                  700a70c6    0000000a     --HOLE-- [fill = 0]
                  700a70d0    00000174                                                     : api_lib.obj (.text.netconn_recv)
                  700a7244    0000000c     --HOLE-- [fill = 0]
                  700a7250    00000172     board.am263x.r5f.ti-arm-clang.debug.lib : eeprom_cat24m.obj (.text.EEPROM_CAT24M_write)
                  700a73c2    0000000e     --HOLE-- [fill = 0]
                  700a73d0    00000172     lwip-freertos.am263x.r5f.ti-arm-clang.debug.lib : ip4.obj (.text.ip4_route)
                  700a7542    0000000e     --HOLE-- [fill = 0]
                  700a7550    0000016e     ti_board_config.o (.text.EnetBoard_getMacAddrList)
                  700a76be    00000002     --HOLE-- [fill = 0]
                  700a76c0    0000016e     drivers.am263x.r5f.ti-arm-clang.debug.lib : ipc_rpmsg.obj (.text.RPMessage_recv)
                  700a782e    00000002     --HOLE-- [fill = 0]
                  700a7830    0000016c     lwip-freertos.am263x.r5f.ti-arm-clang.debug.lib : etharp.obj (.text.etharp_output_to_arp_index)
                  700a799c    00000004     --HOLE-- [fill = 0]
                  700a79a0    0000016a     enet-cpsw.am263x.r5f.ti-arm-clang.debug.lib : enet_cpdma.obj (.text.EnetDma_openRxCh)
                  700a7b0a    00000006     --HOLE-- [fill = 0]
                  700a7b10    0000016a     drivers.am263x.r5f.ti-arm-clang.debug.lib : uart_v0.obj (.text.UART_configInstance)
                  700a7c7a    00000006     --HOLE-- [fill = 0]
                  700a7c80    00000166     lwip-freertos.am263x.r5f.ti-arm-clang.debug.lib : mem.obj (.text.mem_malloc)
                  700a7de6    0000000a     --HOLE-- [fill = 0]
                  700a7df0    00000166                                                     : tcp_in.obj (.text.tcp_parseopt)
                  700a7f56    0000000a     --HOLE-- [fill = 0]
                  700a7f60    00000164     enet-cpsw.am263x.r5f.ti-arm-clang.debug.lib : enet_phymdio_dflt.obj (.text.EnetPhyMdioDflt_writeC45)
                  700a80c4    0000000c     --HOLE-- [fill = 0]
                  700a80d0    00000164                                                 : enet_rm.obj (.text.EnetRm_open)
                  700a8234    0000000c     --HOLE-- [fill = 0]
                  700a8240    00000160                                                 : csl_cpsw.obj (.text.CSL_CPSW_setAlePortControlReg)
                  700a83a0    00000160                                                 : cpsw_hostport.obj (.text.CpswHostPort_ioctl)
                  700a8500    00000160                                                 : cpsw_stats.obj (.text.CpswStats_ioctl)
                  700a8660    00000160                                                 : enet_rm.obj (.text.EnetRm_initMacObj)
                  700a87c0    00000160     lwip-freertos.am263x.r5f.ti-arm-clang.debug.lib : inet_chksum.obj (.text.inet_cksum_pseudo_partial_base)
                  700a8920    00000160                                                     : sys_arch.obj (.text.sys_arch_sem_wait)
                  700a8a80    0000015e     enet-cpsw.am263x.r5f.ti-arm-clang.debug.lib : enet_phymdio_dflt.obj (.text.EnetPhyMdioDflt_readC45)
                  700a8bde    00000002     --HOLE-- [fill = 0]
                  700a8be0    0000015e     lwip-freertos.am263x.r5f.ti-arm-clang.debug.lib : dhcp.obj (.text.dhcp_renew)
                  700a8d3e    00000002     --HOLE-- [fill = 0]
                  700a8d40    0000015e                                                     : tcp_in.obj (.text.tcp_free_acked_segments)
                  700a8e9e    00000002     --HOLE-- [fill = 0]
                  700a8ea0    0000015c                                                     : dhcp.obj (.text.dhcp_rebind)
                  700a8ffc    00000004     --HOLE-- [fill = 0]
                  700a9000    0000015a     enet-cpsw.am263x.r5f.ti-arm-clang.debug.lib : enet_cpdma.obj (.text.EnetCpdma_netChOpen)
                  700a915a    00000006     --HOLE-- [fill = 0]
                  700a9160    00000158                                                 : cpsw_ale.obj (.text.CpswAle_initCfg)
                  700a92b8    00000008     --HOLE-- [fill = 0]
                  700a92c0    00000158     drivers.am263x.r5f.ti-arm-clang.debug.lib : soc.obj (.text.SOC_controlModuleUnlockMMR)
                  700a9418    00000008     --HOLE-- [fill = 0]
                  700a9420    00000158     lwip-freertos.am263x.r5f.ti-arm-clang.debug.lib : etharp.obj (.text.etharp_tmr)
                  700a9578    00000008     --HOLE-- [fill = 0]
                  700a9580    00000158                                                     : raw.obj (.text.raw_input)
                  700a96d8    00000008     --HOLE-- [fill = 0]
                  700a96e0    00000158                                                     : udp.obj (.text.udp_connect)
                  700a9838    00000008     --HOLE-- [fill = 0]
                  700a9840    00000158     freertos.am263x.r5f.ti-arm-clang.debug.lib : queue.obj (.text.xQueueGiveFromISR)
                  700a9998    00000008     --HOLE-- [fill = 0]
                  700a99a0    00000154     enet-cpsw.am263x.r5f.ti-arm-clang.debug.lib : enet_phymdio_dflt.obj (.text.EnetPhyMdioDflt_writeC22)
                  700a9af4    0000000c     --HOLE-- [fill = 0]
                  700a9b00    00000152     drivers.am263x.r5f.ti-arm-clang.debug.lib : ipc_notify_v1.obj (.text.IpcNotify_isr)
                  700a9c52    0000000e     --HOLE-- [fill = 0]
                  700a9c60    00000152     lwip-freertos.am263x.r5f.ti-arm-clang.debug.lib : icmp.obj (.text.icmp_send_response)
                  700a9db2    0000000e     --HOLE-- [fill = 0]
                  700a9dc0    00000150     enet-cpsw.am263x.r5f.ti-arm-clang.debug.lib : enet_rm.obj (.text.EnetRm_delCoreAttached)
                  700a9f10    00000150     drivers.am263x.r5f.ti-arm-clang.debug.lib : uart_v0.obj (.text.UART_procLineStatusErr)
                  700aa060    00000150     lwip-freertos.am263x.r5f.ti-arm-clang.debug.lib : dhcp.obj (.text.dhcp_handle_ack)
                  700aa1b0    0000014e     enet-cpsw.am263x.r5f.ti-arm-clang.debug.lib : enet_cpdma.obj (.text.EnetDma_retrieveRxPktQ)
                  700aa2fe    00000002     --HOLE-- [fill = 0]
                  700aa300    0000014e     lwip-freertos.am263x.r5f.ti-arm-clang.debug.lib : ip4.obj (.text.ip4_forward)
                  700aa44e    00000002     --HOLE-- [fill = 0]
                  700aa450    0000014e                                                     : api_lib.obj (.text.netconn_recv_data_tcp)
                  700aa59e    00000002     --HOLE-- [fill = 0]
                  700aa5a0    0000014e                                                     : sys_arch.obj (.text.sys_arch_unprotect)
                  700aa6ee    00000002     --HOLE-- [fill = 0]
                  700aa6f0    0000014c     enet-cpsw.am263x.r5f.ti-arm-clang.debug.lib : enet_phymdio_dflt.obj (.text.EnetPhyMdioDflt_readC22)
                  700aa83c    00000004     --HOLE-- [fill = 0]
                  700aa840    0000014c     freertos.am263x.r5f.ti-arm-clang.debug.lib : tasks.obj (.text.vTaskPriorityDisinheritAfterTimeout)
                  700aa98c    00000004     --HOLE-- [fill = 0]
                  700aa990    0000014a     enet-cpsw.am263x.r5f.ti-arm-clang.debug.lib : enet_cpdma.obj (.text.EnetCpdma_txIsr)
                  700aaada    00000006     --HOLE-- [fill = 0]
                  700aaae0    0000014a     lwip-freertos.am263x.r5f.ti-arm-clang.debug.lib : api_msg.obj (.text.pcb_new)
                  700aac2a    00000006     --HOLE-- [fill = 0]
                  700aac30    0000014a     freertos.am263x.r5f.ti-arm-clang.debug.lib : tasks.obj (.text.prvInitialiseNewTask)
                  700aad7a    00000006     --HOLE-- [fill = 0]
                  700aad80    0000014a                                                : queue.obj (.text.xQueueGenericCreateStatic)
                  700aaeca    00000006     --HOLE-- [fill = 0]
                  700aaed0    00000148     enet-cpsw.am263x.r5f.ti-arm-clang.debug.lib : enet_cpdma.obj (.text.EnetCpdma_rxIsrProc)
                  700ab018    00000148     libc.a : _printfi.c.obj (.text.fcvt)
                  700ab160    00000148     lwip-freertos.am263x.r5f.ti-arm-clang.debug.lib : tcp_in.obj (.text.tcp_timewait_input)
                  700ab2a8    00000008     --HOLE-- [fill = 0]
                  700ab2b0    00000146     enet-cpsw.am263x.r5f.ti-arm-clang.debug.lib : enet_cpdma.obj (.text.EnetDma_retrieveTxPktQ)
                  700ab3f6    0000000a     --HOLE-- [fill = 0]
                  700ab400    00000146                                                 : enet_cpdma.obj (.text.EnetDma_submitTxPktQ)
                  700ab546    0000000a     --HOLE-- [fill = 0]
                  700ab550    00000146                                                 : mdio.obj (.text.Mdio_ioctl)
                  700ab696    0000000a     --HOLE-- [fill = 0]
                  700ab6a0    00000146     lwip-freertos.am263x.r5f.ti-arm-clang.debug.lib : udp.obj (.text.udp_input_local_match)
                  700ab7e6    00000002     --HOLE-- [fill = 0]
                  700ab7e8    00000144     libc.a : setvbuf.c.obj (.text.setvbuf)
                  700ab92c    00000004     --HOLE-- [fill = 0]
                  700ab930    00000144     lwip-freertos.am263x.r5f.ti-arm-clang.debug.lib : tcp.obj (.text.tcp_close_shutdown_fin)
                  700aba74    0000000c     --HOLE-- [fill = 0]
                  700aba80    00000142     enet-cpsw.am263x.r5f.ti-arm-clang.debug.lib : cpsw_ale_ioctl.obj (.text.CpswAle_delPortUcastEntries)
                  700abbc2    0000000e     --HOLE-- [fill = 0]
                  700abbd0    00000142                                                 : cpsw_ioctl.obj (.text.Cpsw_closePortLink)
                  700abd12    0000000e     --HOLE-- [fill = 0]
                  700abd20    00000142                                                 : enet_cpdma.obj (.text.EnetDma_openTxCh)
                  700abe62    0000000e     --HOLE-- [fill = 0]
                  700abe70    00000142     lwip-freertos.am263x.r5f.ti-arm-clang.debug.lib : igmp.obj (.text.igmp_lookup_group)
                  700abfb2    0000000e     --HOLE-- [fill = 0]
                  700abfc0    00000140     lwipif-cpsw-freertos.am263x.r5f.ti-arm-clang.debug.lib : lwip2enet.obj (.text.Lwip2Enet_periodicFxn)
                  700ac100    00000140     ti_enet_lwipif.o (.text.LwipifEnetApp_createPollTask)
                  700ac240    00000140     libc.a : s_scalbn.c.obj (.text.scalbn)
                  700ac380    0000013e     enet-cpsw.am263x.r5f.ti-arm-clang.debug.lib : csl_cpsw_ale_9g_tblcfg.obj (.text.CSL_CPSW_setAleVlanUnicastAddrEntry)
                  700ac4be    00000002     --HOLE-- [fill = 0]
                  700ac4c0    0000013e     lwip-freertos.am263x.r5f.ti-arm-clang.debug.lib : tcp.obj (.text.tcp_process_refused_data)
                  700ac5fe    00000002     --HOLE-- [fill = 0]
                  700ac600    0000013c     enet-cpsw.am263x.r5f.ti-arm-clang.debug.lib : enet_cpdma.obj (.text.EnetDma_submitRxPktQ)
                  700ac73c    00000004     --HOLE-- [fill = 0]
                  700ac740    0000013a                                                 : enet.obj (.text.Enet_ioctl)
                  700ac87a    00000006     --HOLE-- [fill = 0]
                  700ac880    0000013a     lwipif-cpsw-freertos.am263x.r5f.ti-arm-clang.debug.lib : custom_pbuf.obj (.text.custom_pbuf_free)
                  700ac9ba    00000006     --HOLE-- [fill = 0]
                  700ac9c0    00000138     enet-cpsw.am263x.r5f.ti-arm-clang.debug.lib : enet_osal_dflt.obj (.text.EnetOsalDflt_registerIntr)
                  700acaf8    00000008     --HOLE-- [fill = 0]
                  700acb00    00000138     freertos.am263x.r5f.ti-arm-clang.debug.lib : printf.obj (.text._ntoa_long_long)
                  700acc38    00000138     libc.a : _printfi.c.obj (.text._pconv_e)
                  700acd70    00000138     lwip-freertos.am263x.r5f.ti-arm-clang.debug.lib : tcp_out.obj (.text.tcp_rst)
                  700acea8    00000008     --HOLE-- [fill = 0]
                  700aceb0    00000136     enet-cpsw.am263x.r5f.ti-arm-clang.debug.lib : enet_appmemutils.obj (.text.EnetMem_initMemObjs)
                  700acfe6    0000000a     --HOLE-- [fill = 0]
                  700acff0    00000136                                                 : enet_phymdio_dflt.obj (.text.EnetPhyMdioDflt_isAlive)
                  700ad126    0000000a     --HOLE-- [fill = 0]
                  700ad130    00000136                                                 : enet_phymdio_dflt.obj (.text.EnetPhyMdioDflt_isLinked)
                  700ad266    0000000a     --HOLE-- [fill = 0]
                  700ad270    00000136     lwip-freertos.am263x.r5f.ti-arm-clang.debug.lib : tcp_in.obj (.text.tcp_oos_insert_segment)
                  700ad3a6    0000000a     --HOLE-- [fill = 0]
                  700ad3b0    00000134     enet-cpsw.am263x.r5f.ti-arm-clang.debug.lib : cpsw.obj (.text.Cpsw_dmaMiscIsr)
                  700ad4e4    0000000c     --HOLE-- [fill = 0]
                  700ad4f0    00000134     lwipif-cpsw-freertos.am263x.r5f.ti-arm-clang.debug.lib : lwip2enet.obj (.text.Lwip2Enet_initRxObj)
                  700ad624    0000000c     --HOLE-- [fill = 0]
                  700ad630    00000134     drivers.am263x.r5f.ti-arm-clang.debug.lib : ipc_rpmsg_vring.obj (.text.RPMessage_vringReset)
                  700ad764    0000000c     --HOLE-- [fill = 0]
                  700ad770    00000134     freertos.am263x.r5f.ti-arm-clang.debug.lib : queue.obj (.text.xQueueReceiveFromISR)
                  700ad8a4    0000000c     --HOLE-- [fill = 0]
                  700ad8b0    00000132     enet-cpsw.am263x.r5f.ti-arm-clang.debug.lib : csl_cpsw_ale_9g_tblcfg.obj (.text.CSL_CPSW_setAleVlanMcastAddrEntry)
                  700ad9e2    0000000e     --HOLE-- [fill = 0]
                  700ad9f0    00000130                                                 : csl_cpsw_ale_9g_tblcfg.obj (.text.CSL_CPSW_setAleUnicastAddrEntry)
                  700adb20    00000130     ti_enet_open_close.o (.text.EnetApp_driverClose)
                  700adc50    00000130     enet-cpsw.am263x.r5f.ti-arm-clang.debug.lib : enet.obj (.text.EnetMod_open)
                  700add80    00000130                                                 : enet.obj (.text.EnetPer_open)
                  700adeb0    0000012e     lwip-freertos.am263x.r5f.ti-arm-clang.debug.lib : igmp.obj (.text.igmp_send)
                  700adfde    00000002     --HOLE-- [fill = 0]
                  700adfe0    0000012c     lwipif-cpsw-freertos.am263x.r5f.ti-arm-clang.debug.lib : lwip2enet.obj (.text.Lwip2Enet_initTxObj)
                  700ae10c    00000004     --HOLE-- [fill = 0]
                  700ae110    0000012a     enet-cpsw.am263x.r5f.ti-arm-clang.debug.lib : enet_utils.obj (.text.EnetUtils_macToPhyMii)
                  700ae23a    00000006     --HOLE-- [fill = 0]
                  700ae240    0000012a     app_tcpserver.o (.text.getEndpointID)
                  700ae36a    00000006     --HOLE-- [fill = 0]
                  700ae370    0000012a     lwip-freertos.am263x.r5f.ti-arm-clang.debug.lib : netif.obj (.text.netif_set_addr)
                  700ae49a    00000006     --HOLE-- [fill = 0]
                  700ae4a0    00000128     enet-cpsw.am263x.r5f.ti-arm-clang.debug.lib : cpsw.obj (.text.Cpsw_initCfg)
                  700ae5c8    00000008     --HOLE-- [fill = 0]
                  700ae5d0    00000128     freertos.am263x.r5f.ti-arm-clang.debug.lib : port.obj (.text.pxPortInitialiseStack)
                  700ae6f8    00000008     --HOLE-- [fill = 0]
                  700ae700    00000126     enet-cpsw.am263x.r5f.ti-arm-clang.debug.lib : cpsw_macport.obj (.text.CpswMacPort_ioctl)
                  700ae826    0000000a     --HOLE-- [fill = 0]
                  700ae830    00000126     drivers.am263x.r5f.ti-arm-clang.debug.lib : soc.obj (.text.SOC_controlModuleLockMMR)
                  700ae956    0000000a     --HOLE-- [fill = 0]
                  700ae960    00000126     lwip-freertos.am263x.r5f.ti-arm-clang.debug.lib : dhcp.obj (.text.dhcp_release_and_stop)
                  700aea86    0000000a     --HOLE-- [fill = 0]
                  700aea90    00000126                                                     : pbuf.obj (.text.pbuf_take_at)
                  700aebb6    0000000a     --HOLE-- [fill = 0]
                  700aebc0    00000126                                                     : timeouts.obj (.text.sys_timeout_abs)
                  700aece6    0000000a     --HOLE-- [fill = 0]
                  700aecf0    00000126                                                     : tcp_out.obj (.text.tcp_rexmit)
                  700aee16    0000000a     --HOLE-- [fill = 0]
                  700aee20    00000124     enet-cpsw.am263x.r5f.ti-arm-clang.debug.lib : csl_cpsw_ale_9g_tblcfg.obj (.text.CSL_CPSW_setAleMcastAddrEntry)
                  700aef44    0000000c     --HOLE-- [fill = 0]
                  700aef50    00000124                                                 : cpsw_ale.obj (.text.CpswAle_setIoctlHandlerFxn)
                  700af074    0000000c     --HOLE-- [fill = 0]
                  700af080    00000124                                                 : cpsw_cpts.obj (.text.CpswCpts_setIoctlHandlerFxn)
                  700af1a4    0000000c     --HOLE-- [fill = 0]
                  700af1b0    00000124                                                 : cpsw_hostport.obj (.text.CpswHostPort_setIoctlHandlerFxn)
                  700af2d4    0000000c     --HOLE-- [fill = 0]
                  700af2e0    00000124                                                 : cpsw_macport_est.obj (.text.CpswMacPortEst_setIoctlHandlerFxn)
                  700af404    0000000c     --HOLE-- [fill = 0]
                  700af410    00000124                                                 : cpsw_macport.obj (.text.CpswMacPort_setIoctlHandlerFxn)
                  700af534    0000000c     --HOLE-- [fill = 0]
                  700af540    00000124                                                 : cpsw_stats.obj (.text.CpswStats_setIoctlHandlerFxn)
                  700af664    0000000c     --HOLE-- [fill = 0]
                  700af670    00000124                                                 : cpsw.obj (.text.Cpsw_setIoctlHandlerFxn)
                  700af794    0000000c     --HOLE-- [fill = 0]
                  700af7a0    00000124                                                 : enet_phymdio_dflt.obj (.text.EnetPhyMdioDflt_setIoctlHandlerFxn)
                  700af8c4    0000000c     --HOLE-- [fill = 0]
                  700af8d0    00000124                                                 : enet_rm.obj (.text.EnetRm_setIoctlHandlerFxn)
                  700af9f4    0000000c     --HOLE-- [fill = 0]
                  700afa00    00000124                                                 : mdio.obj (.text.Mdio_setIoctlHandlerFxn)
                  700afb24    0000000c     --HOLE-- [fill = 0]
                  700afb30    00000122                                                 : cpsw_ale_ioctl.obj (.text.CpswAle_addUcastAddr)
                  700afc52    0000000e     --HOLE-- [fill = 0]
                  700afc60    00000122                                                 : enet_cpdmautils.obj (.text.EnetAppUtils_isDescCached)
                  700afd82    0000000e     --HOLE-- [fill = 0]
                  700afd90    00000122                                                 : mdio_manual_ioctl.obj (.text.Mdio_manualModePhyRegValReadC45)
                  700afeb2    0000000e     --HOLE-- [fill = 0]
                  700afec0    00000122     lwip-freertos.am263x.r5f.ti-arm-clang.debug.lib : api_msg.obj (.text.netconn_alloc)
                  700affe2    0000000e     --HOLE-- [fill = 0]
                  700afff0    00000120     enet-cpsw.am263x.r5f.ti-arm-clang.debug.lib : cpsw_est.obj (.text.CpswEst_setIoctlHandlerFxn)
                  700b0110    00000120                                                 : enet_rm_ioctl.obj (.text.EnetRm_allocInternalRxFlowIdx)
                  700b0230    0000011e     drivers.am263x.r5f.ti-arm-clang.debug.lib : ipc_rpmsg.obj (.text.RPMessage_recvHandler)
                  700b034e    00000002     --HOLE-- [fill = 0]
                  700b0350    0000011e     lwip-freertos.am263x.r5f.ti-arm-clang.debug.lib : pbuf.obj (.text.pbuf_add_header_impl)
                  700b046e    00000002     --HOLE-- [fill = 0]
                  700b0470    0000011e                                                     : pbuf.obj (.text.pbuf_cat)
                  700b058e    00000002     --HOLE-- [fill = 0]
                  700b0590    0000011c     enet-cpsw.am263x.r5f.ti-arm-clang.debug.lib : csl_cpsw_ale_9g_tblcfg.obj (.text.CSL_CPSW_setAleVlanEntry)
                  700b06ac    00000004     --HOLE-- [fill = 0]
                  700b06b0    0000011c                                                 : enet_cpdma.obj (.text.EnetCpdma_setSOPInfo)
                  700b07cc    00000004     --HOLE-- [fill = 0]
                  700b07d0    0000011c                                                 : enet_queue.obj (.text.EnetQueue_append)
                  700b08ec    00000004     --HOLE-- [fill = 0]
                  700b08f0    0000011c                                                 : enet_utils.obj (.text.EnetUtils_delayNs)
                  700b0a0c    00000004     --HOLE-- [fill = 0]
                  700b0a10    0000011c                                                 : mdio_ioctl.obj (.text.Mdio_writeRegC45)
                  700b0b2c    00000004     --HOLE-- [fill = 0]
                  700b0b30    0000011c     drivers.am263x.r5f.ti-arm-clang.debug.lib : soc_rcm.obj (.text.SOC_rcmGetPeripheralClockFrequency)
                  700b0c4c    00000004     --HOLE-- [fill = 0]
                  700b0c50    0000011c     lwip-freertos.am263x.r5f.ti-arm-clang.debug.lib : api_msg.obj (.text.recv_raw)
                  700b0d6c    00000004     --HOLE-- [fill = 0]
                  700b0d70    0000011c                                                     : tcp_out.obj (.text.tcp_rexmit_rto_prepare)
                  700b0e8c    00000004     --HOLE-- [fill = 0]
                  700b0e90    0000011a     enet-cpsw.am263x.r5f.ti-arm-clang.debug.lib : csl_cpsw_ale_9g_tblcfg.obj (.text.CSL_CPSW_setAleOutVlanEntry)
                  700b0faa    00000006     --HOLE-- [fill = 0]
                  700b0fb0    0000011a                                                 : enetphy.obj (.text.EnetPhy_resetWaitState)
                  700b10ca    00000006     --HOLE-- [fill = 0]
                  700b10d0    0000011a                                                 : enetphy.obj (.text.EnetPhy_setupManual)
                  700b11ea    00000006     --HOLE-- [fill = 0]
                  700b11f0    0000011a     freertos.am263x.r5f.ti-arm-clang.debug.lib : tasks.obj (.text.eTaskGetState)
                  700b130a    00000006     --HOLE-- [fill = 0]
                  700b1310    00000118     enet-cpsw.am263x.r5f.ti-arm-clang.debug.lib : enet_cpdma.obj (.text.EnetCpdma_initRxChannel)
                  700b1428    00000008     --HOLE-- [fill = 0]
                  700b1430    00000118                                                 : enetphy.obj (.text.EnetPhy_setupNway)
                  700b1548    00000008     --HOLE-- [fill = 0]
                  700b1550    00000118     ti_enet_lwipif.o (.text.LwipifEnetAppCb_getEnetLwipIfInstInfo)
                  700b1668    00000008     --HOLE-- [fill = 0]
                  700b1670    00000118     freertos.am263x.r5f.ti-arm-clang.debug.lib : TaskP_freertos.obj (.text.TaskP_loadUpdateAll)
                  700b1788    00000008     --HOLE-- [fill = 0]
                  700b1790    00000118     lwip-freertos.am263x.r5f.ti-arm-clang.debug.lib : sys_arch.obj (.text.sys_mbox_trypost)
                  700b18a8    00000008     --HOLE-- [fill = 0]
                  700b18b0    00000118                                                     : tcp.obj (.text.tcp_update_rcv_ann_wnd)
                  700b19c8    00000118     libclang_rt.builtins.a : udivmoddi4.S.obj (.text)
                  700b1ae0    00000116     enet-cpsw.am263x.r5f.ti-arm-clang.debug.lib : mdio_ioctl.obj (.text.Mdio_handleIntr)
                  700b1bf6    0000000a     --HOLE-- [fill = 0]
                  700b1c00    00000116                                                 : mdio_manual_ioctl.obj (.text.Mdio_manualModePhyRegRead22)
                  700b1d16    0000000a     --HOLE-- [fill = 0]
                  700b1d20    00000116     drivers.am263x.r5f.ti-arm-clang.debug.lib : uart_v0.obj (.text.UART_divisorLatchWrite)
                  700b1e36    0000000a     --HOLE-- [fill = 0]
                  700b1e40    00000116     lwip-freertos.am263x.r5f.ti-arm-clang.debug.lib : netbuf.obj (.text.netbuf_data)
                  700b1f56    0000000a     --HOLE-- [fill = 0]
                  700b1f60    00000116                                                     : sys_arch.obj (.text.sys_mbox_free)
                  700b2076    0000000a     --HOLE-- [fill = 0]
                  700b2080    00000114     freertos.am263x.r5f.ti-arm-clang.debug.lib : printf.obj (.text._ntoa_long)
                  700b2194    0000000c     --HOLE-- [fill = 0]
                  700b21a0    00000112     lwip-freertos.am263x.r5f.ti-arm-clang.debug.lib : sys_arch.obj (.text.sys_arch_mbox_tryfetch)
                  700b22b2    0000000e     --HOLE-- [fill = 0]
                  700b22c0    00000110     enet-cpsw.am263x.r5f.ti-arm-clang.debug.lib : cpsw_ale.obj (.text.CpswAle_ioctl)
                  700b23d0    00000110                                                 : cpsw_cpts.obj (.text.CpswCpts_ioctl)
                  700b24e0    00000110                                                 : enet_rm.obj (.text.EnetRm_validateResPartInfo)
                  700b25f0    0000010e     drivers.am263x.r5f.ti-arm-clang.debug.lib : soc_rcm.obj (.text.SOC_rcmADPLLJGetFOut)
                  700b26fe    00000002     --HOLE-- [fill = 0]
                  700b2700    0000010e     app_main.o (.text.appMain)
                  700b280e    00000002     --HOLE-- [fill = 0]
                  700b2810    0000010e     freertos.am263x.r5f.ti-arm-clang.debug.lib : tasks.obj (.text.prvAddNewTaskToReadyList)
                  700b291e    00000002     --HOLE-- [fill = 0]
                  700b2920    0000010e     lwip-freertos.am263x.r5f.ti-arm-clang.debug.lib : tcp.obj (.text.tcp_recved)
                  700b2a2e    00000002     --HOLE-- [fill = 0]
                  700b2a30    0000010e     freertos.am263x.r5f.ti-arm-clang.debug.lib : tasks.obj (.text.xTaskPriorityInherit)
                  700b2b3e    00000002     --HOLE-- [fill = 0]
                  700b2b40    0000010c     enet-cpsw.am263x.r5f.ti-arm-clang.debug.lib : enet_cpdma.obj (.text.EnetCpdma_initTxChannel)
                  700b2c4c    00000004     --HOLE-- [fill = 0]
                  700b2c50    0000010c                                                 : enetphy.obj (.text.EnetPhy_rmwReg)
                  700b2d5c    00000004     --HOLE-- [fill = 0]
                  700b2d60    0000010c     lwip-freertos.am263x.r5f.ti-arm-clang.debug.lib : sys_arch.obj (.text.sys_arch_protect)
                  700b2e6c    00000004     --HOLE-- [fill = 0]
                  700b2e70    0000010c                                                     : tcp_out.obj (.text.tcp_output_control_segment)
                  700b2f7c    00000004     --HOLE-- [fill = 0]
                  700b2f80    0000010a     enet-cpsw.am263x.r5f.ti-arm-clang.debug.lib : csl_cpsw.obj (.text.CSL_CPSW_setCpswControlReg)
                  700b308a    00000006     --HOLE-- [fill = 0]
                  700b3090    0000010a                                                 : enet_rm.obj (.text.EnetRm_initTxObj)
                  700b319a    00000006     --HOLE-- [fill = 0]
                  700b31a0    0000010a     freertos.am263x.r5f.ti-arm-clang.debug.lib : tasks.obj (.text.vTaskDelete)
                  700b32aa    00000006     --HOLE-- [fill = 0]
                  700b32b0    00000108     lwip-freertos.am263x.r5f.ti-arm-clang.debug.lib : sys_arch.obj (.text.sys_mbox_new)
                  700b33b8    00000008     --HOLE-- [fill = 0]
                  700b33c0    00000108                                                     : tcp_out.obj (.text.tcp_output_alloc_header_common)
                  700b34c8    00000008     --HOLE-- [fill = 0]
                  700b34d0    00000106     drivers.am263x.r5f.ti-arm-clang.debug.lib : ipc_notify_v1.obj (.text.IpcNotify_sendMsg)
                  700b35d6    0000000a     --HOLE-- [fill = 0]
                  700b35e0    00000106     lwip-freertos.am263x.r5f.ti-arm-clang.debug.lib : pbuf.obj (.text.pbuf_remove_header)
                  700b36e6    0000000a     --HOLE-- [fill = 0]
                  700b36f0    00000104     enet-cpsw.am263x.r5f.ti-arm-clang.debug.lib : csl_cpsw.obj (.text.CSL_CPSW_setPortEstConfig)
                  700b37f4    0000000c     --HOLE-- [fill = 0]
                  700b3800    00000104     lwip-freertos.am263x.r5f.ti-arm-clang.debug.lib : dhcp.obj (.text.dhcp_decline)
                  700b3904    0000000c     --HOLE-- [fill = 0]
                  700b3910    00000102     enet-cpsw.am263x.r5f.ti-arm-clang.debug.lib : cpsw_cpts_ioctl.obj (.text.CpswCpts_ioctl_handler_CPSW_CPTS_IOCTL_SET_ESTF)
                  700b3a12    0000000e     --HOLE-- [fill = 0]
                  700b3a20    00000102     lwip-freertos.am263x.r5f.ti-arm-clang.debug.lib : ip4_addr.obj (.text.ip4addr_ntoa_r)
                  700b3b22    0000000e     --HOLE-- [fill = 0]
                  700b3b30    00000102                                                     : api_msg.obj (.text.netconn_free)
                  700b3c32    0000000e     --HOLE-- [fill = 0]
                  700b3c40    00000102                                                     : netif.obj (.text.netif_do_set_ipaddr)
                  700b3d42    0000000e     --HOLE-- [fill = 0]
                  700b3d50    00000100     enet-cpsw.am263x.r5f.ti-arm-clang.debug.lib : enetphy.obj (.text.EnetPhy_getId)
                  700b3e50    00000100                                                 : enet_rm.obj (.text.EnetRm_ioctl)
                  700b3f50    00000100     freertos.am263x.r5f.ti-arm-clang.debug.lib : tasks.obj (.text.xTaskPriorityDisinherit)
                  700b4050    000000fe     enet-cpsw.am263x.r5f.ti-arm-clang.debug.lib : cpsw_stats.obj (.text.CpswStats_resetMacStats)
                  700b414e    00000002     --HOLE-- [fill = 0]
                  700b4150    000000fe     lwip-freertos.am263x.r5f.ti-arm-clang.debug.lib : api_msg.obj (.text.poll_tcp)
                  700b424e    00000002     --HOLE-- [fill = 0]
                  700b4250    000000fe                                                     : tcp_out.obj (.text.tcp_send_empty_ack)
                  700b434e    00000002     --HOLE-- [fill = 0]
                  700b4350    000000fe     freertos.am263x.r5f.ti-arm-clang.debug.lib : queue.obj (.text.xQueueGenericCreate)
                  700b444e    00000002     --HOLE-- [fill = 0]
                  700b4450    000000fc     ti_enet_open_close.o (.text.EnetAppUtils_openRxCh)
                  700b454c    00000004     --HOLE-- [fill = 0]
                  700b4550    000000fc     ti_enet_open_close.o (.text.EnetApp_createPhyStateHandlerTask)
                  700b464c    00000004     --HOLE-- [fill = 0]
                  700b4650    000000fc     enet-cpsw.am263x.r5f.ti-arm-clang.debug.lib : enet_osal_dflt.obj (.text.EnetOsalDflt_createMutex)
                  700b474c    00000004     --HOLE-- [fill = 0]
                  700b4750    000000fa                                                 : dp83869.obj (.text.Dp83869_setClkDelay)
                  700b484a    00000006     --HOLE-- [fill = 0]
                  700b4850    000000fa                                                 : enet_cpdma_priv.obj (.text.EnetCpdmaStats_updateNotifyStats)
                  700b494a    00000006     --HOLE-- [fill = 0]
                  700b4950    000000fa     lwipif-cpsw-freertos.am263x.r5f.ti-arm-clang.debug.lib : lwip2lwipif.obj (.text.LWIPIF_LWIP_UdpLiteValidateChkSum)
                  700b4a4a    00000006     --HOLE-- [fill = 0]
                  700b4a50    000000f8     enet-cpsw.am263x.r5f.ti-arm-clang.debug.lib : cpsw.obj (.text.Cpsw_ioctlInternal)
                  700b4b48    00000008     --HOLE-- [fill = 0]
                  700b4b50    000000f8                                                 : enetphy.obj (.text.EnetPhy_tick)
                  700b4c48    00000008     --HOLE-- [fill = 0]
                  700b4c50    000000f6                                                 : csl_cpts.obj (.text.CSL_CPTS_setCntlReg)
                  700b4d46    0000000a     --HOLE-- [fill = 0]
                  700b4d50    000000f6                                                 : cpsw.obj (.text.Cpsw_handleMdioLinkStateChange)
                  700b4e46    0000000a     --HOLE-- [fill = 0]
                  700b4e50    000000f6                                                 : cpsw_ioctl.obj (.text.Cpsw_internalIoctl_handler_ENET_PER_IOCTL_ATTACH_CORE)
                  700b4f46    0000000a     --HOLE-- [fill = 0]
                  700b4f50    000000f6     ti_board_config.o (.text.EnetBoard_setupPorts)
                  700b5046    0000000a     --HOLE-- [fill = 0]
                  700b5050    000000f6     enet-cpsw.am263x.r5f.ti-arm-clang.debug.lib : enet_queue.obj (.text.EnetQueue_enq)
                  700b5146    0000000a     --HOLE-- [fill = 0]
                  700b5150    000000f6     lwip-freertos.am263x.r5f.ti-arm-clang.debug.lib : ip4_frag.obj (.text.ip_reass_remove_oldest_datagram)
                  700b5246    0000000a     --HOLE-- [fill = 0]
                  700b5250    000000f4     enet-cpsw.am263x.r5f.ti-arm-clang.debug.lib : enet_apputils.obj (.text.EnetAppUtils_reduceCoreMacAllocation)
                  700b5344    0000000c     --HOLE-- [fill = 0]
                  700b5350    000000f4     ti_enet_open_close.o (.text.EnetApp_getRxDmaHandle)
                  700b5444    0000000c     --HOLE-- [fill = 0]
                  700b5450    000000f4     enet-cpsw.am263x.r5f.ti-arm-clang.debug.lib : enet.obj (.text.EnetPer_ioctl)
                  700b5544    0000000c     --HOLE-- [fill = 0]
                  700b5550    000000f4                                                 : enet.obj (.text.Enet_open)
                  700b5644    0000000c     --HOLE-- [fill = 0]
                  700b5650    000000f2                                                 : cpsw_macport.obj (.text.CpswMacPort_setSwitchTxSched)
                  700b5742    0000000e     --HOLE-- [fill = 0]
                  700b5750    000000f2                                                 : enetphy.obj (.text.EnetPhy_isPhyLinked)
                  700b5842    0000000e     --HOLE-- [fill = 0]
                  700b5850    000000f2                                                 : enet_queue.obj (.text.EnetQueue_verifyQCount)
                  700b5942    0000000e     --HOLE-- [fill = 0]
                  700b5950    000000f0     freertos.am263x.r5f.ti-arm-clang.debug.lib : ClockP_freertos.obj (.text.ClockP_construct)
                  700b5a40    000000f0     enet-cpsw.am263x.r5f.ti-arm-clang.debug.lib : enet.obj (.text.EnetMod_ioctl)
                  700b5b30    000000f0     lwip-freertos.am263x.r5f.ti-arm-clang.debug.lib : sys_arch.obj (.text.sys_sem_signal)
                  700b5c20    000000f0                                                     : tcp.obj (.text.tcp_shutdown)
                  700b5d10    000000ee                                                     : tcp_out.obj (.text.tcp_rexmit_fast)
                  700b5dfe    00000002     --HOLE-- [fill = 0]
                  700b5e00    000000ee     freertos.am263x.r5f.ti-arm-clang.debug.lib : tasks.obj (.text.vTaskStartScheduler)
                  700b5eee    00000002     --HOLE-- [fill = 0]
                  700b5ef0    000000ee                                                : tasks.obj (.text.xTaskCreateStatic)
                  700b5fde    00000002     --HOLE-- [fill = 0]
                  700b5fe0    000000ec     enet-cpsw.am263x.r5f.ti-arm-clang.debug.lib : cpsw_ioctl.obj (.text.Cpsw_internalIoctl_handler_ENET_PER_IOCTL_OPEN_PORT_LINK)
                  700b60cc    00000004     --HOLE-- [fill = 0]
                  700b60d0    000000ec                                                 : enet_rm_ioctl.obj (.text.EnetRm_addCoreAttached)
                  700b61bc    00000004     --HOLE-- [fill = 0]
                  700b61c0    000000ec     lwip-freertos.am263x.r5f.ti-arm-clang.debug.lib : tcp.obj (.text.tcp_pcb_purge)
                  700b62ac    00000004     --HOLE-- [fill = 0]
                  700b62b0    000000ea     enet-cpsw.am263x.r5f.ti-arm-clang.debug.lib : enetphy.obj (.text.EnetPhy_getManualCaps)
                  700b639a    00000006     --HOLE-- [fill = 0]
                  700b63a0    000000e8                                                 : enet_apputils.obj (.text.EnetAppUtils_initResourceConfig)
                  700b6488    00000008     --HOLE-- [fill = 0]
                  700b6490    000000e8                                                 : enetphy.obj (.text.EnetPhy_findCommonCaps)
                  700b6578    00000008     --HOLE-- [fill = 0]
                  700b6580    000000e8     lwip-freertos.am263x.r5f.ti-arm-clang.debug.lib : tcpip.obj (.text.tcpip_init)
                  700b6668    00000008     --HOLE-- [fill = 0]
                  700b6670    000000e6     enet-cpsw.am263x.r5f.ti-arm-clang.debug.lib : cpsw_ale.obj (.text.CpswAle_addDefaultEntries)
                  700b6756    0000000a     --HOLE-- [fill = 0]
                  700b6760    000000e6                                                 : enetphy.obj (.text.EnetPhy_isAlive)
                  700b6846    0000000a     --HOLE-- [fill = 0]
                  700b6850    000000e6                                                 : enet_rm_ioctl.obj (.text.EnetRm_allocRxFlowIdx)
                  700b6936    0000000a     --HOLE-- [fill = 0]
                  700b6940    000000e6     drivers.am263x.r5f.ti-arm-clang.debug.lib : soc_rcm.obj (.text.SOC_rcmGetCoreFout)
                  700b6a26    0000000a     --HOLE-- [fill = 0]
                  700b6a30    000000e6                                               : soc_rcm.obj (.text.SOC_rcmGetPerFout)
                  700b6b16    0000000a     --HOLE-- [fill = 0]
                  700b6b20    000000e6     lwip-freertos.am263x.r5f.ti-arm-clang.debug.lib : tcp.obj (.text.tcp_fasttmr)
                  700b6c06    0000000a     --HOLE-- [fill = 0]
                  700b6c10    000000e4     enet-cpsw.am263x.r5f.ti-arm-clang.debug.lib : csl_cpts.obj (.text.CSL_CPTS_setupESTFn)
                  700b6cf4    0000000c     --HOLE-- [fill = 0]
                  700b6d00    000000e4                                                 : enet_rm.obj (.text.EnetRm_getFreeQ)
                  700b6de4    0000000c     --HOLE-- [fill = 0]
                  700b6df0    000000e2     app_tcpserver.o (.text.AppTcp_ServerTask)
                  700b6ed2    0000000e     --HOLE-- [fill = 0]
                  700b6ee0    000000e2     enet-cpsw.am263x.r5f.ti-arm-clang.debug.lib : csl_cpsw.obj (.text.CSL_CPSW_getAlePortControlReg)
                  700b6fc2    0000000e     --HOLE-- [fill = 0]
                  700b6fd0    000000e2                                                 : enet_rm_ioctl.obj (.text.EnetRm_freeMacAddr)
                  700b70b2    0000000e     --HOLE-- [fill = 0]
                  700b70c0    000000e2     lwipif-cpsw-freertos.am263x.r5f.ti-arm-clang.debug.lib : lwip2enet.obj (.text.Lwip2Enet_sendTxPackets)
                  700b71a2    0000000e     --HOLE-- [fill = 0]
                  700b71b0    000000e2     lwip-freertos.am263x.r5f.ti-arm-clang.debug.lib : sys_arch.obj (.text.sys_mutex_lock)
                  700b7292    0000000e     --HOLE-- [fill = 0]
                  700b72a0    000000e2     freertos.am263x.r5f.ti-arm-clang.debug.lib : tasks.obj (.text.vTaskGetInfo)
                  700b7382    0000000e     --HOLE-- [fill = 0]
                  700b7390    000000e0     enet-cpsw.am263x.r5f.ti-arm-clang.debug.lib : cpsw_ale_ioctl.obj (.text.CpswAle_findAddr)
                  700b7470    000000e0     lwipif-cpsw-freertos.am263x.r5f.ti-arm-clang.debug.lib : lwip2enet.obj (.text.Lwip2Enet_rxPktHandler)
                  700b7550    000000e0     enet-cpsw.am263x.r5f.ti-arm-clang.debug.lib : mdio_ioctl.obj (.text.Mdio_normal_ioctl_handler_ENET_MDIO_IOCTL_C22_READ)
                  700b7630    000000e0     lwip-freertos.am263x.r5f.ti-arm-clang.debug.lib : dhcp.obj (.text.dhcp_inc_pcb_refcount)
                  700b7710    000000e0                                                     : api_msg.obj (.text.sent_tcp)
                  700b77f0    000000e0     freertos.am263x.r5f.ti-arm-clang.debug.lib : tasks.obj (.text.xTaskCheckForTimeOut)
                  700b78d0    000000de     enet-cpsw.am263x.r5f.ti-arm-clang.debug.lib : csl_cpsw_ale_9g_tblcfg.obj (.text.CSL_CPSW_getAleVlanUnicastAddrEntry)
                  700b79ae    00000002     --HOLE-- [fill = 0]
                  700b79b0    000000de     drivers.am263x.r5f.ti-arm-clang.debug.lib : uart_v0.obj (.text.UART_intrEnable)
                  700b7a8e    00000002     --HOLE-- [fill = 0]
                  700b7a90    000000de     freertos.am263x.r5f.ti-arm-clang.debug.lib : timers.obj (.text.prvSwitchTimerLists)
                  700b7b6e    00000002     --HOLE-- [fill = 0]
                  700b7b70    000000de     lwip-freertos.am263x.r5f.ti-arm-clang.debug.lib : sys_arch.obj (.text.sys_mutex_unlock)
                  700b7c4e    00000002     --HOLE-- [fill = 0]
                  700b7c50    000000dc     enet-cpsw.am263x.r5f.ti-arm-clang.debug.lib : cpsw.obj (.text.Cpsw_close)
                  700b7d2c    00000004     --HOLE-- [fill = 0]
                  700b7d30    000000dc                                                 : enet_rm_ioctl.obj (.text.EnetRm_freeTxChNum)
                  700b7e0c    00000004     --HOLE-- [fill = 0]
                  700b7e10    000000dc     drivers.am263x.r5f.ti-arm-clang.debug.lib : ipc_rpmsg_vring.obj (.text.RPMessage_vringGetFullRxBuf)
                  700b7eec    00000004     --HOLE-- [fill = 0]
                  700b7ef0    000000da     app_tcpserver.o (.text.StreamInverterData)
                  700b7fca    00000006     --HOLE-- [fill = 0]
                  700b7fd0    000000da     drivers.am263x.r5f.ti-arm-clang.debug.lib : uart_v0.obj (.text.UART_intrDisable)
                  700b80aa    00000006     --HOLE-- [fill = 0]
                  700b80b0    000000da     lwip-freertos.am263x.r5f.ti-arm-clang.debug.lib : ethernet.obj (.text.ethernet_output)
[...]
700eab74  memp_RX_POOL                                                           
700eab88  memp_SYS_MBOX                                                          
700eab9c  memp_SYS_TIMEOUT                                                       
700eabb0  memp_TCPIP_MSG_API                                                     
700eabc4  memp_TCPIP_MSG_INPKT                                                   
700eabd8  memp_TCP_PCB                                                           
700eabec  memp_TCP_PCB_LISTEN                                                    
700eac00  memp_TCP_SEG                                                           
700eac14  memp_UDP_PCB                                                           
700eac4c  tcp_pcb_lists                                                          
700eac6c  gMpuConfig                                                             
700eac88  gCacheConfig                                                           
700eac90  gEnetPhyDrvTbl                                                         
700eaca0  gXTALInfo                                                              
700eacae  ethbroadcast                                                           
700eacb4  ethzero                                                                
700eacc0  gCacheL1dCacheLineSize                                                 
700eacc4  gCacheL1pCacheLineSize                                                 
700eacc8  ip_addr_any                                                            
700eaccc  ip_addr_broadcast                                                      
700eacd0  uxTopUsedPriority                                                      
700eace0  __BSS_START                                                            
700eace0  memp_memory_POOL_1568_base                                             
700fd8ff  memp_memory_POOL_4096_base                                             
701019a0  gMainTaskStack                                                         
701059a0  memp_memory_POOL_128_base                                              
7010983f  memp_memory_NETBUF_base                                                
7010a85e  memp_memory_PBUF_base                                                  
7010b87d  memp_memory_TCPIP_MSG_API_base                                         
7010c89c  memp_memory_TCPIP_MSG_INPKT_base                                       
7010d8bb  memp_memory_TCP_SEG_base                                               
7010e8dc  gHwiCtrl                                                               
701124e8  ip_data                                                                
701132c0  gPollTaskStack                                                         
70113ec0  memp_memory_SYS_MBOX_base                                              
701153a0  memp_memory_RX_POOL_base                                               
70115bc0  gIpcRpmsgCtrl                                                          
70117230  gPktRxTaskStack                                                        
70117630  gPktTxTaskStack                                                        
70117a30  memp_memory_ARP_QUEUE_base                                             
70117e0f  memp_memory_TCP_PCB_base                                               
70118420  memp_memory_NETCONN_base                                               
70118e00  memp_memory_SYS_TIMEOUT_base                                           
70119668  gFreePbufArr                                                           
70119868  lwip_stats                                                             
70119a68  memp_memory_FRAG_PBUF_base                                             
70119c68  gEepromObject_CAT24M                                                   
70119f9c  memp_memory_ALTCP_PCB_base                                             
7011a0fb  memp_memory_NETDB_base                                                 
7011a25a  memp_memory_REASSDATA_base                                             
7011a3bc  _CIOBUF_                                                               
7011a3bc  __CIOBUF_                                                              
7011a4dc  memp_memory_IGMP_GROUP_base                                            
7011a5fb  memp_memory_TCP_PCB_LISTEN_base                                        
7011a71a  memp_memory_UDP_PCB_base                                               
7011a93c  xQueueRegistry                                                         
7011ab2c  gEnetUtilsObj                                                          
7011ac04  gAckReplyMsgObject                                                     
7011acc4  gIpcNotifyCtrl                                                         
7011ad74  __TI_tmpnams                                                           
7011ae18  gTaskP_ctrl                                                            
7011aeb8  pollTask                                                               
7011af58  rxTask                                                                 
7011aff8  txTask                                                                 
7011b130  pollSem                                                                
7011b1c8  rxPktSem                                                               
7011b260  shutDownSemObj                                                         
7011b2f8  txPktSem                                                               
7011b4a8  gMainTaskObj                                                           
7011b5b8  memp_memory_RAW_PCB_base                                               
7011b638  pollLinkClkObj                                                         
7011b6f0  gRovDummyQueue                                                         
7011b740  gEnetOsalObj                                                           
7011b780  gClockCtrl                                                             
7011b811  pbuf_free_ooseq_pending                                                
7011b814  dhcp_rx_options_val                                                    
7011b860  memp_memory_PBUF_POOL_base                                             
7011b87f  shutDownFlag                                                           
7011baa0  virtToPhymap                                                           
7011bab0  pfreeQ                                                                 
7011babc  dhcp_rx_options_given                                                  
7011bad0  parmbuf                                                                
7011bb9c  gEepromHandle                                                          
7011bba0  gI2cHandle                                                             
7011bba4  gMainTask                                                              
7011bba8  gUartHandle                                                            
7011bbac  g_pNetif                                                               
7011bbb0  lock_tcpip_core                                                        
7011bbb4  netif_default                                                          
7011bbb8  netif_list                                                             
7011bbbc  tcp_active_pcbs                                                        
7011bbc0  tcp_bound_pcbs                                                         
7011bbc4  tcp_input_pcb                                                          
7011bbc8  tcp_listen_pcbs                                                        
7011bbcc  tcp_ticks                                                              
7011bbd0  tcp_tw_pcbs                                                            
7011bbd4  udp_pcbs                                                               
7011bbd8  tcp_active_pcbs_changed                                                
7011bbe0  __BSS_END                                                              
7011bbe0  _sys_memory                                                            
701240b0  __stack                                                                
701260b0  __STACK_END                                                            
701260b0  gEnetSoc_dmaObj                                                        
701260b0  gUartDmaConfig                                                         
70127b80  gEnetSoc_cpsw3g                                                        
70129b18  gEnetSoc_cpsw3gMacObj                                                  
7012a458  gIpcNotifyMailboxConfig                                                
7012a558  _ftable                                                                
7012b08c  _device                                                                
7012b298  gUartParams                                                            
7012b33c  _stream                                                                
7012b624  FreeRTOS_errno                                                         
7012b628  gEnetSoc_cpsw3gSocCfg                                                  
7012b660  gIpcNotifyInterruptConfig_r5fss0_1                                     
7012b754  gSocModulesClockFrequency                                              
7012b784  gEnetPhyDrvDp83869                                                     
7012b7ac  gEnetPhyDrvGeneric                                                     
7012b9cc  gClockConfig                                                           
7012b9e0  Cpsw_gSpeedNames                                                       
7012b9f0  gEepromFxns_CAT24M                                                     
7012ba00  gIpcNotifyCoreIntrBitPos                                               
7012ba10  gSocModules                                                            
7012ba20  Cpsw_gDuplexNames                                                      
7012ba38  gEepromAttrs_CAT24M                                                    
7012ba44  gEepromConfig                                                          
7012ba50  gEnetSoc_perObj                                                        
7012ba5c  gI2cParams                                                             
7012ba68  __TI_cleanup_ptr                                                       
7012ba6c  __TI_dtors_ptr                                                         
7012ba70  gEepromParams                                                          
7012ba78  gI2cConfig                                                             
7012ba88  gUartConfig                                                            
7012baa0  __TI_ft_end                                                            
7012baa4  __aeabi_errno                                                          
7012baa8  _lock                                                                  
7012baac  _unlock                                                                
7012bab8  gDebugLogZone                                                          
7012babc  gDebugP_uartDrvIndex                                                   
7012bac0  gEepromConfigNum                                                       
7012bac4  gEnetOsalHwiAllocCnt                                                   
7012bac8  gEnetOsalHwiPeak                                                       
7012bacc  gEnetOsalSemAllocCnt                                                   
7012bad0  gEnetOsalSemPeak                                                       
7012bad4  gHwiConfig                                                             
7012bad8  gI2cConfigNum                                                          
7012badc  gIpcNotifyInterruptConfigNum_r5fss0_1                                  
7012bae0  gUartConfigNum                                                         
7012bae4  gUartDmaConfigNum                                                      
7012baf0  pxCurrentTCB                                                           
7012baf8  ulPortInterruptNesting                                                 
7012bafc  ulPortSchedularRunning                                                 
7012bb00  ulPortTaskHasFPUContext                                                
7012bb04  ulPortYieldRequired                                                    
7012bb6c  gEnetTrace_runtimeLevel                                                
7012bb6e  isMapAvailable                                                         
7012fb81  HwiP_enableInt                                                         
7012fbc1  HwiP_disableInt                                                        
7012fc21  HwiP_restoreInt                                                        
7012fc51  HwiP_clearInt                                                          
7012fc91  HwiP_post                                                              
7012fcd1  HwiP_Params_init                                                       
7012fd01  HwiP_construct                                                         
7012ff01  HwiP_destruct                                                          
7012ff71  HwiP_init                                                              
70130121  HwiP_inISR                                                             
70130151  HwiP_irq_handler_c                                                     
70130291  HwiP_fiq_handler                                                       
70130401  HwiP_reserved_handler                                                  
70130441  HwiP_undefined_handler                                                 
70130481  HwiP_prefetch_abort_handler                                            
701304c1  HwiP_data_abort_handler_c                                              
701304f4  vPortRestoreTaskContext                                                
7013052c  HwiP_svc_handler                                                       
7013059c  HwiP_irq_handler                                                       
701306e0  HwiP_disable                                                           
701306f0  HwiP_disableFIQ                                                        
70130700  HwiP_enable                                                            
70130710  HwiP_enableFIQ                                                         
70130720  HwiP_restore                                                           
70130728  HwiP_enableVIC                                                         
70130738  HwiP_disableVIC                                                        
70130748  HwiP_getCPSR                                                           
70130750  HwiP_data_abort_handler                                                
70130790  CacheP_disableL1d                                                      
701307b8  CacheP_disableL1p                                                      
701307d0  CacheP_enableL1d                                                       
701307e8  CacheP_enableL1p                                                       
70130800  CacheP_invL1d                                                          
70130838  CacheP_invL1p                                                          
70130874  CacheP_invL1dAll                                                       
7013087c  CacheP_invL1pAll                                                       
70130884  CacheP_wb                                                              
701308c0  CacheP_wbInv                                                           
701308fc  CacheP_wbAll                                                           
701309a4  CacheP_wbInvAll                                                        
701309bc  CacheP_wbInvAllAsm                                                     
70130a5c  CacheP_getEnabled                                                      
70130a94  CacheP_getCacheLevelInfo                                               
70130aa0  CacheP_configForceWrThru                                               
70130ac0  CacheP_setDLFO                                                         
70130ad1  CacheP_init                                                            
70130b61  CacheP_disable                                                         
70130bb1  CacheP_enable                                                          
70130bf1  CacheP_inv                                                             
70130c31  MpuP_RegionAttrs_init                                                  
70130c61  MpuP_setRegion                                                         
70130d51  MpuP_isEnable                                                          
70130d61  MpuP_disable                                                           
70130da1  MpuP_enable                                                            
70130de1  MpuP_init                                                              
70130e78  MpuP_disableAsm                                                        
70130e90  MpuP_disableBRAsm                                                      
70130ea0  MpuP_enableAsm                                                         
70130eb8  MpuP_enableBRAsm                                                       
70130ec8  MpuP_isEnableAsm                                                       
70130edc  MpuP_setRegionAsm                                                      
70130ef0  _c_int00_sbl                                                           
70130f14  _c_int00                                                               
70130ff1  _DebugP_assertNoLog                                                    
70131021  __mpu_init                                                             
70131030  C$$EXIT                                                                
70131030  abort                                                                  
70131038  __IRQ_STACK_START                                                      
70131138  __FIQ_STACK_START                                                      
70131138  __IRQ_STACK_END                                                        
70131238  __FIQ_STACK_END                                                        
70131238  __SVC_STACK_START                                                      
70132238  __ABORT_STACK_START                                                    
70132238  __SVC_STACK_END                                                        
70132338  __ABORT_STACK_END                                                      
70132338  __UNDEFINED_STACK_START                                                
70132438  __UNDEFINED_STACK_END                                                  
72000000  gRPMessageVringMem                                                     
ffffffff  __TI_pprof_out_hndl                                                    
ffffffff  __TI_prof_data_size                                                    
ffffffff  __TI_prof_data_start                                                   
ffffffff  __binit__                                                              
ffffffff  binit                                                                  
UNDEFED   __TI_CINIT_Base                                                        
UNDEFED   __TI_CINIT_Limit                                                       
UNDEFED   __TI_Handler_Table_Base                                                
UNDEFED   __TI_Handler_Table_Limit                                               
UNDEFED   _system_post_cinit                                                     

[1314 symbols]
