******************************************************************************
            TI ARM Clang Linker PC v2.1.2                      
******************************************************************************
>> Linked Thu May 25 06:18:17 2023

OUTPUT FILE NAME:   <enet_cpsw_tcpserver_am263x-lp_r5fss0-1_freertos_ti-arm-clang.out>
ENTRY POINT SYMBOL: "_vectors"  address: 00000000


MEMORY CONFIGURATION

         name            origin    length      used     unused   attr    fill
----------------------  --------  ---------  --------  --------  ----  --------
  R5F_VECS              00000000   00000040  00000040  00000000  RWIX
  R5F_TCMA0             00000040   00003fc0  00000000  00003fc0  RWIX
  R5F_TCMA1             00004000   00002000  00000000  00002000  RWIX
  R5F_TCMA2             00006000   00002000  00000000  00002000  RWIX
  R5F_TCMB1             00080000   00004000  00000000  00004000  RWIX
  R5F_TCMB2             00084000   00004000  00000000  00004000  RWIX
  FLASH                 60100000   00080000  00000000  00080000  RWIX
  LOG_SHM_MEM           70040000   00004000  00000000  00004000  RWIX
  CPPI_DESC             70080000   00004000  00000a00  00003600  RWIX
  OCRAM                 70084000   0017c000  000aab00  000d1500  RWIX
  RTOS_NORTOS_IPC_SHM_M 72000000   00003e80  00000880  00003600  RWIX


SEGMENT ALLOCATION MAP

run origin  load origin   length   init length attrs members
----------  ----------- ---------- ----------- ----- -------
00000000    00000000    00000040   00000040    r-x
  00000000    00000000    00000040   00000040    r-x .vectors
70084000    70084000    000633b8   000633b8    r-x
  70084000    70084000    0004d260   0004d260    r-x .text
  700d1260    700d1260    00016158   00016158    r-- .rodata
700e73c0    700e73c0    0003b3d0   00000000    rw-
  700e73c0    700e73c0    00030f00   00000000    rw- .bss
  701182c0    701182c0    000084d0   00000000    rw- .sysmem
  70120790    70120790    00002000   00000000    rw- .stack
70122790    70122790    00005ac0   00005ac0    rw-
  70122790    70122790    00005ac0   00005ac0    rw- .data
7012c280    7012c280    000028b8   000014b8    r-x
  7012c280    7012c280    00000c10   00000c10    r-x .text.hwi
  7012ce90    7012ce90    000004a0   000004a0    r-x .text.cache
  7012d330    7012d330    000002c0   000002c0    r-x .text.mpu
  7012d5f0    7012d5f0    00000140   00000140    r-x .text.boot
  7012d730    7012d730    00000008   00000008    r-x .text:abort
  7012d738    7012d738    00000100   00000000    r-- .irqstack
  7012d838    7012d838    00000100   00000000    r-- .fiqstack
  7012d938    7012d938    00001000   00000000    r-- .svcstack
  7012e938    7012e938    00000100   00000000    r-- .abortstack
  7012ea38    7012ea38    00000100   00000000    r-- .undefinedstack


SECTION ALLOCATION MAP

 output                                  attributes/
section   page    origin      length       input sections
--------  ----  ----------  ----------   ----------------
.vectors   0    00000000    00000040     
                  00000000    00000040     freertos.am263x.r5f.ti-arm-clang.debug.lib : HwiP_armv7r_vectors_freertos_asm.obj (.vectors)

.text      0    70084000    0004d260     
                  70084000    000011e2     lwip-freertos.am263x.r5f.ti-arm-clang.debug.lib : tcp_in.obj (.text.tcp_receive)
                  700851e2    00000002     --HOLE-- [fill = 0]
                  700851e4    0000000c     libc.a : memory.c.obj (.text.malloc)
                  700851f0    00000c38     lwip-freertos.am263x.r5f.ti-arm-clang.debug.lib : tcp_in.obj (.text.tcp_input)
                  70085e28    00000004     libc.a : _lock.c.obj (.text._nop)
                  70085e2c    00000004            : fseek.c.obj (.text.fseek)
                  70085e30    00000b28     lwip-freertos.am263x.r5f.ti-arm-clang.debug.lib : tcp_out.obj (.text.tcp_write)
                  70086958    00000004     libsysbm.a : remove.c.obj (.text.remove)
                  7008695c    00000004     libclang_rt.builtins.a : aeabi_memcpy.S.obj (.text)
                  70086960    00000abe     enet-cpsw.am263x.r5f.ti-arm-clang.debug.lib : enet_cpdma.obj (.text.EnetCpdma_dequeueTx)
                  7008741e    00000002     --HOLE-- [fill = 0]
                  70087420    00000aa0     lwip-freertos.am263x.r5f.ti-arm-clang.debug.lib : tcp_in.obj (.text.tcp_process)
                  70087ec0    00000a34     freertos.am263x.r5f.ti-arm-clang.debug.lib : printf.obj (.text._vsnprintf)
                  700888f4    0000000c                                                : CpuId_armv7r_asm.obj (.text)
                  70088900    00000966     lwip-freertos.am263x.r5f.ti-arm-clang.debug.lib : dhcp.obj (.text.dhcp_parse_reply)
                  70089266    0000000a     --HOLE-- [fill = 0]
                  70089270    00000960                                                     : tcp.obj (.text.tcp_slowtmr)
                  70089bd0    000008ea     enet-cpsw.am263x.r5f.ti-arm-clang.debug.lib : enet_cpdma.obj (.text.EnetCpdma_dequeueRx)
                  7008a4ba    00000006     --HOLE-- [fill = 0]
                  7008a4c0    000005fc                                                 : enet_cpdma.obj (.text.EnetCpdma_enqueueRx)
                  7008aabc    00000004     --HOLE-- [fill = 0]
                  7008aac0    000005ca                                                 : enet_osal.obj (.text.EnetOsal_init)
                  7008b08a    00000006     --HOLE-- [fill = 0]
                  7008b090    0000056e     drivers.am263x.r5f.ti-arm-clang.debug.lib : soc_rcm.obj (.text.SOC_rcmGetClkSrcAndDivReg)
                  7008b5fe    00000002     --HOLE-- [fill = 0]
                  7008b600    0000055a     lwip-freertos.am263x.r5f.ti-arm-clang.debug.lib : api_msg.obj (.text.lwip_netconn_do_writemore)
                  7008bb5a    00000006     --HOLE-- [fill = 0]
                  7008bb60    0000054c                                                     : ip4.obj (.text.ip4_input)
                  7008c0ac    00000004     --HOLE-- [fill = 0]
                  7008c0b0    00000546     drivers.am263x.r5f.ti-arm-clang.debug.lib : soc_rcm.obj (.text.SOC_rcmEnablePeripheralClock)
                  7008c5f6    0000000a     --HOLE-- [fill = 0]
                  7008c600    0000051e     freertos.am263x.r5f.ti-arm-clang.debug.lib : printf.obj (.text._ftoa)
                  7008cb1e    00000002     --HOLE-- [fill = 0]
                  7008cb20    00000516     enet-cpsw.am263x.r5f.ti-arm-clang.debug.lib : cpsw_ale.obj (.text.CpswAle_open)
                  7008d036    0000000a     --HOLE-- [fill = 0]
                  7008d040    0000050a     lwip-freertos.am263x.r5f.ti-arm-clang.debug.lib : icmp.obj (.text.icmp_input)
                  7008d54a    00000006     --HOLE-- [fill = 0]
                  7008d550    000004fe     enet-cpsw.am263x.r5f.ti-arm-clang.debug.lib : enet_cpdma.obj (.text.EnetCpdma_enqueueTx)
                  7008da4e    00000002     --HOLE-- [fill = 0]
                  7008da50    000004dc     lwip-freertos.am263x.r5f.ti-arm-clang.debug.lib : tcp_out.obj (.text.tcp_output)
                  7008df2c    00000004     --HOLE-- [fill = 0]
                  7008df30    000004ae                                                     : udp.obj (.text.udp_input)
                  7008e3de    00000002     --HOLE-- [fill = 0]
                  7008e3e0    0000048a                                                     : etharp.obj (.text.etharp_find_entry)
                  7008e86a    00000006     --HOLE-- [fill = 0]
                  7008e870    00000486                                                     : ip4_frag.obj (.text.ip4_reass)
                  7008ecf6    0000000a     --HOLE-- [fill = 0]
                  7008ed00    00000482                                                     : api_msg.obj (.text.lwip_netconn_do_close_internal)
                  7008f182    0000000e     --HOLE-- [fill = 0]
                  7008f190    00000480     drivers.am263x.r5f.ti-arm-clang.debug.lib : i2c_v1.obj (.text.I2C_primeTransfer)
                  7008f610    00000478     freertos.am263x.r5f.ti-arm-clang.debug.lib : printf.obj (.text._etoa)
                  7008fa88    00000008     --HOLE-- [fill = 0]
                  7008fa90    00000478     lwip-freertos.am263x.r5f.ti-arm-clang.debug.lib : udp.obj (.text.udp_sendto_if_src)
                  7008ff08    00000008     --HOLE-- [fill = 0]
                  7008ff10    00000450                                                     : etharp.obj (.text.etharp_query)
                  70090360    00000436     enet-cpsw.am263x.r5f.ti-arm-clang.debug.lib : enet_rm.obj (.text.EnetRm_detachCore)
                  70090796    0000000a     --HOLE-- [fill = 0]
                  700907a0    00000404                                                 : cpsw_macport.obj (.text.CpswMacPort_open)
                  70090ba4    000003e4     libc.a : _printfi.c.obj (.text:__TI_printfi_minimal)
                  70090f88    00000008     --HOLE-- [fill = 0]
                  70090f90    000003d4     enet-cpsw.am263x.r5f.ti-arm-clang.debug.lib : dp83869.obj (.text.Dp83869_printRegs)
                  70091364    0000000c     --HOLE-- [fill = 0]
                  70091370    000003c2     drivers.am263x.r5f.ti-arm-clang.debug.lib : soc.obj (.text.SOC_phyToVirt)
                  70091732    0000000e     --HOLE-- [fill = 0]
                  70091740    000003be     lwip-freertos.am263x.r5f.ti-arm-clang.debug.lib : ip4_frag.obj (.text.ip_reass_chain_frag_into_datagram_and_validate)
                  70091afe    00000002     --HOLE-- [fill = 0]
                  70091b00    000003b0     enet-cpsw.am263x.r5f.ti-arm-clang.debug.lib : enet_rm.obj (.text.EnetRm_close)
                  70091eb0    000003ac     lwip-freertos.am263x.r5f.ti-arm-clang.debug.lib : tcp_out.obj (.text.tcp_split_unsent_seg)
                  7009225c    00000004     --HOLE-- [fill = 0]
                  70092260    000003aa     enet-cpsw.am263x.r5f.ti-arm-clang.debug.lib : cpsw.obj (.text.Cpsw_registerIntrs)
                  7009260a    00000006     --HOLE-- [fill = 0]
                  70092610    000003a6     lwip-freertos.am263x.r5f.ti-arm-clang.debug.lib : ip4_frag.obj (.text.ip4_frag)
                  700929b6    0000000a     --HOLE-- [fill = 0]
                  700929c0    000003a4     enet-cpsw.am263x.r5f.ti-arm-clang.debug.lib : cpsw.obj (.text.Cpsw_open)
                  70092d64    0000000c     --HOLE-- [fill = 0]
                  70092d70    000003a4     drivers.am263x.r5f.ti-arm-clang.debug.lib : ipc_notify_v1.obj (.text.IpcNotify_init)
                  70093114    0000000c     --HOLE-- [fill = 0]
                  70093120    0000038c     enet-cpsw.am263x.r5f.ti-arm-clang.debug.lib : cpsw.obj (.text.Cpsw_openInternal)
                  700934ac    00000004     --HOLE-- [fill = 0]
                  700934b0    0000037a                                                 : cpsw.obj (.text.Cpsw_handleLinkDown)
                  7009382a    00000006     --HOLE-- [fill = 0]
                  70093830    00000370     drivers.am263x.r5f.ti-arm-clang.debug.lib : i2c_v1.obj (.text.I2C_open)
                  70093ba0    0000036a     enet-cpsw.am263x.r5f.ti-arm-clang.debug.lib : enet_appmemutils.obj (.text.EnetMem_initCore)
                  70093f0a    00000006     --HOLE-- [fill = 0]
                  70093f10    00000354                                                 : mdio.obj (.text.Mdio_open)
                  70094264    0000000c     --HOLE-- [fill = 0]
                  70094270    00000348                                                 : cpsw_ioctl.obj (.text.Cpsw_openPortLinkNoPhy)
                  700945b8    00000008     --HOLE-- [fill = 0]
                  700945c0    0000033c     drivers.am263x.r5f.ti-arm-clang.debug.lib : i2c_v1.obj (.text.I2C_hwiFxnTarget)
                  700948fc    00000004     --HOLE-- [fill = 0]
                  70094900    00000326     lwip-freertos.am263x.r5f.ti-arm-clang.debug.lib : ip4.obj (.text.ip4_output_if_opt_src)
                  70094c26    0000000a     --HOLE-- [fill = 0]
                  70094c30    0000031e                                                     : tcp_out.obj (.text.tcp_enqueue_flags)
                  70094f4e    00000002     --HOLE-- [fill = 0]
                  70094f50    000002f8                                                     : pbuf.obj (.text.pbuf_alloc)
                  70095248    00000008     --HOLE-- [fill = 0]
                  70095250    000002f2     drivers.am263x.r5f.ti-arm-clang.debug.lib : soc.obj (.text.SOC_virtToPhy)
                  70095542    0000000e     --HOLE-- [fill = 0]
                  70095550    000002ee     lwip-freertos.am263x.r5f.ti-arm-clang.debug.lib : netif.obj (.text.netif_add)
                  7009583e    00000002     --HOLE-- [fill = 0]
                  70095840    000002e6     enet-cpsw.am263x.r5f.ti-arm-clang.debug.lib : csl_cpsw.obj (.text.CSL_CPSW_setPortRxDscpMap)
                  70095b26    0000000a     --HOLE-- [fill = 0]
                  70095b30    000002dc     lwip-freertos.am263x.r5f.ti-arm-clang.debug.lib : etharp.obj (.text.etharp_output)
                  70095e0c    00000004     --HOLE-- [fill = 0]
                  70095e10    000002d8     enet-cpsw.am263x.r5f.ti-arm-clang.debug.lib : cpsw.obj (.text.Cpsw_periodicTick)
                  700960e8    00000008     --HOLE-- [fill = 0]
                  700960f0    000002d2     lwip-freertos.am263x.r5f.ti-arm-clang.debug.lib : api_msg.obj (.text.lwip_netconn_do_delconn)
                  700963c2    0000000e     --HOLE-- [fill = 0]
                  700963d0    000002be     enet-cpsw.am263x.r5f.ti-arm-clang.debug.lib : cpsw.obj (.text.Cpsw_registerIoctlHandler)
                  7009668e    00000002     --HOLE-- [fill = 0]
                  70096690    000002bc     lwip-freertos.am263x.r5f.ti-arm-clang.debug.lib : tcp_out.obj (.text.tcp_output_segment)
                  7009694c    00000004     --HOLE-- [fill = 0]
                  70096950    000002ba                                                     : pbuf.obj (.text.pbuf_copy)
                  70096c0a    00000006     --HOLE-- [fill = 0]
                  70096c10    000002b6     enet-cpsw.am263x.r5f.ti-arm-clang.debug.lib : cpsw.obj (.text.Cpsw_handleLinkUp)
                  70096ec6    0000000a     --HOLE-- [fill = 0]
                  70096ed0    000002a8                                                 : cpsw_ale.obj (.text.CpswAle_addVlan)
                  70097178    00000008     --HOLE-- [fill = 0]
                  70097180    0000029e     lwipif-cpsw-freertos.am263x.r5f.ti-arm-clang.debug.lib : lwip2enet.obj (.text.Lwip2Enet_open)
                  7009741e    00000002     --HOLE-- [fill = 0]
                  70097420    0000029c     drivers.am263x.r5f.ti-arm-clang.debug.lib : i2c_v1.obj (.text.I2C_hwiFxnController)
                  700976bc    00000004     --HOLE-- [fill = 0]
                  700976c0    0000029c     lwip-freertos.am263x.r5f.ti-arm-clang.debug.lib : tcp_in.obj (.text.tcp_listen_input)
                  7009795c    00000004     --HOLE-- [fill = 0]
                  70097960    00000296                                                     : tcp.obj (.text.tcp_close_shutdown)
                  70097bf6    0000000a     --HOLE-- [fill = 0]
                  70097c00    00000294     enet-cpsw.am263x.r5f.ti-arm-clang.debug.lib : enet_cpdma.obj (.text.EnetCpdma_open)
                  70097e94    0000000c     --HOLE-- [fill = 0]
                  70097ea0    0000028e                                                 : csl_cpsw.obj (.text.CSL_CPSW_setAlePolicerEntry)
                  7009812e    00000002     --HOLE-- [fill = 0]
                  70098130    0000028e                                                 : enet_appmemutils.obj (.text.EnetMem_deInit)
                  700983be    00000002     --HOLE-- [fill = 0]
                  700983c0    00000286                                                 : csl_cpsw.obj (.text.CSL_CPSW_getAlePolicerEntry)
                  70098646    0000000a     --HOLE-- [fill = 0]
                  70098650    00000286                                                 : cpsw.obj (.text.Cpsw_ioctl)
                  700988d6    0000000a     --HOLE-- [fill = 0]
                  700988e0    00000282                                                 : cpsw_ale.obj (.text.CpswAle_findVlan)
                  70098b62    0000000e     --HOLE-- [fill = 0]
                  70098b70    00000276     drivers.am263x.r5f.ti-arm-clang.debug.lib : uart_v0.obj (.text.UART_open)
                  70098de6    0000000a     --HOLE-- [fill = 0]
                  70098df0    00000276     lwip-freertos.am263x.r5f.ti-arm-clang.debug.lib : dhcp.obj (.text.dhcp_select)
                  70099066    0000000a     --HOLE-- [fill = 0]
                  70099070    00000266                                                     : api_msg.obj (.text.err_tcp)
                  700992d6    0000000a     --HOLE-- [fill = 0]
                  700992e0    0000025e     enet-cpsw.am263x.r5f.ti-arm-clang.debug.lib : cpsw_est_ioctl.obj (.text.CpswEst_ioctl_handler_ENET_TAS_IOCTL_SET_STATE)
                  7009953e    00000002     --HOLE-- [fill = 0]
                  70099540    0000025a     lwip-freertos.am263x.r5f.ti-arm-clang.debug.lib : ip4_frag.obj (.text.ip_reass_free_complete_datagram)
                  7009979a    00000006     --HOLE-- [fill = 0]
                  700997a0    00000254                                                     : igmp.obj (.text.igmp_input)
                  700999f4    0000000c     --HOLE-- [fill = 0]
                  70099a00    00000248                                                     : dhcp.obj (.text.dhcp_bind)
                  70099c48    00000008     --HOLE-- [fill = 0]
                  70099c50    00000246                                                     : dns.obj (.text.dns_send)
                  70099e96    0000000a     --HOLE-- [fill = 0]
                  70099ea0    00000242     drivers.am263x.r5f.ti-arm-clang.debug.lib : uart_v0.obj (.text.UART_fifoConfig)
                  7009a0e2    0000000e     --HOLE-- [fill = 0]
                  7009a0f0    00000242     lwip-freertos.am263x.r5f.ti-arm-clang.debug.lib : dhcp.obj (.text.dhcp_create_msg)
                  7009a332    0000000e     --HOLE-- [fill = 0]
                  7009a340    00000240     drivers.am263x.r5f.ti-arm-clang.debug.lib : uart_v0.obj (.text.UART_controllerIsr)
                  7009a580    0000023e     enet-cpsw.am263x.r5f.ti-arm-clang.debug.lib : cpsw_cpts_ioctl.obj (.text.CpswCpts_handleEvents)
                  7009a7be    00000002     --HOLE-- [fill = 0]
                  7009a7c0    0000023e                                                 : enetphy.obj (.text.EnetPhy_enableState)
                  7009a9fe    00000002     --HOLE-- [fill = 0]
                  7009aa00    0000023e     freertos.am263x.r5f.ti-arm-clang.debug.lib : printf.obj (.text._ntoa_format)
                  7009ac3e    00000002     --HOLE-- [fill = 0]
                  7009ac40    0000023e     lwip-freertos.am263x.r5f.ti-arm-clang.debug.lib : tcp.obj (.text.tcp_listen_with_backlog_and_err)
                  7009ae7e    00000002     --HOLE-- [fill = 0]
                  7009ae80    00000236     freertos.am263x.r5f.ti-arm-clang.debug.lib : queue.obj (.text.xQueueSemaphoreTake)
                  7009b0b6    0000000a     --HOLE-- [fill = 0]
                  7009b0c0    0000022c     ti_enet_open_close.o (.text.EnetApp_enablePorts)
                  7009b2ec    00000004     --HOLE-- [fill = 0]
                  7009b2f0    0000022c     enet-cpsw.am263x.r5f.ti-arm-clang.debug.lib : enet_cpdma_priv.obj (.text.EnetCpdma_memMgrInit)
                  7009b51c    00000004     --HOLE-- [fill = 0]
                  7009b520    00000220                                                 : enet_cpdma.obj (.text.EnetDma_closeTxCh)
                  7009b740    00000220                                                 : enet_rm_ioctl.obj (.text.EnetRm_allocMacAddr)
                  7009b960    00000220     freertos.am263x.r5f.ti-arm-clang.debug.lib : queue.obj (.text.xQueueGenericSend)
                  7009bb80    0000021c     lwip-freertos.am263x.r5f.ti-arm-clang.debug.lib : api_lib.obj (.text.netconn_write_vectors_partly)
                  7009bd9c    00000004     --HOLE-- [fill = 0]
                  7009bda0    00000212                                                     : pbuf.obj (.text.pbuf_take)
                  7009bfb2    0000000e     --HOLE-- [fill = 0]
                  7009bfc0    00000210     enet-cpsw.am263x.r5f.ti-arm-clang.debug.lib : enet_appmemutils.obj (.text.EnetMem_allocEthPkt)
                  7009c1d0    00000210     lwip-freertos.am263x.r5f.ti-arm-clang.debug.lib : tcp.obj (.text.tcp_abandon)
                  7009c3e0    0000020c     lwipif-cpsw-freertos.am263x.r5f.ti-arm-clang.debug.lib : lwip2enet.obj (.text.Lwip2Enet_prepRxPktQ)
                  7009c5ec    00000004     --HOLE-- [fill = 0]
                  7009c5f0    0000020a     lwip-freertos.am263x.r5f.ti-arm-clang.debug.lib : tcp.obj (.text.tcp_pcb_remove)
                  7009c7fa    00000006     --HOLE-- [fill = 0]
                  7009c800    00000206     enet-cpsw.am263x.r5f.ti-arm-clang.debug.lib : enet_cpdma.obj (.text.EnetDma_closeRxCh)
                  7009ca06    0000000a     --HOLE-- [fill = 0]
                  7009ca10    00000206     lwip-freertos.am263x.r5f.ti-arm-clang.debug.lib : dhcp.obj (.text.dhcp_recv)
                  7009cc16    0000000a     --HOLE-- [fill = 0]
                  7009cc20    00000200     enet-cpsw.am263x.r5f.ti-arm-clang.debug.lib : enetphy.obj (.text.EnetPhy_bindDriver)
                  7009ce20    000001fe                                                 : cpsw_stats_ioctl.obj (.text.CpswStats_readHostStats)
                  7009d01e    00000002     --HOLE-- [fill = 0]
                  7009d020    000001fe     lwip-freertos.am263x.r5f.ti-arm-clang.debug.lib : pbuf.obj (.text.pbuf_free)
                  7009d21e    00000002     --HOLE-- [fill = 0]
                  7009d220    000001fc     enet-cpsw.am263x.r5f.ti-arm-clang.debug.lib : cpsw_ioctl.obj (.text.Cpsw_openPortLink)
                  7009d41c    00000004     --HOLE-- [fill = 0]
                  7009d420    000001fa     lwipif-cpsw-freertos.am263x.r5f.ti-arm-clang.debug.lib : lwip2lwipif.obj (.text.LWIPIF_LWIP_getChkSumInfo)
                  7009d61a    00000006     --HOLE-- [fill = 0]
                  7009d620    000001f8     enet-cpsw.am263x.r5f.ti-arm-clang.debug.lib : cpsw_ioctl.obj (.text.Cpsw_openPortLinkWithPhy)
                  7009d818    00000008     --HOLE-- [fill = 0]
                  7009d820    000001f2                                                 : cpsw_hostport.obj (.text.CpswHostPort_open)
                  7009da12    0000000e     --HOLE-- [fill = 0]
                  7009da20    000001e8     lwip-freertos.am263x.r5f.ti-arm-clang.debug.lib : api_msg.obj (.text.recv_tcp)
                  7009dc08    00000008     --HOLE-- [fill = 0]
                  7009dc10    000001e0     enet-cpsw.am263x.r5f.ti-arm-clang.debug.lib : cpsw_stats_ioctl.obj (.text.CpswStats_readMacStats)
                  7009ddf0    000001e0     drivers.am263x.r5f.ti-arm-clang.debug.lib : uart_v0.obj (.text.UART_write)
                  7009dfd0    000001da     enet-cpsw.am263x.r5f.ti-arm-clang.debug.lib : enet.obj (.text.Enet_validateIoctl)
                  7009e1aa    00000006     --HOLE-- [fill = 0]
                  7009e1b0    000001d8                                                 : cpsw_macport_ioctl.obj (.text.CpswMacPort_enablePort)
                  7009e388    00000008     --HOLE-- [fill = 0]
                  7009e390    000001d8     freertos.am263x.r5f.ti-arm-clang.debug.lib : queue.obj (.text.xQueueReceive)
                  7009e568    00000008     --HOLE-- [fill = 0]
                  7009e570    000001d4                                                : TimerP_rti.obj (.text.TimerP_setup)
                  7009e744    0000000c     --HOLE-- [fill = 0]
                  7009e750    000001d2     enet-cpsw.am263x.r5f.ti-arm-clang.debug.lib : cpsw_stats.obj (.text.CpswStats_open)
                  7009e922    0000000e     --HOLE-- [fill = 0]
                  7009e930    000001d0     lwip-freertos.am263x.r5f.ti-arm-clang.debug.lib : api_msg.obj (.text.lwip_netconn_do_write)
                  7009eb00    000001d0                                                     : api_msg.obj (.text.recv_udp)
                  7009ecd0    000001d0     libclang_rt.builtins.a : udivsi3.S.obj (.text)
                  7009eea0    000001ce     ti_enet_lwipif.o (.text.LwipifEnetAppCb_getRxHandleInfo)
                  7009f06e    00000002     --HOLE-- [fill = 0]
                  7009f070    000001c8     lwip-freertos.am263x.r5f.ti-arm-clang.debug.lib : etharp.obj (.text.etharp_raw)
                  7009f238    00000008     --HOLE-- [fill = 0]
                  7009f240    000001c6     enet-cpsw.am263x.r5f.ti-arm-clang.debug.lib : enet_rm_ioctl.obj (.text.EnetRm_allocTxChNum)
                  7009f406    0000000a     --HOLE-- [fill = 0]
                  7009f410    000001c6     lwip-freertos.am263x.r5f.ti-arm-clang.debug.lib : tcp_out.obj (.text.tcp_create_segment)
                  7009f5d6    0000000a     --HOLE-- [fill = 0]
                  7009f5e0    000001c2     enet-cpsw.am263x.r5f.ti-arm-clang.debug.lib : enet.obj (.text.Enet_validateGenericIoctl)
                  7009f7a2    0000000e     --HOLE-- [fill = 0]
                  7009f7b0    000001c0     lwip-freertos.am263x.r5f.ti-arm-clang.debug.lib : tcp.obj (.text.tcp_bind)
                  7009f970    000001bc                                                     : api_msg.obj (.text.lwip_netconn_do_listen)
                  7009fb2c    00000004     --HOLE-- [fill = 0]
                  7009fb30    000001ba                                                     : udp.obj (.text.udp_sendto)
                  7009fcea    00000006     --HOLE-- [fill = 0]
                  7009fcf0    000001b8     enet-cpsw.am263x.r5f.ti-arm-clang.debug.lib : cpsw_cpts.obj (.text.CpswCpts_open)
                  7009fea8    000001b8     libc.a : memory.c.obj (.text.aligned_alloc)
                  700a0060    000001b8            : memory.c.obj (.text.free)
                  700a0218    00000008     --HOLE-- [fill = 0]
                  700a0220    000001b6     freertos.am263x.r5f.ti-arm-clang.debug.lib : timers.obj (.text.prvProcessReceivedCommands)
                  700a03d6    0000000a     --HOLE-- [fill = 0]
                  700a03e0    000001b4     lwip-freertos.am263x.r5f.ti-arm-clang.debug.lib : tcp_out.obj (.text.tcp_write_checks)
                  700a0594    0000000c     --HOLE-- [fill = 0]
                  700a05a0    000001b0     enet-cpsw.am263x.r5f.ti-arm-clang.debug.lib : cpsw_ale.obj (.text.CpswAle_delPolicerEntry)
                  700a0750    000001b0     lwip-freertos.am263x.r5f.ti-arm-clang.debug.lib : dns.obj (.text.dns_call_found)
                  700a0900    000001b0                                                     : tcp_out.obj (.text.tcp_pbuf_prealloc)
                  700a0ab0    000001ae     ti_enet_open_close.o (.text.EnetApp_ConfigureDscpMapping)
                  700a0c5e    00000002     --HOLE-- [fill = 0]
                  700a0c60    000001ac     freertos.am263x.r5f.ti-arm-clang.debug.lib : TaskP_freertos.obj (.text.TaskP_construct)
                  700a0e0c    00000004     --HOLE-- [fill = 0]
                  700a0e10    000001aa     enet-cpsw.am263x.r5f.ti-arm-clang.debug.lib : mdio_ioctl.obj (.text.Mdio_readRegC45)
                  700a0fba    00000006     --HOLE-- [fill = 0]
                  700a0fc0    000001aa     lwip-freertos.am263x.r5f.ti-arm-clang.debug.lib : mem.obj (.text.mem_free)
                  700a116a    00000006     --HOLE-- [fill = 0]
                  700a1170    000001a8     enet-cpsw.am263x.r5f.ti-arm-clang.debug.lib : enet_appmemutils.obj (.text.EnetDma_checkPktState)
                  700a1318    00000008     --HOLE-- [fill = 0]
                  700a1320    000001a8     lwipif-cpsw-freertos.am263x.r5f.ti-arm-clang.debug.lib : custom_pbuf.obj (.text.EnetDma_checkPktState)
                  700a14c8    00000008     --HOLE-- [fill = 0]
                  700a14d0    000001a8                                                            : lwip2enet.obj (.text.EnetDma_checkPktState)
                  700a1678    00000008     --HOLE-- [fill = 0]
                  700a1680    000001a6     enet-cpsw.am263x.r5f.ti-arm-clang.debug.lib : enetphy.obj (.text.EnetPhy_open)
                  700a1826    0000000a     --HOLE-- [fill = 0]
                  700a1830    000001a6     lwip-freertos.am263x.r5f.ti-arm-clang.debug.lib : api_msg.obj (.text.accept_function)
                  700a19d6    0000000a     --HOLE-- [fill = 0]
                  700a19e0    000001a6                                                     : udp.obj (.text.udp_sendto_if)
                  700a1b86    0000000a     --HOLE-- [fill = 0]
                  700a1b90    000001a6     freertos.am263x.r5f.ti-arm-clang.debug.lib : tasks.obj (.text.xTaskIncrementTick)
                  700a1d36    00000002     --HOLE-- [fill = 0]
                  700a1d38    000001a4     libc.a : fputs.c.obj (.text.fputs)
                  700a1edc    00000004     --HOLE-- [fill = 0]
                  700a1ee0    000001a2     lwip-freertos.am263x.r5f.ti-arm-clang.debug.lib : api_msg.obj (.text.lwip_netconn_do_close)
                  700a2082    0000000e     --HOLE-- [fill = 0]
                  700a2090    000001a2                                                     : api_lib.obj (.text.netconn_new_with_proto_and_callback)
                  700a2232    0000000e     --HOLE-- [fill = 0]
                  700a2240    0000019e     enet-cpsw.am263x.r5f.ti-arm-clang.debug.lib : cpsw_ale_ioctl.obj (.text.CpswAle_addMcastAddr)
                  700a23de    00000002     --HOLE-- [fill = 0]
                  700a23e0    0000019e     lwip-freertos.am263x.r5f.ti-arm-clang.debug.lib : udp.obj (.text.udp_bind)
                  700a257e    00000002     --HOLE-- [fill = 0]
                  700a2580    0000019a                                                     : dns.obj (.text.dns_check_entry)
                  700a271a    00000006     --HOLE-- [fill = 0]
                  700a2720    00000198                                                     : pbuf.obj (.text.pbuf_realloc)
                  700a28b8    00000008     --HOLE-- [fill = 0]
                  700a28c0    00000196                                                     : dhcp.obj (.text.dhcp_reboot)
                  700a2a56    0000000a     --HOLE-- [fill = 0]
                  700a2a60    00000196                                                     : etharp.obj (.text.etharp_input)
                  700a2bf6    0000000a     --HOLE-- [fill = 0]
                  700a2c00    00000196                                                     : tcp_out.obj (.text.tcp_zero_window_probe)
                  700a2d96    0000000a     --HOLE-- [fill = 0]
                  700a2da0    00000194                                                     : dhcp.obj (.text.dhcp_start)
                  700a2f34    0000000c     --HOLE-- [fill = 0]
                  700a2f40    00000192                                                     : ethernet.obj (.text.ethernet_input)
                  700a30d2    0000000e     --HOLE-- [fill = 0]
                  700a30e0    00000190     drivers.am263x.r5f.ti-arm-clang.debug.lib : uart_v0.obj (.text.UART_close)
                  700a3270    00000190     lwip-freertos.am263x.r5f.ti-arm-clang.debug.lib : etharp.obj (.text.etharp_update_arp_entry)
                  700a3400    0000018e     app_cpswconfighandler.o (.text.EnetApp_initLinkArgs)
                  700a358e    00000002     --HOLE-- [fill = 0]
                  700a3590    0000018e     drivers.am263x.r5f.ti-arm-clang.debug.lib : i2c_v1.obj (.text.I2C_transfer)
                  700a371e    00000002     --HOLE-- [fill = 0]
                  700a3720    0000018e     lwip-freertos.am263x.r5f.ti-arm-clang.debug.lib : api_lib.obj (.text.netconn_accept)
                  700a38ae    00000002     --HOLE-- [fill = 0]
                  700a38b0    0000018a                                                     : pbuf.obj (.text.pbuf_copy_partial)
                  700a3a3a    00000006     --HOLE-- [fill = 0]
                  700a3a40    00000186                                                     : tcp.obj (.text.tcp_alloc)
                  700a3bc6    0000000a     --HOLE-- [fill = 0]
                  700a3bd0    00000184     enet-cpsw.am263x.r5f.ti-arm-clang.debug.lib : cpsw_ale.obj (.text.CpswAle_setAleCfg)
                  700a3d54    0000000c     --HOLE-- [fill = 0]
                  700a3d60    00000184     freertos.am263x.r5f.ti-arm-clang.debug.lib : tasks.obj (.text.vTaskSwitchContext)
                  700a3ee4    0000000c     --HOLE-- [fill = 0]
                  700a3ef0    00000182                                                : ClockP_freertos_r5.obj (.text.ClockP_init)
                  700a4072    0000000e     --HOLE-- [fill = 0]
                  700a4080    00000182     enet-cpsw.am263x.r5f.ti-arm-clang.debug.lib : cpsw_macport_est.obj (.text.CpswEst_setState)
                  700a4202    0000000e     --HOLE-- [fill = 0]
                  700a4210    00000182     drivers.am263x.r5f.ti-arm-clang.debug.lib : ipc_rpmsg_vring.obj (.text.RPMessage_vringResetInternal)
                  700a4392    0000000e     --HOLE-- [fill = 0]
                  700a43a0    00000182     freertos.am263x.r5f.ti-arm-clang.debug.lib : queue.obj (.text.xQueueGenericSendFromISR)
                  700a4522    0000000e     --HOLE-- [fill = 0]
                  700a4530    0000017c     enet-cpsw.am263x.r5f.ti-arm-clang.debug.lib : enet_rm.obj (.text.EnetRm_initRxObj)
                  700a46ac    00000004     --HOLE-- [fill = 0]
                  700a46b0    0000017a     drivers.am263x.r5f.ti-arm-clang.debug.lib : ipc_rpmsg.obj (.text.RPMessage_init)
                  700a482a    00000006     --HOLE-- [fill = 0]
                  700a4830    00000178     lwip-freertos.am263x.r5f.ti-arm-clang.debug.lib : sys_arch.obj (.text.sys_arch_mbox_fetch)
                  700a49a8    00000008     --HOLE-- [fill = 0]
                  700a49b0    00000178     freertos.am263x.r5f.ti-arm-clang.debug.lib : tasks.obj (.text.xTaskResumeAll)
                  700a4b28    00000008     --HOLE-- [fill = 0]
                  700a4b30    00000176     enet-cpsw.am263x.r5f.ti-arm-clang.debug.lib : dp83869.obj (.text.Dp83869_config)
                  700a4ca6    0000000a     --HOLE-- [fill = 0]
                  700a4cb0    00000176     ti_enet_open_close.o (.text.EnetApp_driverOpen)
                  700a4e26    0000000a     --HOLE-- [fill = 0]
                  700a4e30    00000176     lwip-freertos.am263x.r5f.ti-arm-clang.debug.lib : dhcp.obj (.text.dhcp_discover)
                  700a4fa6    0000000a     --HOLE-- [fill = 0]
                  700a4fb0    00000176                                                     : sys_arch.obj (.text.sys_sem_new)
                  700a5126    0000000a     --HOLE-- [fill = 0]
                  700a5130    00000172     board.am263x.r5f.ti-arm-clang.debug.lib : eeprom_cat24m.obj (.text.EEPROM_CAT24M_write)
                  700a52a2    0000000e     --HOLE-- [fill = 0]
                  700a52b0    00000172     lwip-freertos.am263x.r5f.ti-arm-clang.debug.lib : ip4.obj (.text.ip4_route)
                  700a5422    0000000e     --HOLE-- [fill = 0]
                  700a5430    0000016e     ti_board_config.o (.text.EnetBoard_getMacAddrList)
                  700a559e    00000002     --HOLE-- [fill = 0]
                  700a55a0    0000016c     lwip-freertos.am263x.r5f.ti-arm-clang.debug.lib : etharp.obj (.text.etharp_output_to_arp_index)
                  700a570c    00000004     --HOLE-- [fill = 0]
                  700a5710    0000016a     enet-cpsw.am263x.r5f.ti-arm-clang.debug.lib : enet_cpdma.obj (.text.EnetDma_openRxCh)
                  700a587a    00000006     --HOLE-- [fill = 0]
                  700a5880    0000016a     drivers.am263x.r5f.ti-arm-clang.debug.lib : uart_v0.obj (.text.UART_configInstance)
                  700a59ea    00000006     --HOLE-- [fill = 0]
                  700a59f0    00000166     lwip-freertos.am263x.r5f.ti-arm-clang.debug.lib : mem.obj (.text.mem_malloc)
                  700a5b56    0000000a     --HOLE-- [fill = 0]
                  700a5b60    00000166                                                     : tcp_in.obj (.text.tcp_parseopt)
                  700a5cc6    0000000a     --HOLE-- [fill = 0]
                  700a5cd0    00000164     enet-cpsw.am263x.r5f.ti-arm-clang.debug.lib : enet_phymdio_dflt.obj (.text.EnetPhyMdioDflt_writeC45)
                  700a5e34    0000000c     --HOLE-- [fill = 0]
                  700a5e40    00000164                                                 : enet_rm.obj (.text.EnetRm_open)
                  700a5fa4    0000000c     --HOLE-- [fill = 0]
                  700a5fb0    00000160                                                 : csl_cpsw.obj (.text.CSL_CPSW_setAlePortControlReg)
                  700a6110    00000160                                                 : cpsw_hostport.obj (.text.CpswHostPort_ioctl)
                  700a6270    00000160                                                 : cpsw_stats.obj (.text.CpswStats_ioctl)
                  700a63d0    00000160                                                 : enet_rm.obj (.text.EnetRm_initMacObj)
                  700a6530    00000160     lwip-freertos.am263x.r5f.ti-arm-clang.debug.lib : inet_chksum.obj (.text.inet_cksum_pseudo_partial_base)
                  700a6690    00000160                                                     : sys_arch.obj (.text.sys_arch_sem_wait)
                  700a67f0    0000015e     enet-cpsw.am263x.r5f.ti-arm-clang.debug.lib : enet_phymdio_dflt.obj (.text.EnetPhyMdioDflt_readC45)
                  700a694e    00000002     --HOLE-- [fill = 0]
                  700a6950    0000015e     lwip-freertos.am263x.r5f.ti-arm-clang.debug.lib : dhcp.obj (.text.dhcp_renew)
                  700a6aae    00000002     --HOLE-- [fill = 0]
                  700a6ab0    0000015e                                                     : tcp_in.obj (.text.tcp_free_acked_segments)
                  700a6c0e    00000002     --HOLE-- [fill = 0]
                  700a6c10    0000015c                                                     : dhcp.obj (.text.dhcp_rebind)
                  700a6d6c    00000004     --HOLE-- [fill = 0]
                  700a6d70    0000015a     enet-cpsw.am263x.r5f.ti-arm-clang.debug.lib : enet_cpdma.obj (.text.EnetCpdma_netChOpen)
                  700a6eca    00000006     --HOLE-- [fill = 0]
                  700a6ed0    00000158                                                 : cpsw_ale.obj (.text.CpswAle_initCfg)
                  700a7028    00000008     --HOLE-- [fill = 0]
                  700a7030    00000158     drivers.am263x.r5f.ti-arm-clang.debug.lib : soc.obj (.text.SOC_controlModuleUnlockMMR)
                  700a7188    00000008     --HOLE-- [fill = 0]
                  700a7190    00000158     lwip-freertos.am263x.r5f.ti-arm-clang.debug.lib : etharp.obj (.text.etharp_tmr)
                  700a72e8    00000008     --HOLE-- [fill = 0]
                  700a72f0    00000158                                                     : raw.obj (.text.raw_input)
                  700a7448    00000008     --HOLE-- [fill = 0]
                  700a7450    00000158                                                     : udp.obj (.text.udp_connect)
                  700a75a8    00000008     --HOLE-- [fill = 0]
                  700a75b0    00000158     freertos.am263x.r5f.ti-arm-clang.debug.lib : queue.obj (.text.xQueueGiveFromISR)
                  700a7708    00000008     --HOLE-- [fill = 0]
                  700a7710    00000154     enet-cpsw.am263x.r5f.ti-arm-clang.debug.lib : enet_phymdio_dflt.obj (.text.EnetPhyMdioDflt_writeC22)
                  700a7864    0000000c     --HOLE-- [fill = 0]
                  700a7870    00000152     drivers.am263x.r5f.ti-arm-clang.debug.lib : ipc_notify_v1.obj (.text.IpcNotify_isr)
                  700a79c2    0000000e     --HOLE-- [fill = 0]
                  700a79d0    00000152     lwip-freertos.am263x.r5f.ti-arm-clang.debug.lib : icmp.obj (.text.icmp_send_response)
                  700a7b22    0000000e     --HOLE-- [fill = 0]
                  700a7b30    00000150     enet-cpsw.am263x.r5f.ti-arm-clang.debug.lib : enet_rm.obj (.text.EnetRm_delCoreAttached)
                  700a7c80    00000150     drivers.am263x.r5f.ti-arm-clang.debug.lib : uart_v0.obj (.text.UART_procLineStatusErr)
                  700a7dd0    00000150     lwip-freertos.am263x.r5f.ti-arm-clang.debug.lib : dhcp.obj (.text.dhcp_handle_ack)
                  700a7f20    0000014e     enet-cpsw.am263x.r5f.ti-arm-clang.debug.lib : enet_cpdma.obj (.text.EnetDma_retrieveRxPktQ)
                  700a806e    00000002     --HOLE-- [fill = 0]
                  700a8070    0000014e     lwip-freertos.am263x.r5f.ti-arm-clang.debug.lib : ip4.obj (.text.ip4_forward)
                  700a81be    00000002     --HOLE-- [fill = 0]
                  700a81c0    0000014e                                                     : sys_arch.obj (.text.sys_arch_unprotect)
                  700a830e    00000002     --HOLE-- [fill = 0]
                  700a8310    0000014c     enet-cpsw.am263x.r5f.ti-arm-clang.debug.lib : enet_phymdio_dflt.obj (.text.EnetPhyMdioDflt_readC22)
                  700a845c    00000004     --HOLE-- [fill = 0]
                  700a8460    0000014c     freertos.am263x.r5f.ti-arm-clang.debug.lib : tasks.obj (.text.vTaskPriorityDisinheritAfterTimeout)
                  700a85ac    00000004     --HOLE-- [fill = 0]
                  700a85b0    0000014a     enet-cpsw.am263x.r5f.ti-arm-clang.debug.lib : enet_cpdma.obj (.text.EnetCpdma_txIsr)
                  700a86fa    00000006     --HOLE-- [fill = 0]
                  700a8700    0000014a     lwip-freertos.am263x.r5f.ti-arm-clang.debug.lib : api_msg.obj (.text.pcb_new)
                  700a884a    00000006     --HOLE-- [fill = 0]
                  700a8850    0000014a     freertos.am263x.r5f.ti-arm-clang.debug.lib : tasks.obj (.text.prvInitialiseNewTask)
                  700a899a    00000006     --HOLE-- [fill = 0]
                  700a89a0    0000014a                                                : queue.obj (.text.xQueueGenericCreateStatic)
                  700a8aea    00000006     --HOLE-- [fill = 0]
                  700a8af0    00000148     enet-cpsw.am263x.r5f.ti-arm-clang.debug.lib : enet_cpdma.obj (.text.EnetCpdma_rxIsrProc)
                  700a8c38    00000008     --HOLE-- [fill = 0]
                  700a8c40    00000148     lwip-freertos.am263x.r5f.ti-arm-clang.debug.lib : tcp_in.obj (.text.tcp_timewait_input)
                  700a8d88    00000008     --HOLE-- [fill = 0]
                  700a8d90    00000146     enet-cpsw.am263x.r5f.ti-arm-clang.debug.lib : enet_cpdma.obj (.text.EnetDma_retrieveTxPktQ)
                  700a8ed6    0000000a     --HOLE-- [fill = 0]
                  700a8ee0    00000146                                                 : enet_cpdma.obj (.text.EnetDma_submitTxPktQ)
                  700a9026    0000000a     --HOLE-- [fill = 0]
                  700a9030    00000146                                                 : mdio.obj (.text.Mdio_ioctl)
                  700a9176    0000000a     --HOLE-- [fill = 0]
                  700a9180    00000146     lwip-freertos.am263x.r5f.ti-arm-clang.debug.lib : udp.obj (.text.udp_input_local_match)
                  700a92c6    00000002     --HOLE-- [fill = 0]
                  700a92c8    00000144     libc.a : setvbuf.c.obj (.text.setvbuf)
                  700a940c    00000004     --HOLE-- [fill = 0]
                  700a9410    00000144     lwip-freertos.am263x.r5f.ti-arm-clang.debug.lib : tcp.obj (.text.tcp_close_shutdown_fin)
                  700a9554    0000000c     --HOLE-- [fill = 0]
                  700a9560    00000142     enet-cpsw.am263x.r5f.ti-arm-clang.debug.lib : cpsw_ale_ioctl.obj (.text.CpswAle_delPortUcastEntries)
                  700a96a2    0000000e     --HOLE-- [fill = 0]
                  700a96b0    00000142                                                 : cpsw_ioctl.obj (.text.Cpsw_closePortLink)
                  700a97f2    0000000e     --HOLE-- [fill = 0]
                  700a9800    00000142                                                 : enet_cpdma.obj (.text.EnetDma_openTxCh)
                  700a9942    0000000e     --HOLE-- [fill = 0]
                  700a9950    00000142     lwip-freertos.am263x.r5f.ti-arm-clang.debug.lib : igmp.obj (.text.igmp_lookup_group)
                  700a9a92    0000000e     --HOLE-- [fill = 0]
                  700a9aa0    00000140     lwipif-cpsw-freertos.am263x.r5f.ti-arm-clang.debug.lib : lwip2enet.obj (.text.Lwip2Enet_periodicFxn)
                  700a9be0    00000140     ti_enet_lwipif.o (.text.LwipifEnetApp_createPollTask)
                  700a9d20    0000013e     enet-cpsw.am263x.r5f.ti-arm-clang.debug.lib : csl_cpsw_ale_9g_tblcfg.obj (.text.CSL_CPSW_setAleVlanUnicastAddrEntry)
                  700a9e5e    00000002     --HOLE-- [fill = 0]
                  700a9e60    0000013e     lwip-freertos.am263x.r5f.ti-arm-clang.debug.lib : tcp.obj (.text.tcp_process_refused_data)
                  700a9f9e    00000002     --HOLE-- [fill = 0]
                  700a9fa0    0000013c     enet-cpsw.am263x.r5f.ti-arm-clang.debug.lib : enet_cpdma.obj (.text.EnetDma_submitRxPktQ)
                  700aa0dc    00000004     --HOLE-- [fill = 0]
                  700aa0e0    0000013a                                                 : enet.obj (.text.Enet_ioctl)
                  700aa21a    00000006     --HOLE-- [fill = 0]
                  700aa220    0000013a     lwipif-cpsw-freertos.am263x.r5f.ti-arm-clang.debug.lib : custom_pbuf.obj (.text.custom_pbuf_free)
                  700aa35a    00000006     --HOLE-- [fill = 0]
                  700aa360    00000138     enet-cpsw.am263x.r5f.ti-arm-clang.debug.lib : enet_osal_dflt.obj (.text.EnetOsalDflt_registerIntr)
                  700aa498    00000008     --HOLE-- [fill = 0]
                  700aa4a0    00000138     freertos.am263x.r5f.ti-arm-clang.debug.lib : printf.obj (.text._ntoa_long_long)
                  700aa5d8    00000008     --HOLE-- [fill = 0]
                  700aa5e0    00000138     lwip-freertos.am263x.r5f.ti-arm-clang.debug.lib : tcp_out.obj (.text.tcp_rst)
                  700aa718    00000008     --HOLE-- [fill = 0]
                  700aa720    00000136     enet-cpsw.am263x.r5f.ti-arm-clang.debug.lib : enet_appmemutils.obj (.text.EnetMem_initMemObjs)
                  700aa856    0000000a     --HOLE-- [fill = 0]
                  700aa860    00000136                                                 : enet_phymdio_dflt.obj (.text.EnetPhyMdioDflt_isAlive)
                  700aa996    0000000a     --HOLE-- [fill = 0]
                  700aa9a0    00000136                                                 : enet_phymdio_dflt.obj (.text.EnetPhyMdioDflt_isLinked)
                  700aaad6    0000000a     --HOLE-- [fill = 0]
                  700aaae0    00000136     lwip-freertos.am263x.r5f.ti-arm-clang.debug.lib : tcp_in.obj (.text.tcp_oos_insert_segment)
                  700aac16    0000000a     --HOLE-- [fill = 0]
                  700aac20    00000134     enet-cpsw.am263x.r5f.ti-arm-clang.debug.lib : cpsw.obj (.text.Cpsw_dmaMiscIsr)
                  700aad54    0000000c     --HOLE-- [fill = 0]
                  700aad60    00000134     lwipif-cpsw-freertos.am263x.r5f.ti-arm-clang.debug.lib : lwip2enet.obj (.text.Lwip2Enet_initRxObj)
                  700aae94    0000000c     --HOLE-- [fill = 0]
                  700aaea0    00000134     drivers.am263x.r5f.ti-arm-clang.debug.lib : ipc_rpmsg_vring.obj (.text.RPMessage_vringReset)
                  700aafd4    0000000c     --HOLE-- [fill = 0]
                  700aafe0    00000134     freertos.am263x.r5f.ti-arm-clang.debug.lib : queue.obj (.text.xQueueReceiveFromISR)
                  700ab114    0000000c     --HOLE-- [fill = 0]
                  700ab120    00000132     enet-cpsw.am263x.r5f.ti-arm-clang.debug.lib : csl_cpsw_ale_9g_tblcfg.obj (.text.CSL_CPSW_setAleVlanMcastAddrEntry)
                  700ab252    0000000e     --HOLE-- [fill = 0]
                  700ab260    00000130                                                 : csl_cpsw_ale_9g_tblcfg.obj (.text.CSL_CPSW_setAleUnicastAddrEntry)
                  700ab390    00000130     ti_enet_open_close.o (.text.EnetApp_driverClose)
                  700ab4c0    00000130     enet-cpsw.am263x.r5f.ti-arm-clang.debug.lib : enet.obj (.text.EnetMod_open)
                  700ab5f0    00000130                                                 : enet.obj (.text.EnetPer_open)
                  700ab720    0000012e     lwip-freertos.am263x.r5f.ti-arm-clang.debug.lib : igmp.obj (.text.igmp_send)
                  700ab84e    00000002     --HOLE-- [fill = 0]
                  700ab850    0000012c     lwipif-cpsw-freertos.am263x.r5f.ti-arm-clang.debug.lib : lwip2enet.obj (.text.Lwip2Enet_initTxObj)
                  700ab97c    00000004     --HOLE-- [fill = 0]
                  700ab980    0000012a     enet-cpsw.am263x.r5f.ti-arm-clang.debug.lib : enet_utils.obj (.text.EnetUtils_macToPhyMii)
                  700abaaa    00000006     --HOLE-- [fill = 0]
                  700abab0    0000012a     lwip-freertos.am263x.r5f.ti-arm-clang.debug.lib : netif.obj (.text.netif_set_addr)
                  700abbda    00000006     --HOLE-- [fill = 0]
                  700abbe0    00000128     enet-cpsw.am263x.r5f.ti-arm-clang.debug.lib : cpsw.obj (.text.Cpsw_initCfg)
                  700abd08    00000008     --HOLE-- [fill = 0]
                  700abd10    00000128     freertos.am263x.r5f.ti-arm-clang.debug.lib : port.obj (.text.pxPortInitialiseStack)
                  700abe38    00000008     --HOLE-- [fill = 0]
                  700abe40    00000126     enet-cpsw.am263x.r5f.ti-arm-clang.debug.lib : cpsw_macport.obj (.text.CpswMacPort_ioctl)
                  700abf66    0000000a     --HOLE-- [fill = 0]
                  700abf70    00000126     drivers.am263x.r5f.ti-arm-clang.debug.lib : soc.obj (.text.SOC_controlModuleLockMMR)
                  700ac096    0000000a     --HOLE-- [fill = 0]
                  700ac0a0    00000126     lwip-freertos.am263x.r5f.ti-arm-clang.debug.lib : dhcp.obj (.text.dhcp_release_and_stop)
                  700ac1c6    0000000a     --HOLE-- [fill = 0]
                  700ac1d0    00000126                                                     : pbuf.obj (.text.pbuf_take_at)
                  700ac2f6    0000000a     --HOLE-- [fill = 0]
                  700ac300    00000126                                                     : timeouts.obj (.text.sys_timeout_abs)
                  700ac426    0000000a     --HOLE-- [fill = 0]
                  700ac430    00000126                                                     : tcp_out.obj (.text.tcp_rexmit)
                  700ac556    0000000a     --HOLE-- [fill = 0]
                  700ac560    00000124     enet-cpsw.am263x.r5f.ti-arm-clang.debug.lib : csl_cpsw_ale_9g_tblcfg.obj (.text.CSL_CPSW_setAleMcastAddrEntry)
                  700ac684    0000000c     --HOLE-- [fill = 0]
                  700ac690    00000124                                                 : cpsw_ale.obj (.text.CpswAle_setIoctlHandlerFxn)
                  700ac7b4    0000000c     --HOLE-- [fill = 0]
                  700ac7c0    00000124                                                 : cpsw_cpts.obj (.text.CpswCpts_setIoctlHandlerFxn)
                  700ac8e4    0000000c     --HOLE-- [fill = 0]
                  700ac8f0    00000124                                                 : cpsw_hostport.obj (.text.CpswHostPort_setIoctlHandlerFxn)
                  700aca14    0000000c     --HOLE-- [fill = 0]
                  700aca20    00000124                                                 : cpsw_macport_est.obj (.text.CpswMacPortEst_setIoctlHandlerFxn)
                  700acb44    0000000c     --HOLE-- [fill = 0]
                  700acb50    00000124                                                 : cpsw_macport.obj (.text.CpswMacPort_setIoctlHandlerFxn)
                  700acc74    0000000c     --HOLE-- [fill = 0]
                  700acc80    00000124                                                 : cpsw_stats.obj (.text.CpswStats_setIoctlHandlerFxn)
                  700acda4    0000000c     --HOLE-- [fill = 0]
                  700acdb0    00000124                                                 : cpsw.obj (.text.Cpsw_setIoctlHandlerFxn)
                  700aced4    0000000c     --HOLE-- [fill = 0]
                  700acee0    00000124                                                 : enet_phymdio_dflt.obj (.text.EnetPhyMdioDflt_setIoctlHandlerFxn)
                  700ad004    0000000c     --HOLE-- [fill = 0]
                  700ad010    00000124                                                 : enet_rm.obj (.text.EnetRm_setIoctlHandlerFxn)
                  700ad134    0000000c     --HOLE-- [fill = 0]
                  700ad140    00000124                                                 : mdio.obj (.text.Mdio_setIoctlHandlerFxn)
                  700ad264    0000000c     --HOLE-- [fill = 0]
                  700ad270    00000122                                                 : cpsw_ale_ioctl.obj (.text.CpswAle_addUcastAddr)
                  700ad392    0000000e     --HOLE-- [fill = 0]
                  700ad3a0    00000122                                                 : enet_cpdmautils.obj (.text.EnetAppUtils_isDescCached)
                  700ad4c2    0000000e     --HOLE-- [fill = 0]
                  700ad4d0    00000122                                                 : mdio_manual_ioctl.obj (.text.Mdio_manualModePhyRegValReadC45)
                  700ad5f2    0000000e     --HOLE-- [fill = 0]
                  700ad600    00000122     lwip-freertos.am263x.r5f.ti-arm-clang.debug.lib : api_msg.obj (.text.netconn_alloc)
                  700ad722    0000000e     --HOLE-- [fill = 0]
                  700ad730    00000120     enet-cpsw.am263x.r5f.ti-arm-clang.debug.lib : cpsw_est.obj (.text.CpswEst_setIoctlHandlerFxn)
                  700ad850    00000120                                                 : enet_rm_ioctl.obj (.text.EnetRm_allocInternalRxFlowIdx)
                  700ad970    0000011e     drivers.am263x.r5f.ti-arm-clang.debug.lib : ipc_rpmsg.obj (.text.RPMessage_recvHandler)
                  700ada8e    00000002     --HOLE-- [fill = 0]
                  700ada90    0000011e     lwip-freertos.am263x.r5f.ti-arm-clang.debug.lib : pbuf.obj (.text.pbuf_add_header_impl)
                  700adbae    00000002     --HOLE-- [fill = 0]
                  700adbb0    0000011e                                                     : pbuf.obj (.text.pbuf_cat)
                  700adcce    00000002     --HOLE-- [fill = 0]
                  700adcd0    0000011c     enet-cpsw.am263x.r5f.ti-arm-clang.debug.lib : csl_cpsw_ale_9g_tblcfg.obj (.text.CSL_CPSW_setAleVlanEntry)
                  700addec    00000004     --HOLE-- [fill = 0]
                  700addf0    0000011c                                                 : enet_cpdma.obj (.text.EnetCpdma_setSOPInfo)
                  700adf0c    00000004     --HOLE-- [fill = 0]
                  700adf10    0000011c                                                 : enet_queue.obj (.text.EnetQueue_append)
                  700ae02c    00000004     --HOLE-- [fill = 0]
                  700ae030    0000011c                                                 : enet_utils.obj (.text.EnetUtils_delayNs)
                  700ae14c    00000004     --HOLE-- [fill = 0]
                  700ae150    0000011c                                                 : mdio_ioctl.obj (.text.Mdio_writeRegC45)
                  700ae26c    00000004     --HOLE-- [fill = 0]
                  700ae270    0000011c     drivers.am263x.r5f.ti-arm-clang.debug.lib : soc_rcm.obj (.text.SOC_rcmGetPeripheralClockFrequency)
                  700ae38c    00000004     --HOLE-- [fill = 0]
                  700ae390    0000011c     lwip-freertos.am263x.r5f.ti-arm-clang.debug.lib : api_msg.obj (.text.recv_raw)
                  700ae4ac    00000004     --HOLE-- [fill = 0]
                  700ae4b0    0000011c                                                     : tcp_out.obj (.text.tcp_rexmit_rto_prepare)
                  700ae5cc    00000004     --HOLE-- [fill = 0]
                  700ae5d0    0000011a     enet-cpsw.am263x.r5f.ti-arm-clang.debug.lib : csl_cpsw_ale_9g_tblcfg.obj (.text.CSL_CPSW_setAleOutVlanEntry)
                  700ae6ea    00000006     --HOLE-- [fill = 0]
                  700ae6f0    0000011a                                                 : enetphy.obj (.text.EnetPhy_resetWaitState)
                  700ae80a    00000006     --HOLE-- [fill = 0]
                  700ae810    0000011a                                                 : enetphy.obj (.text.EnetPhy_setupManual)
                  700ae92a    00000006     --HOLE-- [fill = 0]
                  700ae930    0000011a     freertos.am263x.r5f.ti-arm-clang.debug.lib : tasks.obj (.text.eTaskGetState)
                  700aea4a    00000006     --HOLE-- [fill = 0]
                  700aea50    00000118     enet-cpsw.am263x.r5f.ti-arm-clang.debug.lib : enet_cpdma.obj (.text.EnetCpdma_initRxChannel)
                  700aeb68    00000008     --HOLE-- [fill = 0]
                  700aeb70    00000118                                                 : enetphy.obj (.text.EnetPhy_setupNway)
                  700aec88    00000008     --HOLE-- [fill = 0]
                  700aec90    00000118     ti_enet_lwipif.o (.text.LwipifEnetAppCb_getEnetLwipIfInstInfo)
                  700aeda8    00000008     --HOLE-- [fill = 0]
                  700aedb0    00000118     freertos.am263x.r5f.ti-arm-clang.debug.lib : TaskP_freertos.obj (.text.TaskP_loadUpdateAll)
                  700aeec8    00000008     --HOLE-- [fill = 0]
                  700aeed0    00000118     lwip-freertos.am263x.r5f.ti-arm-clang.debug.lib : sys_arch.obj (.text.sys_mbox_trypost)
                  700aefe8    00000008     --HOLE-- [fill = 0]
                  700aeff0    00000118                                                     : tcp.obj (.text.tcp_update_rcv_ann_wnd)
                  700af108    00000118     libclang_rt.builtins.a : udivmoddi4.S.obj (.text)
                  700af220    00000116     enet-cpsw.am263x.r5f.ti-arm-clang.debug.lib : mdio_ioctl.obj (.text.Mdio_handleIntr)
                  700af336    0000000a     --HOLE-- [fill = 0]
                  700af340    00000116                                                 : mdio_manual_ioctl.obj (.text.Mdio_manualModePhyRegRead22)
                  700af456    0000000a     --HOLE-- [fill = 0]
                  700af460    00000116     drivers.am263x.r5f.ti-arm-clang.debug.lib : uart_v0.obj (.text.UART_divisorLatchWrite)
                  700af576    0000000a     --HOLE-- [fill = 0]
                  700af580    00000116     lwip-freertos.am263x.r5f.ti-arm-clang.debug.lib : sys_arch.obj (.text.sys_mbox_free)
                  700af696    0000000a     --HOLE-- [fill = 0]
                  700af6a0    00000114     freertos.am263x.r5f.ti-arm-clang.debug.lib : printf.obj (.text._ntoa_long)
                  700af7b4    0000000c     --HOLE-- [fill = 0]
                  700af7c0    00000112     lwip-freertos.am263x.r5f.ti-arm-clang.debug.lib : sys_arch.obj (.text.sys_arch_mbox_tryfetch)
                  700af8d2    0000000e     --HOLE-- [fill = 0]
                  700af8e0    00000110     enet-cpsw.am263x.r5f.ti-arm-clang.debug.lib : cpsw_ale.obj (.text.CpswAle_ioctl)
                  700af9f0    00000110                                                 : cpsw_cpts.obj (.text.CpswCpts_ioctl)
                  700afb00    00000110                                                 : enet_rm.obj (.text.EnetRm_validateResPartInfo)
                  700afc10    0000010e     drivers.am263x.r5f.ti-arm-clang.debug.lib : soc_rcm.obj (.text.SOC_rcmADPLLJGetFOut)
                  700afd1e    00000002     --HOLE-- [fill = 0]
                  700afd20    0000010e     app_main.o (.text.appMain)
                  700afe2e    00000002     --HOLE-- [fill = 0]
                  700afe30    0000010e     freertos.am263x.r5f.ti-arm-clang.debug.lib : tasks.obj (.text.prvAddNewTaskToReadyList)
                  700aff3e    00000002     --HOLE-- [fill = 0]
                  700aff40    0000010e     lwip-freertos.am263x.r5f.ti-arm-clang.debug.lib : tcp.obj (.text.tcp_recved)
                  700b004e    00000002     --HOLE-- [fill = 0]
                  700b0050    0000010e     freertos.am263x.r5f.ti-arm-clang.debug.lib : tasks.obj (.text.xTaskPriorityInherit)
                  700b015e    00000002     --HOLE-- [fill = 0]
                  700b0160    0000010c     enet-cpsw.am263x.r5f.ti-arm-clang.debug.lib : enet_cpdma.obj (.text.EnetCpdma_initTxChannel)
                  700b026c    00000004     --HOLE-- [fill = 0]
                  700b0270    0000010c                                                 : enetphy.obj (.text.EnetPhy_rmwReg)
                  700b037c    00000004     --HOLE-- [fill = 0]
                  700b0380    0000010c     lwip-freertos.am263x.r5f.ti-arm-clang.debug.lib : sys_arch.obj (.text.sys_arch_protect)
                  700b048c    00000004     --HOLE-- [fill = 0]
                  700b0490    0000010c                                                     : tcp_out.obj (.text.tcp_output_control_segment)
                  700b059c    00000004     --HOLE-- [fill = 0]
                  700b05a0    0000010a     enet-cpsw.am263x.r5f.ti-arm-clang.debug.lib : csl_cpsw.obj (.text.CSL_CPSW_setCpswControlReg)
                  700b06aa    00000006     --HOLE-- [fill = 0]
                  700b06b0    0000010a                                                 : enet_rm.obj (.text.EnetRm_initTxObj)
                  700b07ba    00000006     --HOLE-- [fill = 0]
                  700b07c0    0000010a     freertos.am263x.r5f.ti-arm-clang.debug.lib : tasks.obj (.text.vTaskDelete)
                  700b08ca    00000006     --HOLE-- [fill = 0]
                  700b08d0    00000108     lwip-freertos.am263x.r5f.ti-arm-clang.debug.lib : sys_arch.obj (.text.sys_mbox_new)
                  700b09d8    00000008     --HOLE-- [fill = 0]
                  700b09e0    00000108                                                     : tcp_out.obj (.text.tcp_output_alloc_header_common)
                  700b0ae8    00000008     --HOLE-- [fill = 0]
                  700b0af0    00000106     drivers.am263x.r5f.ti-arm-clang.debug.lib : ipc_notify_v1.obj (.text.IpcNotify_sendMsg)
                  700b0bf6    0000000a     --HOLE-- [fill = 0]
                  700b0c00    00000106     lwip-freertos.am263x.r5f.ti-arm-clang.debug.lib : pbuf.obj (.text.pbuf_remove_header)
                  700b0d06    0000000a     --HOLE-- [fill = 0]
                  700b0d10    00000104     enet-cpsw.am263x.r5f.ti-arm-clang.debug.lib : csl_cpsw.obj (.text.CSL_CPSW_setPortEstConfig)
                  700b0e14    0000000c     --HOLE-- [fill = 0]
                  700b0e20    00000104     lwip-freertos.am263x.r5f.ti-arm-clang.debug.lib : dhcp.obj (.text.dhcp_decline)
                  700b0f24    0000000c     --HOLE-- [fill = 0]
                  700b0f30    00000102     enet-cpsw.am263x.r5f.ti-arm-clang.debug.lib : cpsw_cpts_ioctl.obj (.text.CpswCpts_ioctl_handler_CPSW_CPTS_IOCTL_SET_ESTF)
                  700b1032    0000000e     --HOLE-- [fill = 0]
                  700b1040    00000102     lwip-freertos.am263x.r5f.ti-arm-clang.debug.lib : ip4_addr.obj (.text.ip4addr_ntoa_r)
                  700b1142    0000000e     --HOLE-- [fill = 0]
                  700b1150    00000102                                                     : api_msg.obj (.text.netconn_free)
                  700b1252    0000000e     --HOLE-- [fill = 0]
                  700b1260    00000102                                                     : netif.obj (.text.netif_do_set_ipaddr)
                  700b1362    0000000e     --HOLE-- [fill = 0]
                  700b1370    00000100     enet-cpsw.am263x.r5f.ti-arm-clang.debug.lib : enetphy.obj (.text.EnetPhy_getId)
                  700b1470    00000100                                                 : enet_rm.obj (.text.EnetRm_ioctl)
                  700b1570    00000100     freertos.am263x.r5f.ti-arm-clang.debug.lib : tasks.obj (.text.xTaskPriorityDisinherit)
                  700b1670    000000fe     enet-cpsw.am263x.r5f.ti-arm-clang.debug.lib : cpsw_stats.obj (.text.CpswStats_resetMacStats)
                  700b176e    00000002     --HOLE-- [fill = 0]
                  700b1770    000000fe     lwip-freertos.am263x.r5f.ti-arm-clang.debug.lib : api_msg.obj (.text.poll_tcp)
                  700b186e    00000002     --HOLE-- [fill = 0]
                  700b1870    000000fe                                                     : tcp_out.obj (.text.tcp_send_empty_ack)
                  700b196e    00000002     --HOLE-- [fill = 0]
                  700b1970    000000fe     freertos.am263x.r5f.ti-arm-clang.debug.lib : queue.obj (.text.xQueueGenericCreate)
                  700b1a6e    00000002     --HOLE-- [fill = 0]
                  700b1a70    000000fc     ti_enet_open_close.o (.text.EnetAppUtils_openRxCh)
                  700b1b6c    00000004     --HOLE-- [fill = 0]
                  700b1b70    000000fc     ti_enet_open_close.o (.text.EnetApp_createPhyStateHandlerTask)
                  700b1c6c    00000004     --HOLE-- [fill = 0]
                  700b1c70    000000fc     enet-cpsw.am263x.r5f.ti-arm-clang.debug.lib : enet_osal_dflt.obj (.text.EnetOsalDflt_createMutex)
                  700b1d6c    00000004     --HOLE-- [fill = 0]
                  700b1d70    000000fa                                                 : dp83869.obj (.text.Dp83869_setClkDelay)
                  700b1e6a    00000006     --HOLE-- [fill = 0]
                  700b1e70    000000fa                                                 : enet_cpdma_priv.obj (.text.EnetCpdmaStats_updateNotifyStats)
                  700b1f6a    00000006     --HOLE-- [fill = 0]
                  700b1f70    000000fa     lwipif-cpsw-freertos.am263x.r5f.ti-arm-clang.debug.lib : lwip2lwipif.obj (.text.LWIPIF_LWIP_UdpLiteValidateChkSum)
                  700b206a    00000006     --HOLE-- [fill = 0]
                  700b2070    000000f8     enet-cpsw.am263x.r5f.ti-arm-clang.debug.lib : cpsw.obj (.text.Cpsw_ioctlInternal)
                  700b2168    00000008     --HOLE-- [fill = 0]
                  700b2170    000000f8                                                 : enetphy.obj (.text.EnetPhy_tick)
                  700b2268    00000008     --HOLE-- [fill = 0]
                  700b2270    000000f6                                                 : csl_cpts.obj (.text.CSL_CPTS_setCntlReg)
                  700b2366    0000000a     --HOLE-- [fill = 0]
                  700b2370    000000f6                                                 : cpsw.obj (.text.Cpsw_handleMdioLinkStateChange)
                  700b2466    0000000a     --HOLE-- [fill = 0]
                  700b2470    000000f6                                                 : cpsw_ioctl.obj (.text.Cpsw_internalIoctl_handler_ENET_PER_IOCTL_ATTACH_CORE)
                  700b2566    0000000a     --HOLE-- [fill = 0]
                  700b2570    000000f6     ti_board_config.o (.text.EnetBoard_setupPorts)
                  700b2666    0000000a     --HOLE-- [fill = 0]
                  700b2670    000000f6     enet-cpsw.am263x.r5f.ti-arm-clang.debug.lib : enet_queue.obj (.text.EnetQueue_enq)
                  700b2766    0000000a     --HOLE-- [fill = 0]
                  700b2770    000000f6     lwip-freertos.am263x.r5f.ti-arm-clang.debug.lib : ip4_frag.obj (.text.ip_reass_remove_oldest_datagram)
                  700b2866    0000000a     --HOLE-- [fill = 0]
                  700b2870    000000f4     enet-cpsw.am263x.r5f.ti-arm-clang.debug.lib : enet_apputils.obj (.text.EnetAppUtils_reduceCoreMacAllocation)
                  700b2964    0000000c     --HOLE-- [fill = 0]
                  700b2970    000000f4     ti_enet_open_close.o (.text.EnetApp_getRxDmaHandle)
                  700b2a64    0000000c     --HOLE-- [fill = 0]
                  700b2a70    000000f4     enet-cpsw.am263x.r5f.ti-arm-clang.debug.lib : enet.obj (.text.EnetPer_ioctl)
                  700b2b64    0000000c     --HOLE-- [fill = 0]
                  700b2b70    000000f4                                                 : enet.obj (.text.Enet_open)
                  700b2c64    0000000c     --HOLE-- [fill = 0]
                  700b2c70    000000f2                                                 : cpsw_macport.obj (.text.CpswMacPort_setSwitchTxSched)
                  700b2d62    0000000e     --HOLE-- [fill = 0]
                  700b2d70    000000f2                                                 : enetphy.obj (.text.EnetPhy_isPhyLinked)
                  700b2e62    0000000e     --HOLE-- [fill = 0]
                  700b2e70    000000f2                                                 : enet_queue.obj (.text.EnetQueue_verifyQCount)
                  700b2f62    0000000e     --HOLE-- [fill = 0]
                  700b2f70    000000f0     freertos.am263x.r5f.ti-arm-clang.debug.lib : ClockP_freertos.obj (.text.ClockP_construct)
                  700b3060    000000f0     enet-cpsw.am263x.r5f.ti-arm-clang.debug.lib : enet.obj (.text.EnetMod_ioctl)
                  700b3150    000000f0     lwip-freertos.am263x.r5f.ti-arm-clang.debug.lib : sys_arch.obj (.text.sys_sem_signal)
                  700b3240    000000f0                                                     : tcp.obj (.text.tcp_shutdown)
                  700b3330    000000ee                                                     : tcp_out.obj (.text.tcp_rexmit_fast)
                  700b341e    00000002     --HOLE-- [fill = 0]
                  700b3420    000000ee     freertos.am263x.r5f.ti-arm-clang.debug.lib : tasks.obj (.text.vTaskStartScheduler)
                  700b350e    00000002     --HOLE-- [fill = 0]
                  700b3510    000000ee                                                : tasks.obj (.text.xTaskCreateStatic)
                  700b35fe    00000002     --HOLE-- [fill = 0]
                  700b3600    000000ec     enet-cpsw.am263x.r5f.ti-arm-clang.debug.lib : cpsw_ioctl.obj (.text.Cpsw_internalIoctl_handler_ENET_PER_IOCTL_OPEN_PORT_LINK)
                  700b36ec    00000004     --HOLE-- [fill = 0]
                  700b36f0    000000ec                                                 : enet_rm_ioctl.obj (.text.EnetRm_addCoreAttached)
                  700b37dc    00000004     --HOLE-- [fill = 0]
                  700b37e0    000000ec     lwip-freertos.am263x.r5f.ti-arm-clang.debug.lib : tcp.obj (.text.tcp_pcb_purge)
                  700b38cc    00000004     --HOLE-- [fill = 0]
                  700b38d0    000000ea     enet-cpsw.am263x.r5f.ti-arm-clang.debug.lib : enetphy.obj (.text.EnetPhy_getManualCaps)
                  700b39ba    00000006     --HOLE-- [fill = 0]
                  700b39c0    000000e8                                                 : enet_apputils.obj (.text.EnetAppUtils_initResourceConfig)
                  700b3aa8    00000008     --HOLE-- [fill = 0]
                  700b3ab0    000000e8                                                 : enetphy.obj (.text.EnetPhy_findCommonCaps)
                  700b3b98    00000008     --HOLE-- [fill = 0]
                  700b3ba0    000000e8     lwip-freertos.am263x.r5f.ti-arm-clang.debug.lib : tcpip.obj (.text.tcpip_init)
                  700b3c88    00000008     --HOLE-- [fill = 0]
                  700b3c90    000000e6     enet-cpsw.am263x.r5f.ti-arm-clang.debug.lib : cpsw_ale.obj (.text.CpswAle_addDefaultEntries)
                  700b3d76    0000000a     --HOLE-- [fill = 0]
                  700b3d80    000000e6                                                 : enetphy.obj (.text.EnetPhy_isAlive)
                  700b3e66    0000000a     --HOLE-- [fill = 0]
                  700b3e70    000000e6                                                 : enet_rm_ioctl.obj (.text.EnetRm_allocRxFlowIdx)
                  700b3f56    0000000a     --HOLE-- [fill = 0]
                  700b3f60    000000e6     drivers.am263x.r5f.ti-arm-clang.debug.lib : soc_rcm.obj (.text.SOC_rcmGetCoreFout)
                  700b4046    0000000a     --HOLE-- [fill = 0]
                  700b4050    000000e6                                               : soc_rcm.obj (.text.SOC_rcmGetPerFout)
                  700b4136    0000000a     --HOLE-- [fill = 0]
                  700b4140    000000e6     lwip-freertos.am263x.r5f.ti-arm-clang.debug.lib : tcp.obj (.text.tcp_fasttmr)
                  700b4226    0000000a     --HOLE-- [fill = 0]
                  700b4230    000000e4     enet-cpsw.am263x.r5f.ti-arm-clang.debug.lib : csl_cpts.obj (.text.CSL_CPTS_setupESTFn)
                  700b4314    0000000c     --HOLE-- [fill = 0]
                  700b4320    000000e4                                                 : enet_rm.obj (.text.EnetRm_getFreeQ)
                  700b4404    0000000c     --HOLE-- [fill = 0]
                  700b4410    000000e2                                                 : csl_cpsw.obj (.text.CSL_CPSW_getAlePortControlReg)
                  700b44f2    0000000e     --HOLE-- [fill = 0]
                  700b4500    000000e2                                                 : enet_rm_ioctl.obj (.text.EnetRm_freeMacAddr)
                  700b45e2    0000000e     --HOLE-- [fill = 0]
                  700b45f0    000000e2     lwipif-cpsw-freertos.am263x.r5f.ti-arm-clang.debug.lib : lwip2enet.obj (.text.Lwip2Enet_sendTxPackets)
                  700b46d2    0000000e     --HOLE-- [fill = 0]
                  700b46e0    000000e2     lwip-freertos.am263x.r5f.ti-arm-clang.debug.lib : sys_arch.obj (.text.sys_mutex_lock)
                  700b47c2    0000000e     --HOLE-- [fill = 0]
                  700b47d0    000000e2     freertos.am263x.r5f.ti-arm-clang.debug.lib : tasks.obj (.text.vTaskGetInfo)
                  700b48b2    0000000e     --HOLE-- [fill = 0]
                  700b48c0    000000e0     app_tcpserver.o (.text.AppTcp_ServerTask)
                  700b49a0    000000e0     enet-cpsw.am263x.r5f.ti-arm-clang.debug.lib : cpsw_ale_ioctl.obj (.text.CpswAle_findAddr)
                  700b4a80    000000e0     lwipif-cpsw-freertos.am263x.r5f.ti-arm-clang.debug.lib : lwip2enet.obj (.text.Lwip2Enet_rxPktHandler)
                  700b4b60    000000e0     enet-cpsw.am263x.r5f.ti-arm-clang.debug.lib : mdio_ioctl.obj (.text.Mdio_normal_ioctl_handler_ENET_MDIO_IOCTL_C22_READ)
                  700b4c40    000000e0     lwip-freertos.am263x.r5f.ti-arm-clang.debug.lib : dhcp.obj (.text.dhcp_inc_pcb_refcount)
                  700b4d20    000000e0                                                     : api_msg.obj (.text.sent_tcp)
                  700b4e00    000000e0     freertos.am263x.r5f.ti-arm-clang.debug.lib : tasks.obj (.text.xTaskCheckForTimeOut)
                  700b4ee0    000000de     enet-cpsw.am263x.r5f.ti-arm-clang.debug.lib : csl_cpsw_ale_9g_tblcfg.obj (.text.CSL_CPSW_getAleVlanUnicastAddrEntry)
                  700b4fbe    00000002     --HOLE-- [fill = 0]
                  700b4fc0    000000de     drivers.am263x.r5f.ti-arm-clang.debug.lib : uart_v0.obj (.text.UART_intrEnable)
                  700b509e    00000002     --HOLE-- [fill = 0]
                  700b50a0    000000de     freertos.am263x.r5f.ti-arm-clang.debug.lib : timers.obj (.text.prvSwitchTimerLists)
                  700b517e    00000002     --HOLE-- [fill = 0]
                  700b5180    000000de     lwip-freertos.am263x.r5f.ti-arm-clang.debug.lib : sys_arch.obj (.text.sys_mutex_unlock)
                  700b525e    00000002     --HOLE-- [fill = 0]
                  700b5260    000000dc     enet-cpsw.am263x.r5f.ti-arm-clang.debug.lib : cpsw.obj (.text.Cpsw_close)
                  700b533c    00000004     --HOLE-- [fill = 0]
                  700b5340    000000dc                                                 : enet_rm_ioctl.obj (.text.EnetRm_freeTxChNum)
                  700b541c    00000004     --HOLE-- [fill = 0]
                  700b5420    000000dc     drivers.am263x.r5f.ti-arm-clang.debug.lib : ipc_rpmsg_vring.obj (.text.RPMessage_vringGetFullRxBuf)
                  700b54fc    00000004     --HOLE-- [fill = 0]
                  700b5500    000000da                                               : uart_v0.obj (.text.UART_intrDisable)
                  700b55da    00000006     --HOLE-- [fill = 0]
                  700b55e0    000000da     lwip-freertos.am263x.r5f.ti-arm-clang.debug.lib : ethernet.obj (.text.ethernet_output)
                  700b56ba    00000006     --HOLE-- [fill = 0]
                  700b56c0    000000d8     enet-cpsw.am263x.r5f.ti-arm-clang.debug.lib : cpsw_macport_ioctl.obj (.text.CpswMacPort_ioctl_handler_ENET_MACPORT_IOCTL_SET_INGRESS_DSCP_PRI_MAP)
                  700b5798    00000008     --HOLE-- [fill = 0]
                  700b57a0    000000d8     lwip-freertos.am263x.r5f.ti-arm-clang.debug.lib : api_msg.obj (.text.netconn_drain)
                  700b5878    00000008     --HOLE-- [fill = 0]
                  700b5880    000000d8                                                     : tcp.obj (.text.tcp_eff_send_mss_netif)
                  700b5958    00000008     --HOLE-- [fill = 0]
                  700b5960    000000d8     freertos.am263x.r5f.ti-arm-clang.debug.lib : tasks.obj (.text.xTaskRemoveFromEventList)
                  700b5a38    00000008     --HOLE-- [fill = 0]
                  700b5a40    000000d6     enet-cpsw.am263x.r5f.ti-arm-clang.debug.lib : enetphy.obj (.text.EnetPhy_nwayWaitState)
                  700b5b16    0000000a     --HOLE-- [fill = 0]
                  700b5b20    000000d6     drivers.am263x.r5f.ti-arm-clang.debug.lib : ipc_rpmsg_vring.obj (.text.RPMessage_vringPutEmptyRxBuf)
                  700b5bf6    0000000a     --HOLE-- [fill = 0]
                  700b5c00    000000d6     lwip-freertos.am263x.r5f.ti-arm-clang.debug.lib : tcp.obj (.text.tcp_kill_state)
                  700b5cd6    0000000a     --HOLE-- [fill = 0]
                  700b5ce0    000000d4     enet-cpsw.am263x.r5f.ti-arm-clang.debug.lib : cpsw_ale_ioctl.obj (.text.CpswAle_ioctl_handler_CPSW_ALE_IOCTL_ADD_UCAST)
                  700b5db4    0000000c     --HOLE-- [fill = 0]
                  700b5dc0    000000d4                                                 : enet_rm.obj (.text.EnetRm_freeResource)
                  700b5e94    0000000c     --HOLE-- [fill = 0]
                  700b5ea0    000000d4                                                 : enet.obj (.text.Enet_getHandles)
                  700b5f74    0000000c     --HOLE-- [fill = 0]
                  700b5f80    000000d4     freertos.am263x.r5f.ti-arm-clang.debug.lib : tasks.obj (.text.prvAddCurrentTaskToDelayedList)
[...]
700e7238  memp_REASSDATA                                                         
700e724c  memp_RX_POOL                                                           
700e7260  memp_SYS_MBOX                                                          
700e7274  memp_SYS_TIMEOUT                                                       
700e7288  memp_TCPIP_MSG_API                                                     
700e729c  memp_TCPIP_MSG_INPKT                                                   
700e72b0  memp_TCP_PCB                                                           
700e72c4  memp_TCP_PCB_LISTEN                                                    
700e72d8  memp_TCP_SEG                                                           
700e72ec  memp_UDP_PCB                                                           
700e7324  tcp_pcb_lists                                                          
700e7344  gMpuConfig                                                             
700e7360  gCacheConfig                                                           
700e7368  gEnetPhyDrvTbl                                                         
700e7378  gXTALInfo                                                              
700e738d  ethbroadcast                                                           
700e7393  ethzero                                                                
700e73a0  gCacheL1dCacheLineSize                                                 
700e73a4  gCacheL1pCacheLineSize                                                 
700e73a8  ip_addr_any                                                            
700e73ac  ip_addr_broadcast                                                      
700e73b0  uxTopUsedPriority                                                      
700e73c0  __BSS_START                                                            
700e73c0  memp_memory_POOL_1568_base                                             
700f9fdf  memp_memory_POOL_4096_base                                             
700fe080  gMainTaskStack                                                         
70102080  memp_memory_POOL_128_base                                              
70105f1f  memp_memory_NETBUF_base                                                
70106f3e  memp_memory_PBUF_base                                                  
70107f5d  memp_memory_TCPIP_MSG_API_base                                         
70108f7c  memp_memory_TCPIP_MSG_INPKT_base                                       
70109f9b  memp_memory_TCP_SEG_base                                               
7010afbc  gHwiCtrl                                                               
7010ebc8  ip_data                                                                
7010f9a0  gPollTaskStack                                                         
701105a0  memp_memory_SYS_MBOX_base                                              
70111a80  memp_memory_RX_POOL_base                                               
701122a0  gIpcRpmsgCtrl                                                          
70113910  gPktRxTaskStack                                                        
70113d10  gPktTxTaskStack                                                        
70114110  memp_memory_ARP_QUEUE_base                                             
701144ef  memp_memory_TCP_PCB_base                                               
70114b00  memp_memory_NETCONN_base                                               
701154e0  memp_memory_SYS_TIMEOUT_base                                           
70115d48  gFreePbufArr                                                           
70115f48  lwip_stats                                                             
70116148  memp_memory_FRAG_PBUF_base                                             
70116348  gEepromObject_CAT24M                                                   
7011667c  memp_memory_ALTCP_PCB_base                                             
701167db  memp_memory_NETDB_base                                                 
7011693a  memp_memory_REASSDATA_base                                             
70116a9c  _CIOBUF_                                                               
70116a9c  __CIOBUF_                                                              
70116bbc  memp_memory_IGMP_GROUP_base                                            
70116cdb  memp_memory_TCP_PCB_LISTEN_base                                        
70116dfa  memp_memory_UDP_PCB_base                                               
7011701c  xQueueRegistry                                                         
7011720c  gEnetUtilsObj                                                          
701172e4  gAckReplyMsgObject                                                     
701173a4  gIpcNotifyCtrl                                                         
70117454  __TI_tmpnams                                                           
701174f8  gTaskP_ctrl                                                            
70117598  pollTask                                                               
70117638  rxTask                                                                 
701176d8  txTask                                                                 
70117810  pollSem                                                                
701178a8  rxPktSem                                                               
70117940  shutDownSemObj                                                         
701179d8  txPktSem                                                               
70117b88  gMainTaskObj                                                           
70117c98  memp_memory_RAW_PCB_base                                               
70117d18  pollLinkClkObj                                                         
70117dd0  gRovDummyQueue                                                         
70117e20  gEnetOsalObj                                                           
70117e60  gClockCtrl                                                             
70117ef1  pbuf_free_ooseq_pending                                                
70117ef4  dhcp_rx_options_val                                                    
70117f40  memp_memory_PBUF_POOL_base                                             
70117f5f  shutDownFlag                                                           
70118180  virtToPhymap                                                           
70118190  pfreeQ                                                                 
7011819c  dhcp_rx_options_given                                                  
701181b0  parmbuf                                                                
7011827c  gEepromHandle                                                          
70118280  gI2cHandle                                                             
70118284  gMainTask                                                              
70118288  gUartHandle                                                            
7011828c  g_pNetif                                                               
70118290  lock_tcpip_core                                                        
70118294  netif_default                                                          
70118298  netif_list                                                             
7011829c  tcp_active_pcbs                                                        
701182a0  tcp_bound_pcbs                                                         
701182a4  tcp_input_pcb                                                          
701182a8  tcp_listen_pcbs                                                        
701182ac  tcp_ticks                                                              
701182b0  tcp_tw_pcbs                                                            
701182b4  udp_pcbs                                                               
701182b8  tcp_active_pcbs_changed                                                
701182c0  __BSS_END                                                              
701182c0  _sys_memory                                                            
70120790  __stack                                                                
70122790  __STACK_END                                                            
70122790  gEnetSoc_dmaObj                                                        
70122790  gUartDmaConfig                                                         
70124260  gEnetSoc_cpsw3g                                                        
701261f8  gEnetSoc_cpsw3gMacObj                                                  
70126b38  gIpcNotifyMailboxConfig                                                
70126c38  _ftable                                                                
7012776c  _device                                                                
70127978  gUartParams                                                            
70127a1c  _stream                                                                
70127d04  FreeRTOS_errno                                                         
70127d08  gEnetSoc_cpsw3gSocCfg                                                  
70127d40  gIpcNotifyInterruptConfig_r5fss0_1                                     
70127e34  gSocModulesClockFrequency                                              
70127e64  gEnetPhyDrvDp83869                                                     
70127e8c  gEnetPhyDrvGeneric                                                     
701280ac  gClockConfig                                                           
701280c0  Cpsw_gSpeedNames                                                       
701280d0  gEepromFxns_CAT24M                                                     
701280e0  gIpcNotifyCoreIntrBitPos                                               
701280f0  gSocModules                                                            
70128100  Cpsw_gDuplexNames                                                      
70128118  gEepromAttrs_CAT24M                                                    
70128124  gEepromConfig                                                          
70128130  gEnetSoc_perObj                                                        
7012813c  gI2cParams                                                             
70128148  __TI_cleanup_ptr                                                       
7012814c  __TI_dtors_ptr                                                         
70128150  gEepromParams                                                          
70128158  gI2cConfig                                                             
70128168  gUartConfig                                                            
70128180  __TI_ft_end                                                            
70128184  _lock                                                                  
70128188  _unlock                                                                
70128194  gDebugLogZone                                                          
70128198  gDebugP_uartDrvIndex                                                   
7012819c  gEepromConfigNum                                                       
701281a0  gEnetOsalHwiAllocCnt                                                   
701281a4  gEnetOsalHwiPeak                                                       
701281a8  gEnetOsalSemAllocCnt                                                   
701281ac  gEnetOsalSemPeak                                                       
701281b0  gHwiConfig                                                             
701281b4  gI2cConfigNum                                                          
701281b8  gIpcNotifyInterruptConfigNum_r5fss0_1                                  
701281bc  gUartConfigNum                                                         
701281c0  gUartDmaConfigNum                                                      
701281cc  pxCurrentTCB                                                           
701281d4  ulPortInterruptNesting                                                 
701281d8  ulPortSchedularRunning                                                 
701281dc  ulPortTaskHasFPUContext                                                
701281e0  ulPortYieldRequired                                                    
70128248  gEnetTrace_runtimeLevel                                                
7012824a  isMapAvailable                                                         
7012c281  HwiP_enableInt                                                         
7012c2c1  HwiP_disableInt                                                        
7012c321  HwiP_restoreInt                                                        
7012c351  HwiP_clearInt                                                          
7012c391  HwiP_post                                                              
7012c3d1  HwiP_Params_init                                                       
7012c401  HwiP_construct                                                         
7012c601  HwiP_destruct                                                          
7012c671  HwiP_init                                                              
7012c821  HwiP_inISR                                                             
7012c851  HwiP_irq_handler_c                                                     
7012c991  HwiP_fiq_handler                                                       
7012cb01  HwiP_reserved_handler                                                  
7012cb41  HwiP_undefined_handler                                                 
7012cb81  HwiP_prefetch_abort_handler                                            
7012cbc1  HwiP_data_abort_handler_c                                              
7012cbf4  vPortRestoreTaskContext                                                
7012cc2c  HwiP_svc_handler                                                       
7012cc9c  HwiP_irq_handler                                                       
7012cde0  HwiP_disable                                                           
7012cdf0  HwiP_disableFIQ                                                        
7012ce00  HwiP_enable                                                            
7012ce10  HwiP_enableFIQ                                                         
7012ce20  HwiP_restore                                                           
7012ce28  HwiP_enableVIC                                                         
7012ce38  HwiP_disableVIC                                                        
7012ce48  HwiP_getCPSR                                                           
7012ce50  HwiP_data_abort_handler                                                
7012ce90  CacheP_disableL1d                                                      
7012ceb8  CacheP_disableL1p                                                      
7012ced0  CacheP_enableL1d                                                       
7012cee8  CacheP_enableL1p                                                       
7012cf00  CacheP_invL1d                                                          
7012cf38  CacheP_invL1p                                                          
7012cf74  CacheP_invL1dAll                                                       
7012cf7c  CacheP_invL1pAll                                                       
7012cf84  CacheP_wb                                                              
7012cfc0  CacheP_wbInv                                                           
7012cffc  CacheP_wbAll                                                           
7012d0a4  CacheP_wbInvAll                                                        
7012d0bc  CacheP_wbInvAllAsm                                                     
7012d15c  CacheP_getEnabled                                                      
7012d194  CacheP_getCacheLevelInfo                                               
7012d1a0  CacheP_configForceWrThru                                               
7012d1c0  CacheP_setDLFO                                                         
7012d1d1  CacheP_init                                                            
7012d261  CacheP_disable                                                         
7012d2b1  CacheP_enable                                                          
7012d2f1  CacheP_inv                                                             
7012d331  MpuP_RegionAttrs_init                                                  
7012d361  MpuP_setRegion                                                         
7012d451  MpuP_isEnable                                                          
7012d461  MpuP_disable                                                           
7012d4a1  MpuP_enable                                                            
7012d4e1  MpuP_init                                                              
7012d578  MpuP_disableAsm                                                        
7012d590  MpuP_disableBRAsm                                                      
7012d5a0  MpuP_enableAsm                                                         
7012d5b8  MpuP_enableBRAsm                                                       
7012d5c8  MpuP_isEnableAsm                                                       
7012d5dc  MpuP_setRegionAsm                                                      
7012d5f0  _c_int00_sbl                                                           
7012d614  _c_int00                                                               
7012d6f1  _DebugP_assertNoLog                                                    
7012d721  __mpu_init                                                             
7012d730  C$$EXIT                                                                
7012d730  abort                                                                  
7012d738  __IRQ_STACK_START                                                      
7012d838  __FIQ_STACK_START                                                      
7012d838  __IRQ_STACK_END                                                        
7012d938  __FIQ_STACK_END                                                        
7012d938  __SVC_STACK_START                                                      
7012e938  __ABORT_STACK_START                                                    
7012e938  __SVC_STACK_END                                                        
7012ea38  __ABORT_STACK_END                                                      
7012ea38  __UNDEFINED_STACK_START                                                
7012eb38  __UNDEFINED_STACK_END                                                  
72000000  gRPMessageVringMem                                                     
ffffffff  __TI_pprof_out_hndl                                                    
ffffffff  __TI_prof_data_size                                                    
ffffffff  __TI_prof_data_start                                                   
ffffffff  __binit__                                                              
ffffffff  binit                                                                  
UNDEFED   __TI_CINIT_Base                                                        
UNDEFED   __TI_CINIT_Limit                                                       
UNDEFED   __TI_Handler_Table_Base                                                
UNDEFED   __TI_Handler_Table_Limit                                               
UNDEFED   _system_post_cinit                                                     

[1281 symbols]
