******************************************************************************
            TI ARM Clang Linker PC v2.1.2                      
******************************************************************************
>> Linked Tue May 16 20:20:42 2023

OUTPUT FILE NAME:   <enet_cpsw_tcpserver_am263x-lp_r5fss0-0_freertos_ti-arm-clang.out>
ENTRY POINT SYMBOL: "_vectors"  address: 00000000


MEMORY CONFIGURATION

         name            origin    length      used     unused   attr    fill
----------------------  --------  ---------  --------  --------  ----  --------
  R5F_VECS              00000000   00000040  00000040  00000000  RWIX
  R5F_TCMA0             00000040   00003fc0  00000000  00003fc0  RWIX
  R5F_TCMA1             00004000   00002000  00000000  00002000  RWIX
  R5F_TCMA2             00006000   00002000  00000000  00002000  RWIX
  R5F_TCMB1             00080000   00004000  00000000  00004000  RWIX
  R5F_TCMB2             00084000   00004000  00000000  00004000  RWIX
  FLASH                 60100000   00080000  00000000  00080000  RWIX
  LOG_SHM_MEM           70040000   00004000  00000000  00004000  RWIX
  CPPI_DESC             70080000   00004000  00000a00  00003600  RWIX
  OCRAM                 70084000   0017c000  0007b5d0  00100a30  RWIX
  RTOS_NORTOS_IPC_SHM_M 72000000   00003e80  00000000  00003e80  RWIX


SEGMENT ALLOCATION MAP

run origin  load origin   length   init length attrs members
----------  ----------- ---------- ----------- ----- -------
00000000    00000000    00000040   00000040    r-x
  00000000    00000000    00000040   00000040    r-x .vectors
70084000    70084000    0003a210   00000000    rw-
  70084000    70084000    0002fd40   00000000    rw- .bss
  700b3d40    700b3d40    000084d0   00000000    rw- .sysmem
  700bc210    700bc210    00002000   00000000    rw- .stack
700be210    700be210    00036320   00036320    r-x
  700be210    700be210    00026520   00026520    r-x .text
  700e4730    700e4730    0000fe00   0000fe00    r-- .rodata
700f4530    700f4530    00004db8   00004db8    rw-
  700f4530    700f4530    00004db8   00004db8    rw- .data
700fd300    700fd300    000022e8   00000ee8    r-x
  700fd300    700fd300    00000778   00000778    r-x .text.hwi
  700fda78    700fda78    00000430   00000430    r-x .text.cache
  700fdea8    700fdea8    00000208   00000208    r-x .text.mpu
  700fe0b0    700fe0b0    00000130   00000130    r-x .text.boot
  700fe1e0    700fe1e0    00000008   00000008    r-x .text:abort
  700fe1e8    700fe1e8    00000100   00000000    r-- .irqstack
  700fe2e8    700fe2e8    00000100   00000000    r-- .fiqstack
  700fe3e8    700fe3e8    00001000   00000000    r-- .svcstack
  700ff3e8    700ff3e8    00000100   00000000    r-- .abortstack
  700ff4e8    700ff4e8    00000100   00000000    r-- .undefinedstack


SECTION ALLOCATION MAP

 output                                  attributes/
section   page    origin      length       input sections
--------  ----  ----------  ----------   ----------------
.vectors   0    00000000    00000040     
                  00000000    00000040     freertos.am263x.r5f.ti-arm-clang.release.lib : HwiP_armv7r_vectors_freertos_asm.obj (.vectors)

.bss       0    70084000    0002fd40     UNINITIALIZED
                  70084000    00012c1f     (.common:memp_memory_POOL_1568_base)
                  70096c1f    0000409f     (.common:memp_memory_POOL_4096_base)
                  7009acbe    00000002     lwip-freertos.am263x.r5f.ti-arm-clang.release.lib : ip4.obj (.bss.ip_id)
                  7009acc0    00004000     (.common:gMainTaskStack)
                  7009ecc0    00003e9f     (.common:memp_memory_POOL_128_base)
                  700a2b5f    0000101f     (.common:memp_memory_NETBUF_base)
                  700a3b7e    0000101f     (.common:memp_memory_PBUF_base)
                  700a4b9d    0000101f     (.common:memp_memory_TCPIP_MSG_API_base)
                  700a5bbc    0000101f     (.common:memp_memory_TCPIP_MSG_INPKT_base)
                  700a6bdb    0000101f     (.common:memp_memory_TCP_SEG_base)
                  700a7bfa    00000001                                                       : etharp.obj (.bss.etharp_cached_entry)
                  700a7bfb    00000001                                                       : netif.obj (.bss.netif_num)
                  700a7bfc    00001008     (.common:gHwiCtrl)
                  700a8c04    00001000     freertos.am263x.r5f.ti-arm-clang.release.lib : port.obj (.bss.uxIdleTaskStack)
                  700a9c04    00000004     lwip-freertos.am263x.r5f.ti-arm-clang.release.lib : dhcp.obj (.bss.dhcp_create_msg.xid)
                  700a9c08    00000e00     ti_enet_config.o (.bss.gAppPktInfoMem_MediumPool)
                  700aaa08    00000e00     ti_enet_config.o (.bss.gAppPktInfoMem_SmallPool)
                  700ab808    00000018     (.common:ip_data)
                  700ab820    00000dc0     ti_enet_open_close.o (.bss.gEnetAppSysCfgObj)
                  700ac5e0    00000b1f     (.common:memp_memory_SYS_MBOX_base)
                  700ad0ff    00000001     lwip-freertos.am263x.r5f.ti-arm-clang.release.lib : tcp.obj (.bss.tcp_timer)
                  700ad100    000009c0     enet-cpsw.am263x.r5f.ti-arm-clang.release.lib : enet_osal_dflt.obj (.bss.gOsalSemPEnetOsalPool)
                  700adac0    0000081f     (.common:memp_memory_RX_POOL_base)
                  700ae2df    00000001     lwip-freertos.am263x.r5f.ti-arm-clang.release.lib : tcp.obj (.bss.tcp_timer_ctr)
                  700ae2e0    00000700     ti_enet_config.o (.bss.gAppPktInfoMemOnly)
                  700ae9e0    00000440     lwip-freertos.am263x.r5f.ti-arm-clang.release.lib : dns.obj (.bss.dns_table)
                  700aee20    00000400     freertos.am263x.r5f.ti-arm-clang.release.lib : port.obj (.bss.uxTimerTaskStack)
                  700af220    00000400     (.common:gPktRxTaskStack)
                  700af620    00000400     (.common:gPktTxTaskStack)
                  700afa20    00000400     (.common:gPollTaskStack)
                  700afe20    000003df     (.common:memp_memory_ARP_QUEUE_base)
                  700b01ff    0000033f     (.common:memp_memory_TCP_PCB_base)
                  700b053e    00000001     (.common:pbuf_free_ooseq_pending)
                  700b053f    00000001     (.common:shutDownFlag)
                  700b0540    000002c0     ti_enet_config.o (.bss:ENET_CPDMA_OBJ_MEM)
                  700b0800    0000029f     (.common:memp_memory_NETCONN_base)
                  700b0a9f    00000001     (.common:tcp_active_pcbs_changed)
                  700b0aa0    00000280     ti_drivers_config.o (.bss.gUartObjects)
                  700b0d20    00000280     freertos.am263x.r5f.ti-arm-clang.release.lib : tasks.obj (.bss.pxReadyTasksLists)
                  700b0fa0    00000240     enet-cpsw.am263x.r5f.ti-arm-clang.release.lib : enet_osal_dflt.obj (.bss.gOsalHwiPEnetOsalPool)
                  700b11e0    0000023f     (.common:memp_memory_SYS_TIMEOUT_base)
                  700b141f    00000001     --HOLE--
                  700b1420    00000228                                                   : enetphy.obj (.bss.gEnetPhy_phyObjs)
                  700b1648    00000200     ti_enet_config.o (.bss.gAppPktInfoContainerMem_MediumPool)
                  700b1848    00000200     ti_enet_config.o (.bss.gAppPktInfoContainerMem_SmallPool)
                  700b1a48    00000200     (.common:gFreePbufArr)
                  700b1c48    00000200     (.common:lwip_stats)
                  700b1e48    000001ff     (.common:memp_memory_FRAG_PBUF_base)
                  700b2047    00000001     --HOLE--
                  700b2048    000001ac     (.common:gEepromObject_CAT24M)
                  700b21f4    00000188     ti_drivers_config.o (.bss.gI2cObjects)
                  700b237c    0000015f     (.common:memp_memory_ALTCP_PCB_base)
                  700b24db    0000015f     (.common:memp_memory_NETDB_base)
                  700b263a    0000015f     (.common:memp_memory_REASSDATA_base)
                  700b2799    00000003     --HOLE--
                  700b279c    00000120     libsysbm.a : trgmsg.c.obj (.bss:_CIOBUF_)
                  700b28bc    0000011f     (.common:memp_memory_IGMP_GROUP_base)
                  700b29db    0000011f     (.common:memp_memory_TCP_PCB_LISTEN_base)
                  700b2afa    0000011f     (.common:memp_memory_UDP_PCB_base)
                  700b2c19    00000100     freertos.am263x.r5f.ti-arm-clang.release.lib : timers.obj (.bss.prvCheckForValidListAndQueue.ucStaticTimerQueueStorage)
                  700b2d19    00000003     --HOLE--
                  700b2d1c    00000100     (.common:xQueueRegistry)
                  700b2e1c    000000f0     lwip-freertos.am263x.r5f.ti-arm-clang.release.lib : etharp.obj (.bss.arp_table)
                  700b2f0c    000000d8     (.common:gEnetUtilsObj)
                  700b2fe4    000000a0     (.common:__TI_tmpnams)
                  700b3084    00000004                                                       : netif.obj (.bss.ext_callback)
                  700b3088    000000a0     (.common:gTaskP_ctrl)
                  700b3128    000000a0     (.common:pollTask)
                  700b31c8    000000a0     (.common:rxTask)
                  700b3268    000000a0     (.common:txTask)
                  700b3308    00000098     freertos.am263x.r5f.ti-arm-clang.release.lib : DebugP_freertos.obj (.bss.gDebugLogLockObj)
                  700b33a0    00000098     (.common:pollSem)
                  700b3438    00000098     (.common:rxPktSem)
                  700b34d0    00000098     (.common:shutDownSemObj)
                  700b3568    00000098     (.common:txPktSem)
                  700b3600    0000008c                                                  : port.obj (.bss.xIdleTaskTCB)
                  700b368c    0000008c                                                  : port.obj (.bss.xTimerTaskTCB)
                  700b3718    0000008c     (.common:gMainTaskObj)
                  700b37a4    00000084     ti_enet_lwipif.o (.bss.gNetif)
                  700b3828    0000007f     (.common:memp_memory_RAW_PCB_base)
                  700b38a7    00000001     --HOLE--
                  700b38a8    00000068     (.common:pollLinkClkObj)
                  700b3910    00000050     freertos.am263x.r5f.ti-arm-clang.release.lib : timers.obj (.bss.prvCheckForValidListAndQueue.xStaticTimerQueue)
                  700b3960    00000050     (.common:gRovDummyQueue)
                  700b39b0    0000003c     (.common:gEnetOsalObj)
                  700b39ec    00000004                                                  : HwiP_armv7r_handlers_freertos.obj (.bss.gdummy)
                  700b39f0    00000038     (.common:gClockCtrl)
                  700b3a28    00000034     app_main.o (.bss.g_netifDhcp)
                  700b3a5c    00000028     (.common:dhcp_rx_options_val)
                  700b3a84    00000004     freertos.am263x.r5f.ti-arm-clang.release.lib : HwiP_armv7r_vim.obj (.bss.gdummy)
                  700b3a88    00000024     enet-cpsw.am263x.r5f.ti-arm-clang.release.lib : enet_cpdma_priv.obj (.bss.gCpswDmaMemMgrObj)
                  700b3aac    0000001f     (.common:memp_memory_PBUF_POOL_base)
                  700b3acb    00000010     lwip-freertos.am263x.r5f.ti-arm-clang.release.lib : ip4_addr.obj (.bss.ip4addr_ntoa.str)
                  700b3adb    00000001     --HOLE--
                  700b3adc    00000010                                                       : memp.obj (.bss.memp_stats_ALTCP_PCB)
                  700b3aec    00000010                                                       : memp.obj (.bss.memp_stats_ARP_QUEUE)
                  700b3afc    00000010                                                       : memp.obj (.bss.memp_stats_FRAG_PBUF)
                  700b3b0c    00000010                                                       : memp.obj (.bss.memp_stats_IGMP_GROUP)
                  700b3b1c    00000010                                                       : memp.obj (.bss.memp_stats_NETBUF)
                  700b3b2c    00000010                                                       : memp.obj (.bss.memp_stats_NETCONN)
                  700b3b3c    00000010                                                       : memp.obj (.bss.memp_stats_NETDB)
                  700b3b4c    00000010                                                       : memp.obj (.bss.memp_stats_PBUF)
                  700b3b5c    00000010                                                       : memp.obj (.bss.memp_stats_PBUF_POOL)
                  700b3b6c    00000010                                                       : memp.obj (.bss.memp_stats_POOL_128)
                  700b3b7c    00000010                                                       : memp.obj (.bss.memp_stats_POOL_1568)
                  700b3b8c    00000010                                                       : memp.obj (.bss.memp_stats_POOL_4096)
                  700b3b9c    00000010                                                       : memp.obj (.bss.memp_stats_RAW_PCB)
                  700b3bac    00000010                                                       : memp.obj (.bss.memp_stats_REASSDATA)
                  700b3bbc    00000010     ti_enet_lwipif.o (.bss.memp_stats_RX_POOL)
                  700b3bcc    00000010     lwip-freertos.am263x.r5f.ti-arm-clang.release.lib : memp.obj (.bss.memp_stats_SYS_MBOX)
                  700b3bdc    00000010                                                       : memp.obj (.bss.memp_stats_SYS_TIMEOUT)
                  700b3bec    00000010                                                       : memp.obj (.bss.memp_stats_TCPIP_MSG_API)
                  700b3bfc    00000010                                                       : memp.obj (.bss.memp_stats_TCPIP_MSG_INPKT)
                  700b3c0c    00000010                                                       : memp.obj (.bss.memp_stats_TCP_PCB)
                  700b3c1c    00000010                                                       : memp.obj (.bss.memp_stats_TCP_PCB_LISTEN)
                  700b3c2c    00000010                                                       : memp.obj (.bss.memp_stats_TCP_SEG)
                  700b3c3c    00000010                                                       : memp.obj (.bss.memp_stats_UDP_PCB)
                  700b3c4c    00000010     (.common:virtToPhymap)
                  700b3c5c    0000000c     (.common:pfreeQ)
                  700b3c68    0000000a     (.common:dhcp_rx_options_given)
                  700b3c72    00000008     (.common:parmbuf)
                  700b3c7a    00000002     --HOLE--
                  700b3c7c    00000004                                                       : ip4.obj (.bss.ip4_default_multicast_netif)
                  700b3c80    00000004                                                       : memp.obj (.bss.memp_tab_ALTCP_PCB)
                  700b3c84    00000004                                                       : memp.obj (.bss.memp_tab_ARP_QUEUE)
                  700b3c88    00000004                                                       : memp.obj (.bss.memp_tab_FRAG_PBUF)
                  700b3c8c    00000004                                                       : memp.obj (.bss.memp_tab_IGMP_GROUP)
                  700b3c90    00000004                                                       : memp.obj (.bss.memp_tab_NETBUF)
                  700b3c94    00000004                                                       : memp.obj (.bss.memp_tab_NETCONN)
                  700b3c98    00000004                                                       : memp.obj (.bss.memp_tab_NETDB)
                  700b3c9c    00000004                                                       : memp.obj (.bss.memp_tab_PBUF)
                  700b3ca0    00000004                                                       : memp.obj (.bss.memp_tab_PBUF_POOL)
                  700b3ca4    00000004                                                       : memp.obj (.bss.memp_tab_POOL_128)
                  700b3ca8    00000004                                                       : memp.obj (.bss.memp_tab_POOL_1568)
                  700b3cac    00000004                                                       : memp.obj (.bss.memp_tab_POOL_4096)
                  700b3cb0    00000004                                                       : memp.obj (.bss.memp_tab_RAW_PCB)
                  700b3cb4    00000004                                                       : memp.obj (.bss.memp_tab_REASSDATA)
                  700b3cb8    00000004     ti_enet_lwipif.o (.bss.memp_tab_RX_POOL)
                  700b3cbc    00000004     lwip-freertos.am263x.r5f.ti-arm-clang.release.lib : memp.obj (.bss.memp_tab_SYS_MBOX)
                  700b3cc0    00000004                                                       : memp.obj (.bss.memp_tab_SYS_TIMEOUT)
                  700b3cc4    00000004                                                       : memp.obj (.bss.memp_tab_TCPIP_MSG_API)
                  700b3cc8    00000004                                                       : memp.obj (.bss.memp_tab_TCPIP_MSG_INPKT)
                  700b3ccc    00000004                                                       : memp.obj (.bss.memp_tab_TCP_PCB)
                  700b3cd0    00000004                                                       : memp.obj (.bss.memp_tab_TCP_PCB_LISTEN)
                  700b3cd4    00000004                                                       : memp.obj (.bss.memp_tab_TCP_SEG)
                  700b3cd8    00000004                                                       : memp.obj (.bss.memp_tab_UDP_PCB)
                  700b3cdc    00000004                                                       : raw.obj (.bss.raw_pcbs)
                  700b3ce0    00000004     libc.a : memory.c.obj (.bss.sys_free)
                  700b3ce4    00000004     (.common:gEepromHandle)
                  700b3ce8    00000004     (.common:gI2cHandle)
                  700b3cec    00000004     (.common:gMainTask)
                  700b3cf0    00000004     (.common:gUartHandle)
                  700b3cf4    00000004     (.common:g_pNetif)
                  700b3cf8    00000004     (.common:lock_tcpip_core)
                  700b3cfc    00000004     (.common:netif_default)
                  700b3d00    00000004     (.common:netif_list)
                  700b3d04    00000004     (.common:tcp_active_pcbs)
                  700b3d08    00000004     (.common:tcp_bound_pcbs)
                  700b3d0c    00000004     (.common:tcp_input_pcb)
                  700b3d10    00000004     (.common:tcp_listen_pcbs)
                  700b3d14    00000004     (.common:tcp_ticks)
                  700b3d18    00000004     (.common:tcp_tw_pcbs)
                  700b3d1c    00000004     (.common:udp_pcbs)
                  700b3d20    00000001     lwip-freertos.am263x.r5f.ti-arm-clang.release.lib : timeouts.obj (.bss.tcpip_tcp_timer_active)
                  700b3d21    0000001f     --HOLE--

.sysmem    0    700b3d40    000084d0     UNINITIALIZED
                  700b3d40    00000010     libc.a : memory.c.obj (.sysmem)
                  700b3d50    000084c0     --HOLE--

.stack     0    700bc210    00002000     UNINITIALIZED
                  700bc210    00000004     freertos.am263x.r5f.ti-arm-clang.release.lib : boot_armv7r_asm.obj (.stack)
                  700bc214    00001ffc     --HOLE--

.text      0    700be210    00026520     
                  700be210    00000cb4     lwip-freertos.am263x.r5f.ti-arm-clang.release.lib : tcp_in.obj (.text.tcp_input)
                  700beec4    00000894                                                       : tcp_in.obj (.text.tcp_receive)
                  700bf758    00000008     enet-cpsw.am263x.r5f.ti-arm-clang.release.lib : csl_cpsw.obj (.text.CSL_CPSW_isAleVlanAwareEnabled)
                  700bf760    000007d6     ti_enet_open_close.o (.text.EnetApp_driverOpen)
                  700bff36    00000002     freertos.am263x.r5f.ti-arm-clang.release.lib : AddrTranslateP_null.obj (.text.AddrTranslateP_getLocalAddr)
                  700bff38    00000734     lwip-freertos.am263x.r5f.ti-arm-clang.release.lib : tcp_out.obj (.text.tcp_write)
                  700c066c    00000630     enet-cpsw.am263x.r5f.ti-arm-clang.release.lib : enetphy.obj (.text.EnetPhy_tick)
                  700c0c9c    00000610                                                   : enet_cpdma.obj (.text.EnetCpdma_dequeueTx)
                  700c12ac    000005b4                                                   : cpsw.obj (.text.Cpsw_open)
                  700c1860    000005a8     freertos.am263x.r5f.ti-arm-clang.release.lib : printf.obj (.text._vsnprintf)
                  700c1e08    00000530     lwip-freertos.am263x.r5f.ti-arm-clang.release.lib : dhcp.obj (.text.dhcp_recv)
                  700c2338    000004fc     enet-cpsw.am263x.r5f.ti-arm-clang.release.lib : enet_cpdma.obj (.text.EnetCpdma_dequeueRx)
                  700c2834    000004e0     lwip-freertos.am263x.r5f.ti-arm-clang.release.lib : tcp.obj (.text.tcp_slowtmr)
                  700c2d14    0000046c                                                       : ip4_frag.obj (.text.ip4_reass)
                  700c3180    00000454     drivers.am263x.r5f.ti-arm-clang.release.lib : uart_v0.obj (.text.UART_open)
                  700c35d4    00000410     enet-cpsw.am263x.r5f.ti-arm-clang.release.lib : cpsw_ioctl.obj (.text.Cpsw_internalIoctl_handler_ENET_PER_IOCTL_OPEN_PORT_LINK)
                  700c39e4    00000400     drivers.am263x.r5f.ti-arm-clang.release.lib : soc_rcm.obj (.text.SOC_rcmEnablePeripheralClock)
                  700c3de4    000003fc     enet-cpsw.am263x.r5f.ti-arm-clang.release.lib : cpsw_ale.obj (.text.CpswAle_open)
                  700c41e0    000003f8     lwip-freertos.am263x.r5f.ti-arm-clang.release.lib : ip4.obj (.text.ip4_input)
                  700c45d8    000003e4     libc.a : _printfi.c.obj (.text:__TI_printfi_minimal)
                  700c49bc    000003d0     lwip-freertos.am263x.r5f.ti-arm-clang.release.lib : tcp_out.obj (.text.tcp_output)
                  700c4d8c    000003a8     lwipif-cpsw-freertos.am263x.r5f.ti-arm-clang.release.lib : lwip2enet.obj (.text.Lwip2Enet_open)
                  700c5134    00000388     enet-cpsw.am263x.r5f.ti-arm-clang.release.lib : enet_cpdma.obj (.text.EnetCpdma_enqueueRx)
                  700c54bc    00000364                                                   : enet_rm.obj (.text.EnetRm_detachCore)
                  700c5820    00000348                                                   : enet_rm.obj (.text.EnetRm_open)
                  700c5b68    00000328                                                   : enet_cpdma.obj (.text.EnetCpdma_enqueueTx)
                  700c5e90    0000031c     drivers.am263x.r5f.ti-arm-clang.release.lib : i2c_v1.obj (.text.I2C_hwiFxn)
                  700c61ac    00000318     enet-cpsw.am263x.r5f.ti-arm-clang.release.lib : cpsw.obj (.text.Cpsw_periodicTick)
                  700c64c4    00000318                                                   : dp83869.obj (.text.Dp83869_printRegs)
                  700c67dc    00000318     lwip-freertos.am263x.r5f.ti-arm-clang.release.lib : api_msg.obj (.text.lwip_netconn_do_writemore)
                  700c6af4    00000314     enet-cpsw.am263x.r5f.ti-arm-clang.release.lib : enet_osal.obj (.text.EnetOsal_init)
                  700c6e08    0000030c     lwip-freertos.am263x.r5f.ti-arm-clang.release.lib : udp.obj (.text.udp_input)
                  700c7114    00000004     enet-cpsw.am263x.r5f.ti-arm-clang.release.lib : csl_cpsw.obj (.text.CSL_CPSW_getAleControlReg)
                  700c7118    000002d8     freertos.am263x.r5f.ti-arm-clang.release.lib : printf.obj (.text._etoa)
                  700c73f0    000002c4     enet-cpsw.am263x.r5f.ti-arm-clang.release.lib : cpsw_macport.obj (.text.CpswMacPort_open)
                  700c76b4    00000004                                                   : csl_cpsw.obj (.text.CSL_CPSW_getAleIPv6LowEntryIndex)
                  700c76b8    000002bc     freertos.am263x.r5f.ti-arm-clang.release.lib : printf.obj (.text._ftoa)
                  700c7974    000002b4     lwip-freertos.am263x.r5f.ti-arm-clang.release.lib : icmp.obj (.text.icmp_input)
                  700c7c28    00000248     drivers.am263x.r5f.ti-arm-clang.release.lib : i2c_v1.obj (.text.I2C_open)
                  700c7e70    00000248     lwip-freertos.am263x.r5f.ti-arm-clang.release.lib : udp.obj (.text.udp_sendto_if_src)
                  700c80b8    00000240                                                       : ip4_frag.obj (.text.ip4_frag)
                  700c82f8    0000023c     enet-cpsw.am263x.r5f.ti-arm-clang.release.lib : dp83869.obj (.text.Dp83869_config)
                  700c8534    00000238                                                   : mdio.obj (.text.Mdio_open)
                  700c876c    00000238     lwip-freertos.am263x.r5f.ti-arm-clang.release.lib : api_msg.obj (.text.lwip_netconn_do_close_internal)
                  700c89a4    00000224     enet-cpsw.am263x.r5f.ti-arm-clang.release.lib : enet_rm.obj (.text.EnetRm_close)
                  700c8bc8    00000220     lwip-freertos.am263x.r5f.ti-arm-clang.release.lib : tcp.obj (.text.tcp_close_shutdown)
                  700c8de8    00000212     drivers.am263x.r5f.ti-arm-clang.release.lib : i2c_v1.obj (.text.I2C_primeTransfer)
                  700c8ffa    00000002     enet-cpsw.am263x.r5f.ti-arm-clang.release.lib : cpsw_stats.obj (.text.CpswStats_close)
                  700c8ffc    00000200                                                   : enet_cpdma.obj (.text.EnetCpdma_netChOpen)
                  700c91fc    00000200     freertos.am263x.r5f.ti-arm-clang.release.lib : timers.obj (.text.prvTimerTask)
                  700c93fc    000001ec     enet-cpsw.am263x.r5f.ti-arm-clang.release.lib : cpsw.obj (.text.Cpsw_internalIoctl_handler_ENET_PER_IOCTL_REGISTER_IOCTL_HANDLER)
                  700c95e8    000001ec     lwip-freertos.am263x.r5f.ti-arm-clang.release.lib : tcp_out.obj (.text.tcp_split_unsent_seg)
                  700c97d4    000001e8     enet-cpsw.am263x.r5f.ti-arm-clang.release.lib : cpsw_cpts_ioctl.obj (.text.CpswCpts_ioctl_handler_CPSW_CPTS_IOCTL_HANDLE_INTR)
                  700c99bc    000001e8     drivers.am263x.r5f.ti-arm-clang.release.lib : uart_v0.obj (.text.UART_write)
                  700c9ba4    000001e4     enet-cpsw.am263x.r5f.ti-arm-clang.release.lib : enet_appmemutils.obj (.text.EnetMem_init)
                  700c9d88    000001e0                                                   : cpsw.obj (.text.Cpsw_handleLinkDown)
                  700c9f68    000001e0                                                   : cpsw.obj (.text.Cpsw_ioctl)
                  700ca148    000001e0     drivers.am263x.r5f.ti-arm-clang.release.lib : soc_rcm.obj (.text.SOC_rcmSetPeripheralClock)
                  700ca328    000001d4     lwipif-cpsw-freertos.am263x.r5f.ti-arm-clang.release.lib : lwip2enet.obj (.text.Lwip2Enet_rxPktHandler)
                  700ca4fc    000001d0     drivers.am263x.r5f.ti-arm-clang.release.lib : uart_v0.obj (.text.UART_controllerIsr)
                  700ca6cc    000001d0     libclang_rt.builtins.a : udivsi3.S.obj (.text)
                  700ca89c    000001b8     libc.a : memory.c.obj (.text.aligned_alloc)
                  700caa54    000001b8     lwip-freertos.am263x.r5f.ti-arm-clang.release.lib : etharp.obj (.text.etharp_query)
                  700cac0c    000001b8     libc.a : memory.c.obj (.text.free)
                  700cadc4    000001b8     lwip-freertos.am263x.r5f.ti-arm-clang.release.lib : ip4.obj (.text.ip4_output_if_opt_src)
                  700caf7c    000001b4                                                       : etharp.obj (.text.etharp_input)
                  700cb130    000001b2     app_main.o (.text.appMain)
                  700cb2e2    00000002     enet-cpsw.am263x.r5f.ti-arm-clang.release.lib : enet_apputils.obj (.text.EnetAppUtils_enableClocks)
                  700cb2e4    000001a4     libc.a : fputs.c.obj (.text.fputs)
                  700cb488    000001a4     freertos.am263x.r5f.ti-arm-clang.release.lib : queue.obj (.text.xQueueSemaphoreTake)
                  700cb62c    00000004     enet-cpsw.am263x.r5f.ti-arm-clang.release.lib : csl_cpsw.obj (.text.CSL_CPSW_setAleControlReg)
                  700cb630    0000019a     ti_enet_lwipif.o (.text.LwipifEnetApp_startSchedule)
                  700cb7ca    00000002     enet-cpsw.am263x.r5f.ti-arm-clang.release.lib : enet_queue.obj (.text.EnetQueue_verifyQCount)
                  700cb7cc    00000194     lwip-freertos.am263x.r5f.ti-arm-clang.release.lib : netif.obj (.text.netif_add)
                  700cb960    0000018c     enet-cpsw.am263x.r5f.ti-arm-clang.release.lib : enet_cpdma.obj (.text.EnetCpdma_open)
                  700cbaec    00000188     lwip-freertos.am263x.r5f.ti-arm-clang.release.lib : tcp_out.obj (.text.tcp_enqueue_flags)
                  700cbc74    00000184                                                       : dhcp.obj (.text.dhcp_coarse_tmr)
                  700cbdf8    00000184     freertos.am263x.r5f.ti-arm-clang.release.lib : queue.obj (.text.xQueueGenericSend)
                  700cbf7c    00000180     lwip-freertos.am263x.r5f.ti-arm-clang.release.lib : dhcp.obj (.text.dhcp_select)
                  700cc0fc    00000174     freertos.am263x.r5f.ti-arm-clang.release.lib : TaskP_freertos.obj (.text.TaskP_construct)
                  700cc270    00000174     lwip-freertos.am263x.r5f.ti-arm-clang.release.lib : etharp.obj (.text.etharp_output)
                  700cc3e4    00000170     drivers.am263x.r5f.ti-arm-clang.release.lib : soc.obj (.text.SOC_phyToVirt)
                  700cc554    00000170     lwip-freertos.am263x.r5f.ti-arm-clang.release.lib : tcp.obj (.text.tcp_alloc)
                  700cc6c4    0000000c     enet-cpsw.am263x.r5f.ti-arm-clang.release.lib : csl_cpgmac_sl.obj (.text.CSL_CPGMAC_SL_getMacControlReg)
                  700cc6d0    0000016c     ti_enet_lwipif.o (.text.LwipifEnetAppCb_getRxHandleInfo)
                  700cc83c    00000168     lwip-freertos.am263x.r5f.ti-arm-clang.release.lib : dns.obj (.text.dns_send)
                  700cc9a4    00000164                                                       : etharp.obj (.text.etharp_find_entry)
                  700ccb08    00000160     enet-cpsw.am263x.r5f.ti-arm-clang.release.lib : enetphy.obj (.text.EnetPhy_open)
                  700ccc68    00000154                                                   : cpsw_est_ioctl.obj (.text.CpswEst_ioctl_handler_ENET_TAS_IOCTL_SET_STATE)
                  700ccdbc    00000154     freertos.am263x.r5f.ti-arm-clang.release.lib : queue.obj (.text.xQueueReceive)
                  700ccf10    00000150     enet-cpsw.am263x.r5f.ti-arm-clang.release.lib : enet_cpdma_priv.obj (.text.EnetCpdma_memMgrInit)
                  700cd060    0000014c     app_tcpserver.o (.text.AppTcp_ServerTask)
                  700cd1ac    0000014c     lwipif-cpsw-freertos.am263x.r5f.ti-arm-clang.release.lib : lwip2enet.obj (.text.Lwip2Enet_close)
                  700cd2f8    00000148     lwip-freertos.am263x.r5f.ti-arm-clang.release.lib : api_msg.obj (.text.lwip_netconn_do_delconn)
                  700cd440    00000144     enet-cpsw.am263x.r5f.ti-arm-clang.release.lib : enet_rm_ioctl.obj (.text.EnetRm_ioctl_handler_ENET_RM_IOCTL_ALLOC_MAC_ADDR)
                  700cd584    00000144     lwip-freertos.am263x.r5f.ti-arm-clang.release.lib : api_msg.obj (.text.err_tcp)
                  700cd6c8    00000144     libc.a : setvbuf.c.obj (.text.setvbuf)
                  700cd80c    00000004     enet-cpsw.am263x.r5f.ti-arm-clang.release.lib : csl_cpdma.obj (.text.CSL_CPSW_setCpdmaRxBufOffset)
                  700cd810    00000140     ti_enet_open_close.o (.text.EnetApp_driverClose)
                  700cd950    00000140     drivers.am263x.r5f.ti-arm-clang.release.lib : soc.obj (.text.SOC_virtToPhy)
                  700cda90    00000140     lwip-freertos.am263x.r5f.ti-arm-clang.release.lib : pbuf.obj (.text.pbuf_copy)
                  700cdbd0    0000013c     lwipif-cpsw-freertos.am263x.r5f.ti-arm-clang.release.lib : lwip2enet.obj (.text.Lwip2Enet_sendTxPackets)
                  700cdd0c    0000013c     lwip-freertos.am263x.r5f.ti-arm-clang.release.lib : igmp.obj (.text.igmp_input)
                  700cde48    00000138     enet-cpsw.am263x.r5f.ti-arm-clang.release.lib : csl_cpsw.obj (.text.CSL_CPSW_getAlePolicerEntry)
                  700cdf80    00000138     ti_enet_open_close.o (.text.EnetApp_closeTxDma)
                  700ce0b8    00000138     lwip-freertos.am263x.r5f.ti-arm-clang.release.lib : dhcp.obj (.text.dhcp_create_msg)
                  700ce1f0    00000138                                                       : api_lib.obj (.text.netconn_recv_data)
                  700ce328    00000134     enet-cpsw.am263x.r5f.ti-arm-clang.release.lib : cpsw_ale.obj (.text.CpswAle_addVlan)
                  700ce45c    00000134                                                   : mdio_manual_ioctl.obj (.text.Mdio_manual_ioctl_handler_ENET_MDIO_IOCTL_C45_READ)
                  700ce590    00000134     lwip-freertos.am263x.r5f.ti-arm-clang.release.lib : pbuf.obj (.text.pbuf_alloc)
                  700ce6c4    00000130     enet-cpsw.am263x.r5f.ti-arm-clang.release.lib : csl_cpsw.obj (.text.CSL_CPSW_setAlePolicerEntry)
                  700ce7f4    0000012c                                                   : cpsw_macport_ioctl.obj (.text.CpswMacPort_ioctl_handler_CPSW_MACPORT_IOCTL_ENABLE)
                  700ce920    0000012c                                                   : enet_apputils.obj (.text.EnetAppUtils_initResourceConfig)
                  700cea4c    0000012c     drivers.am263x.r5f.ti-arm-clang.release.lib : uart_v0.obj (.text.UART_close)
                  700ceb78    0000012c     lwip-freertos.am263x.r5f.ti-arm-clang.release.lib : ip4_frag.obj (.text.ip_reass_free_complete_datagram)
                  700ceca4    00000128     freertos.am263x.r5f.ti-arm-clang.release.lib : ClockP_freertos_r5.obj (.text.ClockP_init)
                  700cedcc    00000128     lwip-freertos.am263x.r5f.ti-arm-clang.release.lib : tcp.obj (.text.tcp_abandon)
                  700ceef4    00000124     enet-cpsw.am263x.r5f.ti-arm-clang.release.lib : cpsw_ioctl.obj (.text.Cpsw_internalIoctl_handler_ENET_PER_IOCTL_ATTACH_CORE)
                  700cf018    00000122     lwipif-cpsw-freertos.am263x.r5f.ti-arm-clang.release.lib : lwip2lwipif.obj (.text.LWIPIF_LWIP_getChkSumInfo)
                  700cf13a    00000002                                                              : lwip2enet.obj (.text.Lwip2Enet_timerCb)
                  700cf13c    00000120     enet-cpsw.am263x.r5f.ti-arm-clang.release.lib : enet_appmemutils.obj (.text.EnetMem_deInit)
                  700cf25c    00000120     freertos.am263x.r5f.ti-arm-clang.release.lib : TimerP_rti.obj (.text.TimerP_setup)
                  700cf37c    0000011e     enet-cpsw.am263x.r5f.ti-arm-clang.release.lib : cpsw_ale.obj (.text.CpswAle_findVlan)
                  700cf49a    00000006                                                   : csl_cpdma.obj (.text.CSL_CPSW_disableCpdmaDmaInt)
                  700cf4a0    0000011e     ti_board_config.o (.text.EnetBoard_getMacAddrList)
                  700cf5be    00000002     freertos.am263x.r5f.ti-arm-clang.release.lib : printf.obj (.text._out_null)
                  700cf5c0    0000011c     enet-cpsw.am263x.r5f.ti-arm-clang.release.lib : enet_appmemutils.obj (.text.EnetMem_allocEthPkt)
                  700cf6dc    0000011c                                                   : enetphy.obj (.text.EnetPhy_bindDriver)
                  700cf7f8    0000011c                                                   : enet.obj (.text.Enet_open)
                  700cf914    0000011c     lwip-freertos.am263x.r5f.ti-arm-clang.release.lib : dhcp.obj (.text.dhcp_bind)
                  700cfa30    00000118     enet-cpsw.am263x.r5f.ti-arm-clang.release.lib : cpsw_macport_est.obj (.text.CpswEst_setState)
                  700cfb48    00000118     lwip-freertos.am263x.r5f.ti-arm-clang.release.lib : dns.obj (.text.dns_check_entry)
                  700cfc60    00000118                                                       : tcp.obj (.text.tcp_listen_with_backlog_and_err)
                  700cfd78    00000118     libclang_rt.builtins.a : udivmoddi4.S.obj (.text)
                  700cfe90    00000116     freertos.am263x.r5f.ti-arm-clang.release.lib : printf.obj (.text._ntoa_format)
                  700cffa6    00000002     lwip-freertos.am263x.r5f.ti-arm-clang.release.lib : dns.obj (.text.dns_init)
                  700cffa8    00000114     drivers.am263x.r5f.ti-arm-clang.release.lib : soc_rcm.obj (.text.SOC_rcmGetPeripheralClockFrequency)
                  700d00bc    00000114     lwip-freertos.am263x.r5f.ti-arm-clang.release.lib : etharp.obj (.text.etharp_raw)
                  700d01d0    00000114                                                       : pbuf.obj (.text.pbuf_free)
                  700d02e4    00000110     enet-cpsw.am263x.r5f.ti-arm-clang.release.lib : enet_rm_ioctl.obj (.text.EnetRm_ioctl_handler_ENET_RM_IOCTL_ALLOC_TX_CH_PEERID)
                  700d03f4    00000110     lwip-freertos.am263x.r5f.ti-arm-clang.release.lib : tcp_out.obj (.text.tcp_create_segment)
                  700d0504    0000000c     enet-cpsw.am263x.r5f.ti-arm-clang.release.lib : csl_cpgmac_sl.obj (.text.CSL_CPGMAC_SL_setMacControlReg)
                  700d0510    0000010e     app_cpswconfighandler.o (.text.EnetApp_initLinkArgs)
                  700d061e    0000010c     enet-cpsw.am263x.r5f.ti-arm-clang.release.lib : enet_cpdma.obj (.text.EnetCpdma_netChClose)
                  700d072a    00000002     lwip-freertos.am263x.r5f.ti-arm-clang.release.lib : mem.obj (.text.mem_init)
                  700d072c    0000010c                                                       : api_lib.obj (.text.netconn_write_vectors_partly)
                  700d0838    00000108     lwipif-cpsw-freertos.am263x.r5f.ti-arm-clang.release.lib : custom_pbuf.obj (.text.custom_pbuf_free)
                  700d0940    00000108     lwip-freertos.am263x.r5f.ti-arm-clang.release.lib : tcp.obj (.text.tcp_pcb_remove)
                  700d0a48    00000104     enet-cpsw.am263x.r5f.ti-arm-clang.release.lib : cpsw_stats_ioctl.obj (.text.CpswStats_readMacStats)
                  700d0b4c    00000104     lwip-freertos.am263x.r5f.ti-arm-clang.release.lib : api_msg.obj (.text.recv_tcp)
                  700d0c50    00000100     enet-cpsw.am263x.r5f.ti-arm-clang.release.lib : cpsw_ale_ioctl.obj (.text.CpswAle_addMcastAddr)
                  700d0d50    00000100                                                   : cpsw_ale.obj (.text.CpswAle_delPolicerEntry)
                  700d0e50    00000100                                                   : cpsw_hostport.obj (.text.CpswHostPort_open)
                  700d0f50    00000100                                                   : cpsw_stats.obj (.text.CpswStats_open)
                  700d1050    00000100                                                   : enet_cpdma.obj (.text.EnetDma_openRxCh)
                  700d1150    000000fc     lwip-freertos.am263x.r5f.ti-arm-clang.release.lib : api_msg.obj (.text.recv_udp)
                  700d124c    000000fa     enet-cpsw.am263x.r5f.ti-arm-clang.release.lib : cpsw_ale_ioctl.obj (.text.CpswAle_delPortUcastEntries)
                  700d1346    00000002     lwip-freertos.am263x.r5f.ti-arm-clang.release.lib : mem.obj (.text.mem_trim)
                  700d1348    000000f8     enet-cpsw.am263x.r5f.ti-arm-clang.release.lib : cpsw.obj (.text.Cpsw_dmaMiscIsr)
                  700d1440    000000f8     board.am263x.r5f.ti-arm-clang.release.lib : eeprom_cat24m.obj (.text.EEPROM_CAT24M_write)
                  700d1538    000000f8     enet-cpsw.am263x.r5f.ti-arm-clang.release.lib : enet.obj (.text.Enet_ioctl)
                  700d1630    000000f8     lwip-freertos.am263x.r5f.ti-arm-clang.release.lib : api_msg.obj (.text.accept_function)
                  700d1728    000000f8                                                       : dhcp.obj (.text.dhcp_reboot)
                  700d1820    000000f8                                                       : mem.obj (.text.mem_free)
                  700d1918    00000008     enet-cpsw.am263x.r5f.ti-arm-clang.release.lib : csl_cpts.obj (.text.CSL_CPTS_isRawInterruptStatusBitSet)
                  700d1920    000000f6     ti_board_config.o (.text.EnetBoard_setupPorts)
                  700d1a16    00000002     lwip-freertos.am263x.r5f.ti-arm-clang.release.lib : netif.obj (.text.netif_init)
                  700d1a18    000000f4     enet-cpsw.am263x.r5f.ti-arm-clang.release.lib : cpsw_stats_ioctl.obj (.text.CpswStats_readHostStats)
                  700d1b0c    000000f4                                                   : enet_cpdma.obj (.text.EnetDma_openTxCh)
                  700d1c00    000000f4     freertos.am263x.r5f.ti-arm-clang.release.lib : queue.obj (.text.xQueueGenericSendFromISR)
                  700d1cf4    000000f0     enet-cpsw.am263x.r5f.ti-arm-clang.release.lib : enet_appmemutils.obj (.text.EnetMem_initMemObjs)
                  700d1de4    000000f0     lwip-freertos.am263x.r5f.ti-arm-clang.release.lib : api_msg.obj (.text.lwip_netconn_do_write)
                  700d1ed4    000000f0                                                       : tcpip.obj (.text.tcpip_thread)
                  700d1fc4    000000f0                                                       : udp.obj (.text.udp_bind)
                  700d20b4    000000ec     enet-cpsw.am263x.r5f.ti-arm-clang.release.lib : cpsw_hostport.obj (.text.CpswHostPort_ioctl)
                  700d21a0    000000ec                                                   : cpsw_stats.obj (.text.CpswStats_ioctl)
                  700d228c    000000ec                                                   : mdio.obj (.text.Mdio_ioctl)
                  700d2378    000000ec     lwip-freertos.am263x.r5f.ti-arm-clang.release.lib : api_msg.obj (.text.lwip_netconn_do_listen)
                  700d2464    000000e8     enet-cpsw.am263x.r5f.ti-arm-clang.release.lib : enet_cpdma.obj (.text.EnetCpdma_txIsr)
                  700d254c    000000e8     freertos.am263x.r5f.ti-arm-clang.release.lib : tasks.obj (.text.vTaskSwitchContext)
                  700d2634    000000e4     lwip-freertos.am263x.r5f.ti-arm-clang.release.lib : api_lib.obj (.text.netconn_new_with_proto_and_callback)
                  700d2718    000000e4                                                       : raw.obj (.text.raw_input)
                  700d27fc    000000e2     enet-cpsw.am263x.r5f.ti-arm-clang.release.lib : csl_cpsw.obj (.text.CSL_CPSW_setPortRxDscpMap)
                  700d28de    00000002     freertos.am263x.r5f.ti-arm-clang.release.lib : port.obj (.text.vPortConfigTimerForRunTimeStats)
                  700d28e0    000000e0     lwip-freertos.am263x.r5f.ti-arm-clang.release.lib : inet_chksum.obj (.text.inet_chksum_pseudo_partial)
                  700d29c0    000000e0                                                       : udp.obj (.text.udp_sendto)
                  700d2aa0    000000e0     freertos.am263x.r5f.ti-arm-clang.release.lib : queue.obj (.text.xQueueGiveFromISR)
                  700d2b80    000000e0                                                  : tasks.obj (.text.xTaskIncrementTick)
                  700d2c60    000000dc     enet-cpsw.am263x.r5f.ti-arm-clang.release.lib : cpsw_cpts.obj (.text.CpswCpts_open)
                  700d2d3c    000000dc     lwip-freertos.am263x.r5f.ti-arm-clang.release.lib : dhcp.obj (.text.dhcp_renew)
                  700d2e18    000000dc                                                       : ethernet.obj (.text.ethernet_input)
                  700d2ef4    000000dc                                                       : tcp_in.obj (.text.tcp_free_acked_segments)
                  700d2fd0    000000dc                                                       : tcp_out.obj (.text.tcp_pbuf_prealloc)
                  700d30ac    00000004     enet-cpsw.am263x.r5f.ti-arm-clang.release.lib : csl_mdio.obj (.text.CSL_MDIO_getClause45EnableMask)
                  700d30b0    000000da     ti_enet_lwipif.o (.text.LwipifEnetAppCb_getEnetLwipIfInstInfo)
                  700d318a    00000002     freertos.am263x.r5f.ti-arm-clang.release.lib : port.obj (.text.vPortValidateInterruptPriority)
                  700d318c    000000d8     enet-cpsw.am263x.r5f.ti-arm-clang.release.lib : csl_cpsw_ale_9g_tblcfg.obj (.text.CSL_CPSW_setAleVlanUnicastAddrEntry)
                  700d3264    000000d8     lwip-freertos.am263x.r5f.ti-arm-clang.release.lib : dhcp.obj (.text.dhcp_arp_reply)
                  700d333c    000000d8                                                       : dhcp.obj (.text.dhcp_discover)
                  700d3414    000000d8                                                       : icmp.obj (.text.icmp_send_response)
                  700d34ec    000000d8                                                       : igmp.obj (.text.igmp_send)
                  700d35c4    000000d8                                                       : api_msg.obj (.text.lwip_netconn_do_close)
                  700d369c    000000d8                                                       : api_lib.obj (.text.netconn_accept)
                  700d3774    000000d8                                                       : pbuf.obj (.text.pbuf_realloc)
                  700d384c    000000d8     freertos.am263x.r5f.ti-arm-clang.release.lib : queue.obj (.text.xQueueGenericCreateStatic)
                  700d3924    000000d4     drivers.am263x.r5f.ti-arm-clang.release.lib : i2c_v1.obj (.text.I2C_transfer)
                  700d39f8    000000d0     enet-cpsw.am263x.r5f.ti-arm-clang.release.lib : csl_cpsw_ale_9g_tblcfg.obj (.text.CSL_CPSW_setAleUnicastAddrEntry)
                  700d3ac8    000000d0                                                   : csl_cpsw_ale_9g_tblcfg.obj (.text.CSL_CPSW_setAleVlanMcastAddrEntry)
                  700d3b98    000000d0                                                   : enet_phymdio_dflt.obj (.text.EnetPhyMdioDflt_writeC45)
                  700d3c68    000000d0     lwip-freertos.am263x.r5f.ti-arm-clang.release.lib : api_lib.obj (.text.netconn_recv)
                  700d3d38    000000d0                                                       : tcp_out.obj (.text.tcp_zero_window_probe)
                  700d3e08    00000008     enet-cpsw.am263x.r5f.ti-arm-clang.release.lib : csl_mdio.obj (.text.CSL_MDIO_clearPollEnableMask)
                  700d3e10    000000cc     app_main.o (.text.App_tcpipInitCompleteCb)
                  700d3edc    000000cc     enet-cpsw.am263x.r5f.ti-arm-clang.release.lib : cpsw_ale_ioctl.obj (.text.CpswAle_addUcastAddr)
                  700d3fa8    000000cc                                                   : enet_cpdma.obj (.text.EnetCpdma_rxIsrProc)
                  700d4074    000000cc                                                   : enet_phymdio_dflt.obj (.text.EnetPhyMdioDflt_readC45)
                  700d4140    000000cc                                                   : enet_utils.obj (.text.EnetUtils_delayNs)
                  700d420c    000000cc                                                   : mdio_manual_ioctl.obj (.text.Mdio_manual_ioctl_handler_ENET_MDIO_IOCTL_C45_WRITE)
                  700d42d8    000000cc                                                   : mdio_ioctl.obj (.text.Mdio_normal_ioctl_handler_ENET_MDIO_IOCTL_C45_READ)
                  700d43a4    000000cc     lwip-freertos.am263x.r5f.ti-arm-clang.release.lib : sys_arch.obj (.text.sys_sem_new)
                  700d4470    000000cc                                                       : tcp.obj (.text.tcp_bind)
                  700d453c    000000c8     enet-cpsw.am263x.r5f.ti-arm-clang.release.lib : csl_cpsw_ale_9g_tblcfg.obj (.text.CSL_CPSW_setAleMcastAddrEntry)
                  700d4604    000000c8                                                   : enet_phymdio_dflt.obj (.text.EnetPhyMdioDflt_readC22)
                  700d46cc    000000c8                                                   : enet_phymdio_dflt.obj (.text.EnetPhyMdioDflt_writeC22)
                  700d4794    000000c8     libc.a : getdevice.c.obj (.text.getdevice)
                  700d485c    000000c8     lwip-freertos.am263x.r5f.ti-arm-clang.release.lib : sys_arch.obj (.text.sys_arch_mbox_fetch)
                  700d4924    000000c4     enet-cpsw.am263x.r5f.ti-arm-clang.release.lib : csl_cpsw_ale_9g_tblcfg.obj (.text.CSL_CPSW_setAleOutVlanEntry)
                  700d49e8    000000c4                                                   : csl_cpsw_ale_9g_tblcfg.obj (.text.CSL_CPSW_setAleVlanEntry)
                  700d4aac    000000c4                                                   : enet.obj (.text.EnetMod_open)
                  700d4b70    000000c4     lwip-freertos.am263x.r5f.ti-arm-clang.release.lib : dhcp.obj (.text.dhcp_release_and_stop)
                  700d4c34    000000c4                                                       : pbuf.obj (.text.pbuf_take)
                  700d4cf8    000000c4     freertos.am263x.r5f.ti-arm-clang.release.lib : queue.obj (.text.xQueueReceiveFromISR)
                  700d4dbc    000000c4                                                  : tasks.obj (.text.xTaskResumeAll)
                  700d4e80    000000c0     enet-cpsw.am263x.r5f.ti-arm-clang.release.lib : cpsw_ale.obj (.text.CpswAle_ioctl)
                  700d4f40    000000c0                                                   : cpsw_cpts.obj (.text.CpswCpts_ioctl)
                  700d5000    000000c0                                                   : cpsw_macport.obj (.text.CpswMacPort_ioctl)
                  700d50c0    000000c0                                                   : mdio_manual_ioctl.obj (.text.Mdio_manualModePhyRegRead22)
                  700d5180    000000c0     lwip-freertos.am263x.r5f.ti-arm-clang.release.lib : api_msg.obj (.text.netconn_drain)
                  700d5240    000000c0     freertos.am263x.r5f.ti-arm-clang.release.lib : tasks.obj (.text.prvInitialiseNewTask)
                  700d5300    000000c0                                                  : tasks.obj (.text.xTaskCreateStatic)
                  700d53c0    000000bc     enet-cpsw.am263x.r5f.ti-arm-clang.release.lib : cpsw_ale.obj (.text.CpswAle_setPolicerControl)
                  700d547c    000000bc                                                   : enet_phymdio_dflt.obj (.text.EnetPhyMdioDflt_ioctl)
                  700d5538    000000bc                                                   : enet_rm.obj (.text.EnetRm_ioctl)
                  700d55f4    000000bc                                                   : enet.obj (.text.Enet_periodicTick)
                  700d56b0    000000bc     freertos.am263x.r5f.ti-arm-clang.release.lib : tasks.obj (.text.prvAddNewTaskToReadyList)
                  700d576c    000000b8     enet-cpsw.am263x.r5f.ti-arm-clang.release.lib : cpsw_ale.obj (.text.CpswAle_ioctl_handler_CPSW_ALE_IOCTL_REGISTER_HANDLER)
                  700d5824    000000b8                                                   : cpsw_cpts.obj (.text.CpswCpts_ioctl_handler_CPSW_CPTS_IOCTL_REGISTER_HANDLER)
                  700d58dc    000000b8                                                   : cpsw_hostport.obj (.text.CpswHostPort_ioctl_handler_CPSW_HOSTPORT_IOCTL_REGISTER_HANDLER)
                  700d5994    000000b8                                                   : cpsw_macport_est.obj (.text.CpswMacPortEst_ioctl_handler_CPSW_MACPORT_IOCTL_REGISTER_HANDLER)
                  700d5a4c    000000b8                                                   : cpsw_macport_est.obj (.text.CpswMacPort_ioctlEst)
                  700d5b04    000000b8                                                   : cpsw_macport.obj (.text.CpswMacPort_ioctl_handler_CPSW_MACPORT_IOCTL_REGISTER_HANDLER)
                  700d5bbc    000000b8                                                   : cpsw_macport_ioctl.obj (.text.CpswMacPort_ioctl_handler_ENET_MACPORT_IOCTL_SET_INGRESS_DSCP_PRI_MAP)
                  700d5c74    000000b8                                                   : cpsw_stats.obj (.text.CpswStats_ioctl_handler_CPSW_STATS_IOCTL_REGISTER_HANDLER)
                  700d5d2c    000000b8                                                   : cpsw_est.obj (.text.Cpsw_ioctlEst)
                  700d5de4    000000b8                                                   : enet_phymdio_dflt.obj (.text.EnetPhyMdioDflt_ioctl_handler_ENET_PHY_IOCTL_REGISTER_HANDLER)
                  700d5e9c    000000b8                                                   : enet_phymdio_dflt.obj (.text.EnetPhyMdioDflt_isAlive)
                  700d5f54    000000b8                                                   : enet_phymdio_dflt.obj (.text.EnetPhyMdioDflt_isLinked)
                  700d600c    000000b8                                                   : enet_rm_ioctl.obj (.text.EnetRm_ioctl_handler_ENET_RM_IOCTL_ATTACH)
                  700d60c4    000000b8                                                   : enet_rm.obj (.text.EnetRm_ioctl_handler_ENET_RM_IOCTL_REGISTER_HANDLER)
                  700d617c    000000b8                                                   : mdio.obj (.text.Mdio_ioctl_handler_MDIO_IOCTL_REGISTER_HANDLER)
                  700d6234    000000b8     lwip-freertos.am263x.r5f.ti-arm-clang.release.lib : dhcp.obj (.text.dhcp_start)
                  700d62ec    000000b8     freertos.am263x.r5f.ti-arm-clang.release.lib : timers.obj (.text.prvSampleTimeNow)
                  700d63a4    000000b4     enet-cpsw.am263x.r5f.ti-arm-clang.release.lib : cpsw_est.obj (.text.CpswEst_ioctl_handler_CPSW_EST_IOCTL_REGISTER_HANDLER)
                  700d6458    000000b4     libc.a : fclose.c.obj (.text.__TI_closefile)
                  700d650c    000000b4            : fseek.c.obj (.text.fseeko)
                  700d65c0    000000b4     lwip-freertos.am263x.r5f.ti-arm-clang.release.lib : sys_arch.obj (.text.sys_arch_sem_wait)
                  700d6674    000000b4                                                       : tcp_out.obj (.text.tcp_rst)
                  700d6728    000000b0     enet-cpsw.am263x.r5f.ti-arm-clang.release.lib : cpsw_ioctl.obj (.text.Cpsw_closePortLink)
                  700d67d8    000000b0                                                   : cpsw.obj (.text.Cpsw_handleMdioLinkStateChange)
                  700d6888    000000b0                                                   : cpsw.obj (.text.Cpsw_initCfg)
                  700d6938    000000b0                                                   : enet_cpdmautils.obj (.text.EnetAppUtils_isDescCached)
                  700d69e8    00000008                                                   : csl_mdio.obj (.text.CSL_MDIO_isStateChangeModeEnabled)
                  700d69f0    000000b0     ti_enet_open_close.o (.text.EnetApp_closeRxDma)
                  700d6aa0    000000b0     enet-cpsw.am263x.r5f.ti-arm-clang.release.lib : enet_queue.obj (.text.EnetQueue_append)
                  700d6b50    000000b0                                                   : enet_rm_ioctl.obj (.text.EnetRm_ioctl_handler_ENET_RM_IOCTL_FREE_MAC_ADDR)
                  700d6c00    000000b0                                                   : enet.obj (.text.Enet_close)
                  700d6cb0    000000b0                                                   : mdio_ioctl.obj (.text.Mdio_ioctl_handler_MDIO_IOCTL_HANDLE_INTR)
                  700d6d60    000000b0     freertos.am263x.r5f.ti-arm-clang.release.lib : TaskP_freertos.obj (.text.TaskP_loadUpdateAll)
                  700d6e10    000000ae     ti_enet_open_close.o (.text.EnetApp_getRxDmaHandle)
                  700d6ebe    000000ac     enet-cpsw.am263x.r5f.ti-arm-clang.release.lib : enetphy.obj (.text.EnetPhy_setupManual)
                  700d6f6a    00000002     --HOLE-- [fill = 0]
                  700d6f6c    000000ac                                                   : enet_rm_ioctl.obj (.text.EnetRm_allocResource)
                  700d7018    000000ac                                                   : mdio_ioctl.obj (.text.Mdio_normal_ioctl_handler_ENET_MDIO_IOCTL_C45_WRITE)
                  700d70c4    000000ac     drivers.am263x.r5f.ti-arm-clang.release.lib : soc_rcm.obj (.text.SOC_rcmGetCoreHSDivOut)
                  700d7170    000000ac                                                 : uart_v0.obj (.text.UART_divisorLatchWrite)
                  700d721c    000000ac     freertos.am263x.r5f.ti-arm-clang.release.lib : printf.obj (.text._ntoa_long_long)
                  700d72c8    000000ac     lwip-freertos.am263x.r5f.ti-arm-clang.release.lib : dns.obj (.text.dns_call_found)
                  700d7374    000000ac                                                       : mem.obj (.text.mem_malloc)
                  700d7420    000000ac                                                       : netif.obj (.text.netif_set_addr)
                  700d74cc    000000a8     enet-cpsw.am263x.r5f.ti-arm-clang.release.lib : csl_cpts.obj (.text.CSL_CPTS_setCntlReg)
                  700d7574    000000a8                                                   : cpsw_stats.obj (.text.CpswStats_resetMacStats)
                  700d761c    000000a8                                                   : enet_cpdma.obj (.text.EnetDma_closeTxCh)
                  700d76c4    000000a8                                                   : enet_rm_ioctl.obj (.text.EnetRm_allocInternalRxFlowIdx)
                  700d776c    000000a8     libc.a : fflush.c.obj (.text.fflush)
                  700d7814    000000a8     lwip-freertos.am263x.r5f.ti-arm-clang.release.lib : api_msg.obj (.text.netconn_alloc)
                  700d78bc    000000a8                                                       : udp.obj (.text.udp_sendto_if)
                  700d7964    000000a8     freertos.am263x.r5f.ti-arm-clang.release.lib : tasks.obj (.text.vTaskPriorityDisinheritAfterTimeout)
                  700d7a0c    000000a4     enet-cpsw.am263x.r5f.ti-arm-clang.release.lib : csl_cpsw.obj (.text.CSL_CPSW_setCpswControlReg)
                  700d7ab0    000000a4     libc.a : memory.c.obj (.text.split)
                  700d7b54    000000a4     lwip-freertos.am263x.r5f.ti-arm-clang.release.lib : tcp_out.obj (.text.tcp_output_control_segment)
                  700d7bf8    000000a4                                                       : tcp_in.obj (.text.tcp_parseopt)
                  700d7c9c    000000a4                                                       : tcp_out.obj (.text.tcp_rexmit)
                  700d7d40    000000a4     freertos.am263x.r5f.ti-arm-clang.release.lib : tasks.obj (.text.xTaskPriorityDisinherit)
                  700d7de4    000000a0     enet-cpsw.am263x.r5f.ti-arm-clang.release.lib : enet_cpdma.obj (.text.EnetDma_closeRxCh)
                  700d7e84    000000a0                                                   : enet_osal_dflt.obj (.text.EnetOsalDflt_registerIntr)
                  700d7f24    000000a0     libsysbm.a : hostrename.c.obj (.text.HOSTrename)
                  700d7fc4    000000a0     lwip-freertos.am263x.r5f.ti-arm-clang.release.lib : sys_arch.obj (.text.sys_arch_unprotect)
                  700d8064    000000a0                                                       : tcp_in.obj (.text.tcp_oos_insert_segment)
                  700d8104    000000a0     freertos.am263x.r5f.ti-arm-clang.release.lib : queue.obj (.text.xQueueGenericCreate)
                  700d81a4    0000009c     enet-cpsw.am263x.r5f.ti-arm-clang.release.lib : enetphy.obj (.text.EnetPhy_findCommonNwayCaps)
                  700d8240    0000009c                                                   : enet_queue.obj (.text.EnetQueue_enq)
                  700d82dc    0000009c     libc.a : _io_perm.c.obj (.text.__TI_wrt_ok)
                  700d8378    0000009c     lwip-freertos.am263x.r5f.ti-arm-clang.release.lib : api_msg.obj (.text.netconn_free)
                  700d8414    0000009c                                                       : api_msg.obj (.text.recv_raw)
                  700d84b0    0000009c                                                       : sys_arch.obj (.text.sys_arch_mbox_tryfetch)
                  700d854c    0000009c                                                       : sys_arch.obj (.text.sys_mbox_free)
                  700d85e8    0000009c                                                       : sys_arch.obj (.text.sys_mbox_trypost)
                  700d8684    0000009c                                                       : tcp.obj (.text.tcp_close_shutdown_fin)
                  700d8720    0000009c                                                       : tcp.obj (.text.tcp_process_refused_data)
                  700d87bc    0000009c                                                       : tcp.obj (.text.tcp_recved)
                  700d8858    00000098     enet-cpsw.am263x.r5f.ti-arm-clang.release.lib : cpsw.obj (.text.Cpsw_close)
                  700d88f0    00000098     libsysbm.a : hostlseek.c.obj (.text.HOSTlseek)
                  700d8988    00000098     lwipif-cpsw-freertos.am263x.r5f.ti-arm-clang.release.lib : lwip2enet.obj (.text.Lwip2Enet_submitRxPktQ)
                  700d8a20    00000098     ti_enet_lwipif.o (.text.LwipifEnetAppCb_getTxHandleInfo)
                  700d8ab8    00000098     lwip-freertos.am263x.r5f.ti-arm-clang.release.lib : dhcp.obj (.text.dhcp_handle_ack)
                  700d8b50    00000098                                                       : igmp.obj (.text.igmp_lookup_group)
                  700d8be8    00000098                                                       : ip4_addr.obj (.text.ip4addr_ntoa_r)
                  700d8c80    00000098                                                       : api_msg.obj (.text.lwip_netconn_do_newconn)
                  700d8d18    00000098                                                       : pbuf.obj (.text.pbuf_cat)
                  700d8db0    00000098                                                       : pbuf.obj (.text.pbuf_copy_partial)
                  700d8e48    00000098                                                       : sys_arch.obj (.text.sys_mbox_new)
                  700d8ee0    00000098                                                       : udp.obj (.text.udp_connect)
                  700d8f78    00000008     enet-cpsw.am263x.r5f.ti-arm-clang.release.lib : csl_mdio.obj (.text.CSL_MDIO_readMdi)
                  700d8f80    00000096     app_cpswconfighandler.o (.text.EnetApp_addMCastEntry)
                  700d9016    00000002     --HOLE-- [fill = 0]
                  700d9018    00000094     freertos.am263x.r5f.ti-arm-clang.release.lib : ClockP_freertos.obj (.text.ClockP_construct)
                  700d90ac    00000094     libsysbm.a : hostopen.c.obj (.text.HOSTopen)
                  700d9140    00000094     drivers.am263x.r5f.ti-arm-clang.release.lib : i2c_v1.obj (.text.I2C_close)
                  700d91d4    00000094     freertos.am263x.r5f.ti-arm-clang.release.lib : tasks.obj (.text.eTaskGetState)
                  700d9268    00000094     lwip-freertos.am263x.r5f.ti-arm-clang.release.lib : etharp.obj (.text.etharp_output_to_arp_index)
                  700d92fc    00000094     freertos.am263x.r5f.ti-arm-clang.release.lib : tasks.obj (.text.vTaskDelete)
                  700d9390    00000092     enet-cpsw.am263x.r5f.ti-arm-clang.release.lib : cpsw_ale_ioctl.obj (.text.CpswAle_findAddr)
                  700d9422    00000002     --HOLE-- [fill = 0]
                  700d9424    00000090                                                   : enet_rm.obj (.text.EnetRm_initCoreResourceQ)
                  700d94b4    00000090     drivers.am263x.r5f.ti-arm-clang.release.lib : uart_v0.obj (.text.UART_flushTxFifo)
                  700d9544    00000090     lwip-freertos.am263x.r5f.ti-arm-clang.release.lib : ethernet.obj (.text.ethernet_output)
                  700d95d4    00000090                                                       : api_lib.obj (.text.netconn_recv_data_tcp)
                  700d9664    00000090                                                       : pbuf.obj (.text.pbuf_take_at)
                  700d96f4    00000090                                                       : api_msg.obj (.text.poll_tcp)
                  700d9784    00000090                                                       : tcp_out.obj (.text.tcp_output_alloc_header_common)
                  700d9814    00000090                                                       : tcp.obj (.text.tcp_shutdown)
                  700d98a4    00000090     freertos.am263x.r5f.ti-arm-clang.release.lib : tasks.obj (.text.vTaskStartScheduler)
                  700d9934    0000008c     enet-cpsw.am263x.r5f.ti-arm-clang.release.lib : csl_cpsw_ale_9g_tblcfg.obj (.text.CSL_CPSW_getAleVlanUnicastAddrEntry)
                  700d99c0    0000008c     ti_enet_config.o (.text.EnetApp_coreAttach)
                  700d9a4c    00000004     enet-cpsw.am263x.r5f.ti-arm-clang.release.lib : csl_mdio.obj (.text.CSL_MDIO_getPollEnableMask)
                  700d9a50    0000008c     ti_enet_open_close.o (.text.EnetApp_getTxDmaHandle)
                  700d9adc    0000008c     enet-cpsw.am263x.r5f.ti-arm-clang.release.lib : enetphy.obj (.text.EnetPhy_rmwReg)
                  700d9b68    0000008c                                                   : enet_rm_ioctl.obj (.text.EnetRm_ioctl_handler_ENET_RM_IOCTL_ALLOC_RX_FLOW)
                  700d9bf4    0000008c                                                   : mdio_manual_ioctl.obj (.text.Mdio_manualModePhyRegAddWriteC45)
                  700d9c80    0000008c                                                   : mdio_manual_ioctl.obj (.text.Mdio_manual_ioctl_handler_ENET_MDIO_IOCTL_C22_WRITE)
                  700d9d0c    0000008c     drivers.am263x.r5f.ti-arm-clang.release.lib : uart_v0.obj (.text.UART_procLineStatusErr)
                  700d9d98    0000008c     freertos.am263x.r5f.ti-arm-clang.release.lib : printf.obj (.text._ntoa_long)
                  700d9e24    0000008c     libsysbm.a : close.c.obj (.text.close)
                  700d9eb0    0000008c     lwip-freertos.am263x.r5f.ti-arm-clang.release.lib : dhcp.obj (.text.dhcp_fine_tmr)
                  700d9f3c    0000008c                                                       : ip4.obj (.text.ip4_route)
                  700d9fc8    0000008c                                                       : tcp_out.obj (.text.tcp_rexmit_rto_prepare)
                  700da054    0000008c                                                       : tcpip.obj (.text.tcpip_init)
                  700da0e0    0000008c     freertos.am263x.r5f.ti-arm-clang.release.lib : tasks.obj (.text.xTaskCheckForTimeOut)
                  700da16c    00000088     enet-cpsw.am263x.r5f.ti-arm-clang.release.lib : cpsw_hostport_ioctl.obj (.text.CpswHostPort_ioctl_handler_ENET_HOSTPORT_IOCTL_SET_INGRESS_DSCP_PRI_MAP)
                  700da1f4    00000088                                                   : enet_cpdma.obj (.text.EnetCpdma_close)
                  700da27c    00000088     drivers.am263x.r5f.ti-arm-clang.release.lib : uart_v0.obj (.text.UART_init)
                  700da304    00000088     libc.a : fflush.c.obj (.text.__TI_doflush)
                  700da38c    00000088     lwip-freertos.am263x.r5f.ti-arm-clang.release.lib : etharp.obj (.text.etharp_free_entry)
                  700da414    00000088                                                       : netif.obj (.text.netif_do_set_ipaddr)
                  700da49c    00000088     freertos.am263x.r5f.ti-arm-clang.release.lib : port.obj (.text.pxPortInitialiseStack)
                  700da524    00000088     lwip-freertos.am263x.r5f.ti-arm-clang.release.lib : sys_arch.obj (.text.sys_arch_protect)
                  700da5ac    00000088                                                       : tcp.obj (.text.tcp_update_rcv_ann_wnd)
                  700da634    00000086     enet-cpsw.am263x.r5f.ti-arm-clang.release.lib : csl_cpsw.obj (.text.CSL_CPSW_getCpswControlReg)
                  700da6ba    00000002     --HOLE-- [fill = 0]
                  700da6bc    00000084                                                   : csl_cpsw_ale_9g_tblcfg.obj (.text.CSL_CPSW_getAleUnicastAddrEntry)
                  700da740    00000084                                                   : cpsw_ioctl.obj (.text.Cpsw_internalIoctl_handler_ENET_PER_IOCTL_DETACH_CORE)
                  700da7c4    00000084                                                   : enet_rm_ioctl.obj (.text.EnetRm_ioctl_handler_ENET_RM_IOCTL_FREE_TX_CH_PEERID)
                  700da848    00000084                                                   : enet.obj (.text.Enet_init)
                  700da8cc    00000084                                                   : enet.obj (.text.Enet_initCfg)
                  700da950    00000084     libsysbm.a : hostread.c.obj (.text.HOSTread)
                  700da9d4    00000084                : hostwrite.c.obj (.text.HOSTwrite)
                  700daa58    00000084     lwip-freertos.am263x.r5f.ti-arm-clang.release.lib : dhcp.obj (.text.dhcp_set_struct)
                  700daadc    00000084                                                       : api_msg.obj (.text.sent_tcp)
                  700dab60    00000084                                                       : sys_arch.obj (.text.sys_sem_signal)
                  700dabe4    00000084                                                       : tcp.obj (.text.tcp_fasttmr)
                  700dac68    00000084                                                       : tcp.obj (.text.tcp_pcb_purge)
                  700dacec    00000082     enet-cpsw.am263x.r5f.ti-arm-clang.release.lib : csl_cpsw.obj (.text.CSL_CPSW_setAlePortControlReg)
                  700dad6e    00000082     lwipif-cpsw-freertos.am263x.r5f.ti-arm-clang.release.lib : lwip2lwipif.obj (.text.LWIPIF_LWIP_UdpLiteValidateChkSum)
                  700dadf0    00000080     enet-cpsw.am263x.r5f.ti-arm-clang.release.lib : csl_cpsw_ale_9g_tblcfg.obj (.text.CSL_CPSW_getAleOutVlanEntry)
                  700dae70    00000080                                                   : csl_cpsw_ale_9g_tblcfg.obj (.text.CSL_CPSW_getAleVlanEntry)
                  700daef0    00000080                                                   : cpsw_cpts_ioctl.obj (.text.CpswCpts_ioctl_handler_CPSW_CPTS_IOCTL_SET_ESTF)
                  700daf70    00000080                                                   : enet_ioctlutils.obj (.text.EnetAppUtils_addHostPortEntry)
                  700daff0    00000080                                                   : enet.obj (.text.EnetMod_ioctl)
                  700db070    00000080                                                   : enetphy.obj (.text.EnetPhy_getId)
                  700db0f0    00000080                                                   : enet_rm.obj (.text.EnetRm_freeResource)
                  700db170    00000080                                                   : enet.obj (.text.Enet_getDmaHandle)
                  700db1f0    00000080     lwip-freertos.am263x.r5f.ti-arm-clang.release.lib : dhcp.obj (.text.dhcp_inc_pcb_refcount)
                  700db270    00000080     main.o (.text.main)
                  700db2f0    00000080     lwip-freertos.am263x.r5f.ti-arm-clang.release.lib : pbuf.obj (.text.pbuf_add_header_impl)
                  700db370    00000080                                                       : sys_arch.obj (.text.sys_thread_new)
                  700db3f0    00000080                                                       : tcp_out.obj (.text.tcp_rexmit_fast)
                  700db470    00000080     freertos.am263x.r5f.ti-arm-clang.release.lib : tasks.obj (.text.xTaskPriorityInherit)
                  700db4f0    0000007e     lwip-freertos.am263x.r5f.ti-arm-clang.release.lib : inet_chksum.obj (.text.inet_chksum_pseudo)
                  700db56e    00000002     --HOLE-- [fill = 0]
                  700db570    0000007c     enet-cpsw.am263x.r5f.ti-arm-clang.release.lib : csl_cpsw_ale_9g_tblcfg.obj (.text.CSL_CPSW_mapMacAddr2TableWord)
                  700db5ec    0000007c                                                   : enet_rm.obj (.text.EnetRm_getFreeQ)
                  700db668    0000007c     lwip-freertos.am263x.r5f.ti-arm-clang.release.lib : pbuf.obj (.text.pbuf_remove_header)
                  700db6e4    0000007c     freertos.am263x.r5f.ti-arm-clang.release.lib : queue.obj (.text.prvCopyDataToQueue)
                  700db760    0000007c     lwip-freertos.am263x.r5f.ti-arm-clang.release.lib : sys_arch.obj (.text.sys_mutex_lock)
                  700db7dc    0000007c     freertos.am263x.r5f.ti-arm-clang.release.lib : tasks.obj (.text.vTaskGetInfo)
                  700db858    0000007c                                                  : tasks.obj (.text.xTaskRemoveFromEventList)
                  700db8d4    00000078     enet-cpsw.am263x.r5f.ti-arm-clang.release.lib : mdio.obj (.text.Mdio_close)
                  700db94c    00000078     lwip-freertos.am263x.r5f.ti-arm-clang.release.lib : netbuf.obj (.text.netbuf_data)
                  700db9c4    00000078                                                       : sys_arch.obj (.text.sys_mutex_unlock)
                  700dba3c    00000004     enet-cpsw.am263x.r5f.ti-arm-clang.release.lib : csl_mdio.obj (.text.CSL_MDIO_setClause45EnableMask)
                  700dba40    00000076     ti_enet_lwipif.o (.text.LwipifEnetAppCb_releaseRxHandle)
                  700dbab6    0000000a     enet-cpsw.am263x.r5f.ti-arm-clang.release.lib : csl_cpdma.obj (.text.CSL_CPSW_cpdmaRxTeardown)
                  700dbac0    00000076     ti_enet_lwipif.o (.text.LwipifEnetAppCb_releaseTxHandle)
                  700dbb36    00000076     freertos.am263x.r5f.ti-arm-clang.release.lib : printf.obj (.text._out_rev)
                  700dbbac    00000074     enet-cpsw.am263x.r5f.ti-arm-clang.release.lib : cpsw.obj (.text.Cpsw_closeInternal)
                  700dbc20    00000074                                                   : cpsw_est_ioctl.obj (.text.Cpsw_setupEstf)
                  700dbc94    0000000c                                                   : csl_cpsw.obj (.text.CSL_CPSW_getAleIPv6HighEntryIndex)
                  700dbca0    00000074     board.am263x.r5f.ti-arm-clang.release.lib : eeprom_cat24m.obj (.text.EEPROM_CAT24M_read)
                  700dbd14    00000074     enet-cpsw.am263x.r5f.ti-arm-clang.release.lib : enet_apputils.obj (.text.EnetAppUtils_reduceCoreMacAllocation)
                  700dbd88    00000074                                                   : enetphy.obj (.text.EnetPhy_isAlive)
                  700dbdfc    00000074     lwip-freertos.am263x.r5f.ti-arm-clang.release.lib : ip4_frag.obj (.text.ip_reass_remove_oldest_datagram)
                  700dbe70    00000074                                                       : netif.obj (.text.netif_set_up)
                  700dbee4    00000074                                                       : tcp.obj (.text.tcp_backlog_accepted)
                  700dbf58    00000074                                                       : tcp.obj (.text.tcp_backlog_delayed)
                  700dbfcc    00000074                                                       : tcp_out.obj (.text.tcp_send_fin)
                  700dc040    00000074     freertos.am263x.r5f.ti-arm-clang.release.lib : queue.obj (.text.xQueueGenericReset)
                  700dc0b4    00000074                                                  : timers.obj (.text.xTimerCreateStatic)
                  700dc128    00000070     enet-cpsw.am263x.r5f.ti-arm-clang.release.lib : enet_queue.obj (.text.EnetQueue_deq)
                  700dc198    00000070     lwip-freertos.am263x.r5f.ti-arm-clang.release.lib : memp.obj (.text.do_memp_malloc_pool)
                  700dc208    00000070                                                       : netif.obj (.text.netif_set_link_up)
                  700dc278    00000070                                                       : sys_arch.obj (.text.sys_mutex_new)
                  700dc2e8    00000070                                                       : sys_arch.obj (.text.sys_sem_free)
                  700dc358    00000070                                                       : tcp_out.obj (.text.tcp_send_empty_ack)
                  700dc3c8    00000070     freertos.am263x.r5f.ti-arm-clang.release.lib : timers.obj (.text.xTimerCreateTimerTask)
                  700dc438    00000008     enet-cpsw.am263x.r5f.ti-arm-clang.release.lib : csl_mdio.obj (.text.CSL_MDIO_setPollEnableMask)
                  700dc440    0000006e     ti_board_config.o (.text.EnetBoard_findPortCfg)
                  700dc4ae    00000002     --HOLE-- [fill = 0]
                  700dc4b0    0000006c     enet-cpsw.am263x.r5f.ti-arm-clang.release.lib : cpsw_cpts_ioctl.obj (.text.CpswCpts_calcPpmVal)
                  700dc51c    0000006c                                                   : cpsw_stats.obj (.text.CpswStats_resetHostStats)
                  700dc588    0000006c                                                   : enet_queue.obj (.text.EnetQueue_copyQ)
                  700dc5f4    0000006c                                                   : enet.obj (.text.Enet_getHandles)
                  700dc660    0000006c     libsysbm.a : hostunlink.c.obj (.text.HOSTunlink)
                  700dc6cc    0000006c     lwipif-cpsw-freertos.am263x.r5f.ti-arm-clang.release.lib : lwip2enet.obj (.text.Lwip2Enet_periodicFxn)
                  700dc738    00000008     enet-cpsw.am263x.r5f.ti-arm-clang.release.lib : enet_osal.obj (.text.EnetOsal_disableAllIntr)
                  700dc740    0000006c     ti_enet_lwipif.o (.text.LwipifEnetApp_netifOpen)
                  700dc7ac    0000006c     libc.a : aeabi_portable.c.obj (.text.__aeabi_assert)
                  700dc818    0000006c            : getdevice.c.obj (.text.finddevice)
                  700dc884    0000006c     lwip-freertos.am263x.r5f.ti-arm-clang.release.lib : timeouts.obj (.text.sys_timeout_abs)
                  700dc8f0    0000006c                                                       : tcp_in.obj (.text.tcp_input_delayed_close)
                  700dc95c    0000006c                                                       : tcpip.obj (.text.tcpip_inpkt)
                  700dc9c8    0000006c     freertos.am263x.r5f.ti-arm-clang.release.lib : queue.obj (.text.xQueueCreateCountingSemaphoreStatic)
                  700dca34    0000006c                                                  : timers.obj (.text.xTimerGenericCommand)
                  700dcaa0    0000006a     enet-cpsw.am263x.r5f.ti-arm-clang.release.lib : csl_cpsw.obj (.text.CSL_CPSW_setPTypeReg)
                  700dcb0a    00000068                                                   : csl_cpsw.obj (.text.CSL_CPSW_setPortEstConfig)
                  700dcb72    00000002     --HOLE-- [fill = 0]
                  700dcb74    00000068                                                   : dp83869.obj (.text.Dp83869_rmwExtReg)
[...]
700e448d  CSL_CPTS_popEvent                                                      
700e4497  CSL_MDIO_disableStateChangeMode                                        
700e44a1  CSL_MDIO_disableStateMachine                                           
700e44ab  CSL_MDIO_disableStatusChangeModeInterrupt                              
700e44b5  CSL_MDIO_enableStateChangeMode                                         
700e44bf  CSL_MDIO_enableStateMachine                                            
700e44c9  CSL_MDIO_enableStatusChangeModeInterrupt                               
700e44d3  CSL_MDIO_isPhyAlive                                                    
700e44dd  CSL_MDIO_isPhyLinked                                                   
700e44e7  CSL_MDIO_isUnmaskedLinkStatusChangeIntSet                              
700e44f1  CSL_MDIO_setMdclkHigh                                                  
700e44fb  CSL_MDIO_setMdclkLow                                                   
700e4505  CSL_MDIO_setMdoHigh                                                    
700e450f  CSL_MDIO_setMdoInputEnable                                             
700e4519  CSL_MDIO_setMdoLow                                                     
700e4523  CSL_MDIO_setMdoOutputEnable                                            
700e452d  CpswAle_setAlePortState                                                
700e4537  Cpsw_getDmaHandle                                                      
700e4541  EnetApp_getEnetInstInfo                                                
700e4551  EnetApp_getEnetInstMacInfo                                             
700e455b  Cpsw_internalIoctl_handler_default                                     
700e4561  EnetCpdmaMem_getCfg                                                    
700e456b  EnetDma_initRxChParams                                                 
700e4575  EnetDma_initTxChParams                                                 
700e4581  EnetMem_getCfg                                                         
700e4595  TimerP_getReloadCount                                                  
700e45ab  TimerP_start                                                           
700e45b5  vApplicationIdleHook                                                   
700e45df  EnetOsal_restoreAllIntr                                                
700e45f1  EnetRm_rejoin                                                          
700e45f7  LWIPIF_LWIP_rxPktHandler                                               
700e4603  LWIPIF_LWIP_txPktHandler                                               
700e460f  SOC_moduleClockEnable                                                  
700e461b  SemaphoreP_destruct                                                    
700e4621  TaskP_exit                                                             
700e4627  netconn_close                                                          
700e4633  pbuf_add_header                                                        
700e4639  pbuf_header_force                                                      
700e4645  tcp_abort                                                              
700e464b  tcp_new_ip_type                                                        
700e4651  vListInitialiseItem                                                    
700e4661  Board_driversOpen                                                      
700e4671  EnetApp_releaseHandleInfo                                              
700e4679  Enet_initOsalCfg                                                       
700e467d  Enet_initUtilsCfg                                                      
700e4681  EnetBoard_getId                                                        
700e468d  Mdio_rejoin                                                            
700e4691  EnetSoc_getCoreId                                                      
700e4695  TaskP_yield                                                            
700e4698  _nop                                                                   
700e469c  fseek                                                                  
700e46a1  EnetSoc_getEnetNum                                                     
700e46a5  lwip_htonl                                                             
700e46a9  lwip_htons                                                             
700e46ac  remove                                                                 
700e46b1  EnetSoc_getTxChPeerId                                                  
700e46b5  sys_now                                                                
700e46b8  __aeabi_memcpy                                                         
700e46b8  __aeabi_memcpy4                                                        
700e46b8  __aeabi_memcpy8                                                        
700e46d0  __aeabi_idiv0                                                          
700e46e0  __aeabi_ldiv0                                                          
700e46f1  putchar_                                                               
700e4701  Board_init                                                             
700e4711  EnetSoc_deinit                                                         
700f39e0  gMpuRegionSizeInBytes                                                  
700f3d60  memp_pools                                                             
700f3e08  gMpuRegionConfig                                                       
700f406c  lwip_cyclic_timers                                                     
700f40a4  gADPLLJConfigTbl                                                       
700f4108  I2C_defaultTransaction                                                 
700f4260  gPeripheralClkSrcInfoMap                                               
700f42a8  memp_ALTCP_PCB                                                         
700f42bc  memp_ARP_QUEUE                                                         
700f42d0  memp_FRAG_PBUF                                                         
700f42e4  memp_IGMP_GROUP                                                        
700f42f8  memp_NETBUF                                                            
700f430c  memp_NETCONN                                                           
700f4320  memp_NETDB                                                             
700f4334  memp_PBUF                                                              
700f4348  memp_PBUF_POOL                                                         
700f435c  memp_POOL_128                                                          
700f4370  memp_POOL_1568                                                         
700f4384  memp_POOL_4096                                                         
700f4398  memp_RAW_PCB                                                           
700f43ac  memp_REASSDATA                                                         
700f43c0  memp_RX_POOL                                                           
700f43d4  memp_SYS_MBOX                                                          
700f43e8  memp_SYS_TIMEOUT                                                       
700f43fc  memp_TCPIP_MSG_API                                                     
700f4410  memp_TCPIP_MSG_INPKT                                                   
700f4424  memp_TCP_PCB                                                           
700f4438  memp_TCP_PCB_LISTEN                                                    
700f444c  memp_TCP_SEG                                                           
700f4460  memp_UDP_PCB                                                           
700f4486  netconn_aborted                                                        
700f4487  netconn_closed                                                         
700f4488  tcp_pcb_lists                                                          
700f44a5  netconn_reset                                                          
700f44cc  gMpuConfig                                                             
700f44e8  gCacheConfig                                                           
700f44f0  gEnetPhyDrvTbl                                                         
700f4500  ethbroadcast                                                           
700f4506  ethzero                                                                
700f4518  gCacheL1dCacheLineSize                                                 
700f451c  gCacheL1pCacheLineSize                                                 
700f4520  ip_addr_any                                                            
700f4524  ip_addr_broadcast                                                      
700f4528  uxTopUsedPriority                                                      
700f4530  gEnetSoc_dmaObj                                                        
700f4530  gUartDmaConfig                                                         
700f6000  gEnetSoc_cpsw3g                                                        
700f7f98  gEnetSoc_cpsw3gMacObj                                                  
700f86b8  _ftable                                                                
700f8cd0  _device                                                                
700f8e1c  gUartParams                                                            
700f8ec0  _stream                                                                
700f8f5c  pxCurrentTCB                                                           
700f8f60  FreeRTOS_errno                                                         
700f901c  __TI_ft_end                                                            
700f9020  gEnetSoc_cpsw3gSocCfg                                                  
700f90bc  gSocModulesClockFrequency                                              
700f90ec  gEnetPhyDrvDp83869                                                     
700f9114  gEnetPhyDrvGeneric                                                     
700f9198  gClockConfig                                                           
700f91ac  gEnetOsalHwiAllocCnt                                                   
700f91b0  gEnetOsalHwiPeak                                                       
700f91b4  gEnetOsalSemAllocCnt                                                   
700f91b8  gEnetOsalSemPeak                                                       
700f91bc  ulCriticalNesting                                                      
700f91c0  ulPortYieldRequired                                                    
700f91c4  ulPortInterruptNesting                                                 
700f91c8  ulPortSchedularRunning                                                 
700f91cc  gEepromFxns_CAT24M                                                     
700f91dc  gSocModules                                                            
700f91f8  gEepromAttrs_CAT24M                                                    
700f9204  gEepromConfig                                                          
700f9210  gEnetSoc_perObj                                                        
700f921c  gI2cParams                                                             
700f9230  __TI_cleanup_ptr                                                       
700f9234  __TI_dtors_ptr                                                         
700f9258  gEepromParams                                                          
700f9260  gI2cConfig                                                             
700f9270  gUartConfig                                                            
700f9288  _lock                                                                  
700f928c  _unlock                                                                
700f9290  gDebugLogZone                                                          
700f9294  gDebugP_uartDrvIndex                                                   
700f9298  gEepromConfigNum                                                       
700f929c  gHwiConfig                                                             
700f92a0  gI2cConfigNum                                                          
700f92a4  gUartConfigNum                                                         
700f92a8  gUartDmaConfigNum                                                      
700f92b8  ulPortTaskHasFPUContext                                                
700f92e1  gEnetTrace_runtimeLevel                                                
700f92e3  isMapAvailable                                                         
700fd301  HwiP_enableInt                                                         
700fd329  HwiP_disableInt                                                        
700fd359  HwiP_restoreInt                                                        
700fd365  HwiP_clearInt                                                          
700fd385  HwiP_post                                                              
700fd3ad  HwiP_Params_init                                                       
700fd3c1  HwiP_construct                                                         
700fd4e9  HwiP_destruct                                                          
700fd561  HwiP_init                                                              
700fd621  HwiP_inISR                                                             
700fd634  vPortRestoreTaskContext                                                
700fd66c  HwiP_svc_handler                                                       
700fd6dc  HwiP_irq_handler                                                       
700fd821  HwiP_irq_handler_c                                                     
700fd8b1  HwiP_fiq_handler                                                       
700fd931  HwiP_reserved_handler                                                  
700fd957  HwiP_undefined_handler                                                 
700fd97d  HwiP_prefetch_abort_handler                                            
700fd9a3  HwiP_data_abort_handler_c                                              
700fd9c8  HwiP_disable                                                           
700fd9d8  HwiP_disableFIQ                                                        
700fd9e8  HwiP_enable                                                            
700fd9f8  HwiP_enableFIQ                                                         
700fda08  HwiP_restore                                                           
700fda10  HwiP_enableVIC                                                         
700fda20  HwiP_disableVIC                                                        
700fda30  HwiP_getCPSR                                                           
700fda38  HwiP_data_abort_handler                                                
700fda78  CacheP_disableL1d                                                      
700fdaa0  CacheP_disableL1p                                                      
700fdab8  CacheP_enableL1d                                                       
700fdad0  CacheP_enableL1p                                                       
700fdae8  CacheP_invL1d                                                          
700fdb20  CacheP_invL1p                                                          
700fdb5c  CacheP_invL1dAll                                                       
700fdb64  CacheP_invL1pAll                                                       
700fdb6c  CacheP_wb                                                              
700fdba8  CacheP_wbInv                                                           
700fdbe4  CacheP_wbAll                                                           
700fdc8c  CacheP_wbInvAll                                                        
700fdca4  CacheP_wbInvAllAsm                                                     
700fdd44  CacheP_getEnabled                                                      
700fdd7c  CacheP_getCacheLevelInfo                                               
700fdd88  CacheP_configForceWrThru                                               
700fdda8  CacheP_setDLFO                                                         
700fddb9  CacheP_init                                                            
700fde11  CacheP_disable                                                         
700fde4b  CacheP_enable                                                          
700fde6b  CacheP_inv                                                             
700fdea9  MpuP_RegionAttrs_init                                                  
700fdeb7  MpuP_setRegion                                                         
700fdf5b  MpuP_isEnable                                                          
700fdf5f  MpuP_disable                                                           
700fdf91  MpuP_enable                                                            
700fdfc9  MpuP_init                                                              
700fe028  MpuP_disableAsm                                                        
700fe040  MpuP_disableBRAsm                                                      
700fe050  MpuP_enableAsm                                                         
700fe068  MpuP_enableBRAsm                                                       
700fe078  MpuP_isEnableAsm                                                       
700fe08c  MpuP_setRegionAsm                                                      
700fe0b0  _c_int00_sbl                                                           
700fe0d4  _c_int00                                                               
700fe1ad  _DebugP_assertNoLog                                                    
700fe1d1  __mpu_init                                                             
700fe1e0  C$$EXIT                                                                
700fe1e0  abort                                                                  
700fe1e8  __IRQ_STACK_START                                                      
700fe2e8  __FIQ_STACK_START                                                      
700fe2e8  __IRQ_STACK_END                                                        
700fe3e8  __FIQ_STACK_END                                                        
700fe3e8  __SVC_STACK_START                                                      
700ff3e8  __ABORT_STACK_START                                                    
700ff3e8  __SVC_STACK_END                                                        
700ff4e8  __ABORT_STACK_END                                                      
700ff4e8  __UNDEFINED_STACK_START                                                
700ff5e8  __UNDEFINED_STACK_END                                                  
ffffffff  __TI_pprof_out_hndl                                                    
ffffffff  __TI_prof_data_size                                                    
ffffffff  __TI_prof_data_start                                                   
ffffffff  __binit__                                                              
ffffffff  binit                                                                  
UNDEFED   __TI_CINIT_Base                                                        
UNDEFED   __TI_CINIT_Limit                                                       
UNDEFED   __TI_Handler_Table_Base                                                
UNDEFED   __TI_Handler_Table_Limit                                               
UNDEFED   _system_post_cinit                                                     

[1216 symbols]
